<?xml version="1.0" encoding="ISO-8859-1" ?>
<link_info>
   <banner>TMS320C2000 Linker PC v22.6.0.LTS</banner>
   <copyright>Copyright (c) 1996-2018 Texas Instruments Incorporated</copyright>
   <link_time>0x673e44e5</link_time>
   <link_errors>0x0</link_errors>
   <output_file>Ex_13_0.out</output_file>
   <entry_point>
      <name>_c_int00</name>
      <address>0xa94f</address>
   </entry_point>
   <input_file_list>
      <input_file id="fl-2">
         <path>.\</path>
         <kind>object</kind>
         <file>Ex_13_0.obj</file>
         <name>Ex_13_0.obj</name>
      </input_file>
      <input_file id="fl-3">
         <path>.\</path>
         <kind>object</kind>
         <file>Ex_13_0_adc.obj</file>
         <name>Ex_13_0_adc.obj</name>
      </input_file>
      <input_file id="fl-4">
         <path>.\</path>
         <kind>object</kind>
         <file>Ex_13_0_command.obj</file>
         <name>Ex_13_0_command.obj</name>
      </input_file>
      <input_file id="fl-5">
         <path>.\</path>
         <kind>object</kind>
         <file>Ex_13_0_gpio.obj</file>
         <name>Ex_13_0_gpio.obj</name>
      </input_file>
      <input_file id="fl-6">
         <path>.\</path>
         <kind>object</kind>
         <file>Ex_13_0_interrupts.obj</file>
         <name>Ex_13_0_interrupts.obj</name>
      </input_file>
      <input_file id="fl-7">
         <path>.\</path>
         <kind>object</kind>
         <file>Ex_13_0_pwm.obj</file>
         <name>Ex_13_0_pwm.obj</name>
      </input_file>
      <input_file id="fl-8">
         <path>.\</path>
         <kind>object</kind>
         <file>Ex_13_0_sci.obj</file>
         <name>Ex_13_0_sci.obj</name>
      </input_file>
      <input_file id="fl-9">
         <path>.\</path>
         <kind>object</kind>
         <file>Ex_13_0_stepMotor.obj</file>
         <name>Ex_13_0_stepMotor.obj</name>
      </input_file>
      <input_file id="fl-a">
         <path>.\</path>
         <kind>object</kind>
         <file>F2806x_CodeStartBranch.obj</file>
         <name>F2806x_CodeStartBranch.obj</name>
      </input_file>
      <input_file id="fl-b">
         <path>.\</path>
         <kind>object</kind>
         <file>F2806x_CpuTimers.obj</file>
         <name>F2806x_CpuTimers.obj</name>
      </input_file>
      <input_file id="fl-c">
         <path>.\</path>
         <kind>object</kind>
         <file>F2806x_DefaultIsr.obj</file>
         <name>F2806x_DefaultIsr.obj</name>
      </input_file>
      <input_file id="fl-d">
         <path>.\</path>
         <kind>object</kind>
         <file>F2806x_GlobalVariableDefs.obj</file>
         <name>F2806x_GlobalVariableDefs.obj</name>
      </input_file>
      <input_file id="fl-e">
         <path>.\</path>
         <kind>object</kind>
         <file>F2806x_Gpio.obj</file>
         <name>F2806x_Gpio.obj</name>
      </input_file>
      <input_file id="fl-f">
         <path>.\</path>
         <kind>object</kind>
         <file>F2806x_PieCtrl.obj</file>
         <name>F2806x_PieCtrl.obj</name>
      </input_file>
      <input_file id="fl-10">
         <path>.\</path>
         <kind>object</kind>
         <file>F2806x_PieVect.obj</file>
         <name>F2806x_PieVect.obj</name>
      </input_file>
      <input_file id="fl-11">
         <path>.\</path>
         <kind>object</kind>
         <file>F2806x_SysCtrl.obj</file>
         <name>F2806x_SysCtrl.obj</name>
      </input_file>
      <input_file id="fl-12">
         <path>.\</path>
         <kind>object</kind>
         <file>F2806x_usDelay.obj</file>
         <name>F2806x_usDelay.obj</name>
      </input_file>
      <input_file id="fl-17">
         <kind>object</kind>
         <file>&lt;internal&gt;</file>
         <name>&lt;internal&gt;</name>
      </input_file>
      <input_file id="fl-23">
         <path>C:\ti\ccs1220\ccs\tools\compiler\ti-cgt-c2000_22.6.0.LTS\lib\</path>
         <kind>archive</kind>
         <file>rts2800_fpu32.lib</file>
         <name>sprintf.c.obj</name>
      </input_file>
      <input_file id="fl-24">
         <path>C:\ti\ccs1220\ccs\tools\compiler\ti-cgt-c2000_22.6.0.LTS\lib\</path>
         <kind>archive</kind>
         <file>rts2800_fpu32.lib</file>
         <name>sscanf.c.obj</name>
      </input_file>
      <input_file id="fl-25">
         <path>C:\ti\ccs1220\ccs\tools\compiler\ti-cgt-c2000_22.6.0.LTS\lib\</path>
         <kind>archive</kind>
         <file>rts2800_fpu32.lib</file>
         <name>boot28.asm.obj</name>
      </input_file>
      <input_file id="fl-26">
         <path>C:\ti\ccs1220\ccs\tools\compiler\ti-cgt-c2000_22.6.0.LTS\lib\</path>
         <kind>archive</kind>
         <file>rts2800_fpu32.lib</file>
         <name>fs_div28.asm.obj</name>
      </input_file>
      <input_file id="fl-27">
         <path>C:\ti\ccs1220\ccs\tools\compiler\ti-cgt-c2000_22.6.0.LTS\lib\</path>
         <kind>archive</kind>
         <file>rts2800_fpu32.lib</file>
         <name>cpy_tbl.c.obj</name>
      </input_file>
      <input_file id="fl-28">
         <path>C:\ti\ccs1220\ccs\tools\compiler\ti-cgt-c2000_22.6.0.LTS\lib\</path>
         <kind>archive</kind>
         <file>rts2800_fpu32.lib</file>
         <name>memcpy.c.obj</name>
      </input_file>
      <input_file id="fl-29">
         <path>C:\ti\ccs1220\ccs\tools\compiler\ti-cgt-c2000_22.6.0.LTS\lib\</path>
         <kind>archive</kind>
         <file>rts2800_fpu32.lib</file>
         <name>pre_init.c.obj</name>
      </input_file>
      <input_file id="fl-2a">
         <path>C:\ti\ccs1220\ccs\tools\compiler\ti-cgt-c2000_22.6.0.LTS\lib\</path>
         <kind>archive</kind>
         <file>rts2800_fpu32.lib</file>
         <name>startup.c.obj</name>
      </input_file>
      <input_file id="fl-2b">
         <path>C:\ti\ccs1220\ccs\tools\compiler\ti-cgt-c2000_22.6.0.LTS\lib\</path>
         <kind>archive</kind>
         <file>rts2800_fpu32.lib</file>
         <name>exit.c.obj</name>
      </input_file>
      <input_file id="fl-2c">
         <path>C:\ti\ccs1220\ccs\tools\compiler\ti-cgt-c2000_22.6.0.LTS\lib\</path>
         <kind>archive</kind>
         <file>rts2800_fpu32.lib</file>
         <name>_lock.c.obj</name>
      </input_file>
      <input_file id="fl-2d">
         <path>C:\ti\ccs1220\ccs\tools\compiler\ti-cgt-c2000_22.6.0.LTS\lib\</path>
         <kind>archive</kind>
         <file>rts2800_fpu32.lib</file>
         <name>args_main.c.obj</name>
      </input_file>
      <input_file id="fl-2e">
         <path>C:\ti\ccs1220\ccs\tools\compiler\ti-cgt-c2000_22.6.0.LTS\lib\</path>
         <kind>archive</kind>
         <file>rts2800_fpu32.lib</file>
         <name>ctype.c.obj</name>
      </input_file>
      <input_file id="fl-2f">
         <path>C:\ti\ccs1220\ccs\tools\compiler\ti-cgt-c2000_22.6.0.LTS\lib\</path>
         <kind>archive</kind>
         <file>rts2800_fpu32.lib</file>
         <name>strcmp.c.obj</name>
      </input_file>
      <input_file id="fl-30">
         <path>C:\ti\ccs1220\ccs\tools\compiler\ti-cgt-c2000_22.6.0.LTS\lib\</path>
         <kind>archive</kind>
         <file>rts2800_fpu32.lib</file>
         <name>strcpy.c.obj</name>
      </input_file>
      <input_file id="fl-31">
         <path>C:\ti\ccs1220\ccs\tools\compiler\ti-cgt-c2000_22.6.0.LTS\lib\</path>
         <kind>archive</kind>
         <file>rts2800_fpu32.lib</file>
         <name>toupper.c.obj</name>
      </input_file>
      <input_file id="fl-32">
         <path>C:\ti\ccs1220\ccs\tools\compiler\ti-cgt-c2000_22.6.0.LTS\lib\</path>
         <kind>archive</kind>
         <file>rts2800_fpu32.lib</file>
         <name>_printfi.c.obj</name>
      </input_file>
      <input_file id="fl-33">
         <path>C:\ti\ccs1220\ccs\tools\compiler\ti-cgt-c2000_22.6.0.LTS\lib\</path>
         <kind>archive</kind>
         <file>rts2800_fpu32.lib</file>
         <name>_scanfi.c.obj</name>
      </input_file>
      <input_file id="fl-34">
         <path>C:\ti\ccs1220\ccs\tools\compiler\ti-cgt-c2000_22.6.0.LTS\lib\</path>
         <kind>archive</kind>
         <file>rts2800_fpu32.lib</file>
         <name>fd_cmp28.asm.obj</name>
      </input_file>
      <input_file id="fl-35">
         <path>C:\ti\ccs1220\ccs\tools\compiler\ti-cgt-c2000_22.6.0.LTS\lib\</path>
         <kind>archive</kind>
         <file>rts2800_fpu32.lib</file>
         <name>fd_mpy28.asm.obj</name>
      </input_file>
      <input_file id="fl-36">
         <path>C:\ti\ccs1220\ccs\tools\compiler\ti-cgt-c2000_22.6.0.LTS\lib\</path>
         <kind>archive</kind>
         <file>rts2800_fpu32.lib</file>
         <name>fd_neg28.asm.obj</name>
      </input_file>
      <input_file id="fl-37">
         <path>C:\ti\ccs1220\ccs\tools\compiler\ti-cgt-c2000_22.6.0.LTS\lib\</path>
         <kind>archive</kind>
         <file>rts2800_fpu32.lib</file>
         <name>fd_sub28.asm.obj</name>
      </input_file>
      <input_file id="fl-38">
         <path>C:\ti\ccs1220\ccs\tools\compiler\ti-cgt-c2000_22.6.0.LTS\lib\</path>
         <kind>archive</kind>
         <file>rts2800_fpu32.lib</file>
         <name>fd_toi28.asm.obj</name>
      </input_file>
      <input_file id="fl-39">
         <path>C:\ti\ccs1220\ccs\tools\compiler\ti-cgt-c2000_22.6.0.LTS\lib\</path>
         <kind>archive</kind>
         <file>rts2800_fpu32.lib</file>
         <name>fd_tol28.asm.obj</name>
      </input_file>
      <input_file id="fl-3a">
         <path>C:\ti\ccs1220\ccs\tools\compiler\ti-cgt-c2000_22.6.0.LTS\lib\</path>
         <kind>archive</kind>
         <file>rts2800_fpu32.lib</file>
         <name>ll_aox28.asm.obj</name>
      </input_file>
      <input_file id="fl-3b">
         <path>C:\ti\ccs1220\ccs\tools\compiler\ti-cgt-c2000_22.6.0.LTS\lib\</path>
         <kind>archive</kind>
         <file>rts2800_fpu32.lib</file>
         <name>ll_cmp28.asm.obj</name>
      </input_file>
      <input_file id="fl-3c">
         <path>C:\ti\ccs1220\ccs\tools\compiler\ti-cgt-c2000_22.6.0.LTS\lib\</path>
         <kind>archive</kind>
         <file>rts2800_fpu32.lib</file>
         <name>ll_div28.asm.obj</name>
      </input_file>
      <input_file id="fl-3d">
         <path>C:\ti\ccs1220\ccs\tools\compiler\ti-cgt-c2000_22.6.0.LTS\lib\</path>
         <kind>archive</kind>
         <file>rts2800_fpu32.lib</file>
         <name>i_tofd28.asm.obj</name>
      </input_file>
      <input_file id="fl-3e">
         <path>C:\ti\ccs1220\ccs\tools\compiler\ti-cgt-c2000_22.6.0.LTS\lib\</path>
         <kind>archive</kind>
         <file>rts2800_fpu32.lib</file>
         <name>l_tofd28.asm.obj</name>
      </input_file>
      <input_file id="fl-3f">
         <path>C:\ti\ccs1220\ccs\tools\compiler\ti-cgt-c2000_22.6.0.LTS\lib\</path>
         <kind>archive</kind>
         <file>rts2800_fpu32.lib</file>
         <name>fs_tofdfpu32.asm.obj</name>
      </input_file>
      <input_file id="fl-40">
         <path>C:\ti\ccs1220\ccs\tools\compiler\ti-cgt-c2000_22.6.0.LTS\lib\</path>
         <kind>archive</kind>
         <file>rts2800_fpu32.lib</file>
         <name>fd_div28.asm.obj</name>
      </input_file>
      <input_file id="fl-41">
         <path>C:\ti\ccs1220\ccs\tools\compiler\ti-cgt-c2000_22.6.0.LTS\lib\</path>
         <kind>archive</kind>
         <file>rts2800_fpu32.lib</file>
         <name>_ltoa.c.obj</name>
      </input_file>
      <input_file id="fl-42">
         <path>C:\ti\ccs1220\ccs\tools\compiler\ti-cgt-c2000_22.6.0.LTS\lib\</path>
         <kind>archive</kind>
         <file>rts2800_fpu32.lib</file>
         <name>atoi.c.obj</name>
      </input_file>
      <input_file id="fl-43">
         <path>C:\ti\ccs1220\ccs\tools\compiler\ti-cgt-c2000_22.6.0.LTS\lib\</path>
         <kind>archive</kind>
         <file>rts2800_fpu32.lib</file>
         <name>memccpy.c.obj</name>
      </input_file>
      <input_file id="fl-44">
         <path>C:\ti\ccs1220\ccs\tools\compiler\ti-cgt-c2000_22.6.0.LTS\lib\</path>
         <kind>archive</kind>
         <file>rts2800_fpu32.lib</file>
         <name>memset.c.obj</name>
      </input_file>
      <input_file id="fl-45">
         <path>C:\ti\ccs1220\ccs\tools\compiler\ti-cgt-c2000_22.6.0.LTS\lib\</path>
         <kind>archive</kind>
         <file>rts2800_fpu32.lib</file>
         <name>strchr.c.obj</name>
      </input_file>
      <input_file id="fl-46">
         <path>C:\ti\ccs1220\ccs\tools\compiler\ti-cgt-c2000_22.6.0.LTS\lib\</path>
         <kind>archive</kind>
         <file>rts2800_fpu32.lib</file>
         <name>strlen.c.obj</name>
      </input_file>
      <input_file id="fl-47">
         <path>C:\ti\ccs1220\ccs\tools\compiler\ti-cgt-c2000_22.6.0.LTS\lib\</path>
         <kind>archive</kind>
         <file>rts2800_fpu32.lib</file>
         <name>strrchr.c.obj</name>
      </input_file>
      <input_file id="fl-48">
         <path>C:\ti\ccs1220\ccs\tools\compiler\ti-cgt-c2000_22.6.0.LTS\lib\</path>
         <kind>archive</kind>
         <file>rts2800_fpu32.lib</file>
         <name>strtod.c.obj</name>
      </input_file>
      <input_file id="fl-49">
         <path>C:\ti\ccs1220\ccs\tools\compiler\ti-cgt-c2000_22.6.0.LTS\lib\</path>
         <kind>archive</kind>
         <file>rts2800_fpu32.lib</file>
         <name>strtol.c.obj</name>
      </input_file>
      <input_file id="fl-4a">
         <path>C:\ti\ccs1220\ccs\tools\compiler\ti-cgt-c2000_22.6.0.LTS\lib\</path>
         <kind>archive</kind>
         <file>rts2800_fpu32.lib</file>
         <name>strtold.c.obj</name>
      </input_file>
      <input_file id="fl-4b">
         <path>C:\ti\ccs1220\ccs\tools\compiler\ti-cgt-c2000_22.6.0.LTS\lib\</path>
         <kind>archive</kind>
         <file>rts2800_fpu32.lib</file>
         <name>strtoll.c.obj</name>
      </input_file>
      <input_file id="fl-4c">
         <path>C:\ti\ccs1220\ccs\tools\compiler\ti-cgt-c2000_22.6.0.LTS\lib\</path>
         <kind>archive</kind>
         <file>rts2800_fpu32.lib</file>
         <name>strtoul.c.obj</name>
      </input_file>
      <input_file id="fl-4d">
         <path>C:\ti\ccs1220\ccs\tools\compiler\ti-cgt-c2000_22.6.0.LTS\lib\</path>
         <kind>archive</kind>
         <file>rts2800_fpu32.lib</file>
         <name>strtoull.c.obj</name>
      </input_file>
      <input_file id="fl-4e">
         <path>C:\ti\ccs1220\ccs\tools\compiler\ti-cgt-c2000_22.6.0.LTS\lib\</path>
         <kind>archive</kind>
         <file>rts2800_fpu32.lib</file>
         <name>errno.c.obj</name>
      </input_file>
      <input_file id="fl-4f">
         <path>C:\ti\ccs1220\ccs\tools\compiler\ti-cgt-c2000_22.6.0.LTS\lib\</path>
         <kind>archive</kind>
         <file>rts2800_fpu32.lib</file>
         <name>s_frexp.c.obj</name>
      </input_file>
      <input_file id="fl-50">
         <path>C:\ti\ccs1220\ccs\tools\compiler\ti-cgt-c2000_22.6.0.LTS\lib\</path>
         <kind>archive</kind>
         <file>rts2800_fpu32.lib</file>
         <name>s_scalbn.c.obj</name>
      </input_file>
      <input_file id="fl-51">
         <path>C:\ti\ccs1220\ccs\tools\compiler\ti-cgt-c2000_22.6.0.LTS\lib\</path>
         <kind>archive</kind>
         <file>rts2800_fpu32.lib</file>
         <name>s_copysign.c.obj</name>
      </input_file>
      <input_file id="fl-52">
         <path>C:\ti\ccs1220\ccs\tools\compiler\ti-cgt-c2000_22.6.0.LTS\lib\</path>
         <kind>archive</kind>
         <file>rts2800_fpu32.lib</file>
         <name>wcslen.c.obj</name>
      </input_file>
      <input_file id="fl-53">
         <path>C:\ti\ccs1220\ccs\tools\compiler\ti-cgt-c2000_22.6.0.LTS\lib\</path>
         <kind>archive</kind>
         <file>rts2800_fpu32.lib</file>
         <name>s_scalbnf.c.obj</name>
      </input_file>
      <input_file id="fl-54">
         <path>C:\ti\ccs1220\ccs\tools\compiler\ti-cgt-c2000_22.6.0.LTS\lib\</path>
         <kind>archive</kind>
         <file>rts2800_fpu32.lib</file>
         <name>fd_add28.asm.obj</name>
      </input_file>
      <input_file id="fl-55">
         <path>C:\ti\ccs1220\ccs\tools\compiler\ti-cgt-c2000_22.6.0.LTS\lib\</path>
         <kind>archive</kind>
         <file>rts2800_fpu32.lib</file>
         <name>ll_mpy28.asm.obj</name>
      </input_file>
      <input_file id="fl-56">
         <path>C:\ti\ccs1220\ccs\tools\compiler\ti-cgt-c2000_22.6.0.LTS\lib\</path>
         <kind>archive</kind>
         <file>rts2800_fpu32.lib</file>
         <name>l_div28.asm.obj</name>
      </input_file>
      <input_file id="fl-57">
         <path>C:\ti\ccs1220\ccs\tools\compiler\ti-cgt-c2000_22.6.0.LTS\lib\</path>
         <kind>archive</kind>
         <file>rts2800_fpu32.lib</file>
         <name>s_copysignf.c.obj</name>
      </input_file>
   </input_file_list>
   <object_component_list>
      <object_component id="oc-8b">
         <name>codestart</name>
         <load_address>0x0</load_address>
         <run_address>0x0</run_address>
         <size>0x2</size>
         <input_file_ref idref="fl-a"/>
      </object_component>
      <object_component id="oc-85">
         <name>.TI.ramfunc:retain</name>
         <load_address>0xad3f</load_address>
         <run_address>0xad3f</run_address>
         <size>0x758</size>
         <input_file_ref idref="fl-9"/>
      </object_component>
      <object_component id="oc-6e">
         <name>.TI.ramfunc:retain</name>
         <load_address>0xb497</load_address>
         <run_address>0xb497</run_address>
         <size>0x14d</size>
         <input_file_ref idref="fl-6"/>
      </object_component>
      <object_component id="oc-7d">
         <name>.TI.ramfunc:retain</name>
         <load_address>0xb5e4</load_address>
         <run_address>0xb5e4</run_address>
         <size>0x7c</size>
         <input_file_ref idref="fl-8"/>
      </object_component>
      <object_component id="oc-218">
         <name>.TI.ramfunc</name>
         <load_address>0xb660</load_address>
         <run_address>0xb660</run_address>
         <size>0x63</size>
         <input_file_ref idref="fl-4"/>
      </object_component>
      <object_component id="oc-eb">
         <name>.TI.ramfunc</name>
         <load_address>0xb6c3</load_address>
         <run_address>0xb6c3</run_address>
         <size>0x4</size>
         <input_file_ref idref="fl-12"/>
      </object_component>
      <object_component id="oc-221">
         <name>.text</name>
         <load_address>0x8000</load_address>
         <run_address>0x8000</run_address>
         <size>0x7d0</size>
         <input_file_ref idref="fl-33"/>
      </object_component>
      <object_component id="oc-230">
         <name>.text</name>
         <load_address>0x87d0</load_address>
         <run_address>0x87d0</run_address>
         <size>0x6d0</size>
         <input_file_ref idref="fl-32"/>
      </object_component>
      <object_component id="oc-222">
         <name>.text:__TI_printfi</name>
         <load_address>0x8ea0</load_address>
         <run_address>0x8ea0</run_address>
         <size>0x5f5</size>
         <input_file_ref idref="fl-32"/>
      </object_component>
      <object_component id="oc-97">
         <name>.text:retain</name>
         <load_address>0x9495</load_address>
         <run_address>0x9495</run_address>
         <size>0x39b</size>
         <input_file_ref idref="fl-c"/>
      </object_component>
      <object_component id="oc-22b">
         <name>.text</name>
         <load_address>0x9830</load_address>
         <run_address>0x9830</run_address>
         <size>0x283</size>
         <input_file_ref idref="fl-4a"/>
      </object_component>
      <object_component id="oc-22c">
         <name>.text</name>
         <load_address>0x9ab3</load_address>
         <run_address>0x9ab3</run_address>
         <size>0x1ff</size>
         <input_file_ref idref="fl-48"/>
      </object_component>
      <object_component id="oc-210">
         <name>.text</name>
         <load_address>0x9cb2</load_address>
         <run_address>0x9cb2</run_address>
         <size>0x190</size>
         <input_file_ref idref="fl-11"/>
      </object_component>
      <object_component id="oc-22d">
         <name>.text</name>
         <load_address>0x9e42</load_address>
         <run_address>0x9e42</run_address>
         <size>0x13f</size>
         <input_file_ref idref="fl-4b"/>
      </object_component>
      <object_component id="oc-170">
         <name>.text</name>
         <load_address>0x9f81</load_address>
         <run_address>0x9f81</run_address>
         <size>0x107</size>
         <input_file_ref idref="fl-3c"/>
      </object_component>
      <object_component id="oc-229">
         <name>.text</name>
         <load_address>0xa088</load_address>
         <run_address>0xa088</run_address>
         <size>0x102</size>
         <input_file_ref idref="fl-4d"/>
      </object_component>
      <object_component id="oc-22e">
         <name>.text</name>
         <load_address>0xa18a</load_address>
         <run_address>0xa18a</run_address>
         <size>0xd3</size>
         <input_file_ref idref="fl-49"/>
      </object_component>
      <object_component id="oc-22a">
         <name>.text</name>
         <load_address>0xa25d</load_address>
         <run_address>0xa25d</run_address>
         <size>0xb1</size>
         <input_file_ref idref="fl-4c"/>
      </object_component>
      <object_component id="oc-235">
         <name>.text</name>
         <load_address>0xa30e</load_address>
         <run_address>0xa30e</run_address>
         <size>0xa9</size>
         <input_file_ref idref="fl-50"/>
      </object_component>
      <object_component id="oc-216">
         <name>.text</name>
         <load_address>0xa3b7</load_address>
         <run_address>0xa3b7</run_address>
         <size>0x9f</size>
         <input_file_ref idref="fl-7"/>
      </object_component>
      <object_component id="oc-1eb">
         <name>.text</name>
         <load_address>0xa456</load_address>
         <run_address>0xa456</run_address>
         <size>0x9c</size>
         <input_file_ref idref="fl-54"/>
      </object_component>
      <object_component id="oc-184">
         <name>.text</name>
         <load_address>0xa4f2</load_address>
         <run_address>0xa4f2</run_address>
         <size>0x8b</size>
         <input_file_ref idref="fl-40"/>
      </object_component>
      <object_component id="oc-100">
         <name>.text</name>
         <load_address>0xa57d</load_address>
         <run_address>0xa57d</run_address>
         <size>0x88</size>
         <input_file_ref idref="fl-26"/>
      </object_component>
      <object_component id="oc-14d">
         <name>.text</name>
         <load_address>0xa605</load_address>
         <run_address>0xa605</run_address>
         <size>0x83</size>
         <input_file_ref idref="fl-35"/>
      </object_component>
      <object_component id="oc-214">
         <name>.text</name>
         <load_address>0xa688</load_address>
         <run_address>0xa688</run_address>
         <size>0x7c</size>
         <input_file_ref idref="fl-5"/>
      </object_component>
      <object_component id="oc-20c">
         <name>.text</name>
         <load_address>0xa704</load_address>
         <run_address>0xa704</run_address>
         <size>0x7a</size>
         <input_file_ref idref="fl-2"/>
      </object_component>
      <object_component id="oc-21d">
         <name>.text</name>
         <load_address>0xa77e</load_address>
         <run_address>0xa77e</run_address>
         <size>0x6d</size>
         <input_file_ref idref="fl-24"/>
      </object_component>
      <object_component id="oc-215">
         <name>.text</name>
         <load_address>0xa7eb</load_address>
         <run_address>0xa7eb</run_address>
         <size>0x5c</size>
         <input_file_ref idref="fl-3"/>
      </object_component>
      <object_component id="oc-23a">
         <name>.text</name>
         <load_address>0xa847</load_address>
         <run_address>0xa847</run_address>
         <size>0x5a</size>
         <input_file_ref idref="fl-4f"/>
      </object_component>
      <object_component id="oc-238">
         <name>.text</name>
         <load_address>0xa8a1</load_address>
         <run_address>0xa8a1</run_address>
         <size>0x58</size>
         <input_file_ref idref="fl-53"/>
      </object_component>
      <object_component id="oc-217">
         <name>.text</name>
         <load_address>0xa8f9</load_address>
         <run_address>0xa8f9</run_address>
         <size>0x56</size>
         <input_file_ref idref="fl-6"/>
      </object_component>
      <object_component id="oc-50">
         <name>.text</name>
         <load_address>0xa94f</load_address>
         <run_address>0xa94f</run_address>
         <size>0x56</size>
         <input_file_ref idref="fl-25"/>
      </object_component>
      <object_component id="oc-208">
         <name>.text</name>
         <load_address>0xa9a5</load_address>
         <run_address>0xa9a5</run_address>
         <size>0x38</size>
         <input_file_ref idref="fl-8"/>
      </object_component>
      <object_component id="oc-21f">
         <name>.text</name>
         <load_address>0xa9dd</load_address>
         <run_address>0xa9dd</run_address>
         <size>0x32</size>
         <input_file_ref idref="fl-23"/>
      </object_component>
      <object_component id="oc-224">
         <name>.text</name>
         <load_address>0xaa0f</load_address>
         <run_address>0xaa0f</run_address>
         <size>0x31</size>
         <input_file_ref idref="fl-42"/>
      </object_component>
      <object_component id="oc-239">
         <name>.text</name>
         <load_address>0xaa40</load_address>
         <run_address>0xaa40</run_address>
         <size>0x30</size>
         <input_file_ref idref="fl-41"/>
      </object_component>
      <object_component id="oc-148">
         <name>.text</name>
         <load_address>0xaa70</load_address>
         <run_address>0xaa70</run_address>
         <size>0x2a</size>
         <input_file_ref idref="fl-34"/>
      </object_component>
      <object_component id="oc-1f5">
         <name>.text</name>
         <load_address>0xaa9a</load_address>
         <run_address>0xaa9a</run_address>
         <size>0x2a</size>
         <input_file_ref idref="fl-56"/>
      </object_component>
      <object_component id="oc-203">
         <name>.text</name>
         <load_address>0xaac4</load_address>
         <run_address>0xaac4</run_address>
         <size>0x29</size>
         <input_file_ref idref="fl-2b"/>
      </object_component>
      <object_component id="oc-212">
         <name>.text</name>
         <load_address>0xaaed</load_address>
         <run_address>0xaaed</run_address>
         <size>0x28</size>
         <input_file_ref idref="fl-f"/>
      </object_component>
      <object_component id="oc-213">
         <name>.text</name>
         <load_address>0xab15</load_address>
         <run_address>0xab15</run_address>
         <size>0x26</size>
         <input_file_ref idref="fl-10"/>
      </object_component>
      <object_component id="oc-200">
         <name>.text</name>
         <load_address>0xab3b</load_address>
         <run_address>0xab3b</run_address>
         <size>0x24</size>
         <input_file_ref idref="fl-27"/>
      </object_component>
      <object_component id="oc-23b">
         <name>.text</name>
         <load_address>0xab5f</load_address>
         <run_address>0xab5f</run_address>
         <size>0x24</size>
         <input_file_ref idref="fl-51"/>
      </object_component>
      <object_component id="oc-15c">
         <name>.text</name>
         <load_address>0xab83</load_address>
         <run_address>0xab83</run_address>
         <size>0x21</size>
         <input_file_ref idref="fl-38"/>
      </object_component>
      <object_component id="oc-161">
         <name>.text</name>
         <load_address>0xaba4</load_address>
         <run_address>0xaba4</run_address>
         <size>0x1f</size>
         <input_file_ref idref="fl-39"/>
      </object_component>
      <object_component id="oc-16b">
         <name>.text</name>
         <load_address>0xabc3</load_address>
         <run_address>0xabc3</run_address>
         <size>0x1e</size>
         <input_file_ref idref="fl-3b"/>
      </object_component>
      <object_component id="oc-175">
         <name>.text</name>
         <load_address>0xabe1</load_address>
         <run_address>0xabe1</run_address>
         <size>0x1d</size>
         <input_file_ref idref="fl-3d"/>
      </object_component>
      <object_component id="oc-20b">
         <name>.text</name>
         <load_address>0xabfe</load_address>
         <run_address>0xabfe</run_address>
         <size>0x1d</size>
         <input_file_ref idref="fl-28"/>
      </object_component>
      <object_component id="oc-17f">
         <name>.text</name>
         <load_address>0xac1b</load_address>
         <run_address>0xac1b</run_address>
         <size>0x1c</size>
         <input_file_ref idref="fl-3f"/>
      </object_component>
      <object_component id="oc-17a">
         <name>.text</name>
         <load_address>0xac37</load_address>
         <run_address>0xac37</run_address>
         <size>0x1c</size>
         <input_file_ref idref="fl-3e"/>
      </object_component>
      <object_component id="oc-166">
         <name>.text</name>
         <load_address>0xac53</load_address>
         <run_address>0xac53</run_address>
         <size>0x18</size>
         <input_file_ref idref="fl-3a"/>
      </object_component>
      <object_component id="oc-211">
         <name>.text</name>
         <load_address>0xac6b</load_address>
         <run_address>0xac6b</run_address>
         <size>0x15</size>
         <input_file_ref idref="fl-e"/>
      </object_component>
      <object_component id="oc-1f0">
         <name>.text</name>
         <load_address>0xac80</load_address>
         <run_address>0xac80</run_address>
         <size>0x14</size>
         <input_file_ref idref="fl-55"/>
      </object_component>
      <object_component id="oc-202">
         <name>.text</name>
         <load_address>0xac94</load_address>
         <run_address>0xac94</run_address>
         <size>0x12</size>
         <input_file_ref idref="fl-2d"/>
      </object_component>
      <object_component id="oc-23c">
         <name>.text</name>
         <load_address>0xaca6</load_address>
         <run_address>0xaca6</run_address>
         <size>0x11</size>
         <input_file_ref idref="fl-57"/>
      </object_component>
      <object_component id="oc-231">
         <name>.text</name>
         <load_address>0xacb7</load_address>
         <run_address>0xacb7</run_address>
         <size>0x10</size>
         <input_file_ref idref="fl-43"/>
      </object_component>
      <object_component id="oc-209">
         <name>.text</name>
         <load_address>0xacc7</load_address>
         <run_address>0xacc7</run_address>
         <size>0xf</size>
         <input_file_ref idref="fl-31"/>
      </object_component>
      <object_component id="oc-157">
         <name>.text</name>
         <load_address>0xacd6</load_address>
         <run_address>0xacd6</run_address>
         <size>0xe</size>
         <input_file_ref idref="fl-37"/>
      </object_component>
      <object_component id="oc-227">
         <name>.text</name>
         <load_address>0xace4</load_address>
         <run_address>0xace4</run_address>
         <size>0xc</size>
         <input_file_ref idref="fl-45"/>
      </object_component>
      <object_component id="oc-225">
         <name>.text</name>
         <load_address>0xacf0</load_address>
         <run_address>0xacf0</run_address>
         <size>0xb</size>
         <input_file_ref idref="fl-47"/>
      </object_component>
      <object_component id="oc-21e">
         <name>.text</name>
         <load_address>0xacfb</load_address>
         <run_address>0xacfb</run_address>
         <size>0xa</size>
         <input_file_ref idref="fl-2f"/>
      </object_component>
      <object_component id="oc-219">
         <name>.text</name>
         <load_address>0xad05</load_address>
         <run_address>0xad05</run_address>
         <size>0x9</size>
         <input_file_ref idref="fl-2c"/>
      </object_component>
      <object_component id="oc-152">
         <name>.text</name>
         <load_address>0xad0e</load_address>
         <run_address>0xad0e</run_address>
         <size>0x9</size>
         <input_file_ref idref="fl-36"/>
      </object_component>
      <object_component id="oc-232">
         <name>.text</name>
         <load_address>0xad17</load_address>
         <run_address>0xad17</run_address>
         <size>0x9</size>
         <input_file_ref idref="fl-52"/>
      </object_component>
      <object_component id="oc-8a">
         <name>.text</name>
         <load_address>0xad20</load_address>
         <run_address>0xad20</run_address>
         <size>0x8</size>
         <input_file_ref idref="fl-a"/>
      </object_component>
      <object_component id="oc-223">
         <name>.text</name>
         <load_address>0xad28</load_address>
         <run_address>0xad28</run_address>
         <size>0x8</size>
         <input_file_ref idref="fl-46"/>
      </object_component>
      <object_component id="oc-22f">
         <name>.text</name>
         <load_address>0xad30</load_address>
         <run_address>0xad30</run_address>
         <size>0x7</size>
         <input_file_ref idref="fl-44"/>
      </object_component>
      <object_component id="oc-207">
         <name>.text</name>
         <load_address>0xad37</load_address>
         <run_address>0xad37</run_address>
         <size>0x5</size>
         <input_file_ref idref="fl-30"/>
      </object_component>
      <object_component id="oc-1ff">
         <name>.text</name>
         <load_address>0xad3c</load_address>
         <run_address>0xad3c</run_address>
         <size>0x2</size>
         <input_file_ref idref="fl-29"/>
      </object_component>
      <object_component id="oc-201">
         <name>.text</name>
         <load_address>0xad3e</load_address>
         <run_address>0xad3e</run_address>
         <size>0x1</size>
         <input_file_ref idref="fl-2a"/>
      </object_component>
      <object_component id="oc-6c">
         <name>.cinit</name>
         <load_address>0xb6c7</load_address>
         <run_address>0xb6c7</run_address>
         <size>0x30</size>
         <input_file_ref idref="fl-6"/>
      </object_component>
      <object_component id="oc-83">
         <name>.cinit</name>
         <load_address>0xb6f7</load_address>
         <run_address>0xb6f7</run_address>
         <size>0x28</size>
         <input_file_ref idref="fl-9"/>
      </object_component>
      <object_component id="oc-74">
         <name>.cinit</name>
         <load_address>0xb71f</load_address>
         <run_address>0xb71f</run_address>
         <size>0x14</size>
         <input_file_ref idref="fl-7"/>
      </object_component>
      <object_component id="oc-11a">
         <name>.cinit</name>
         <load_address>0xb733</load_address>
         <run_address>0xb733</run_address>
         <size>0xe</size>
         <input_file_ref idref="fl-2b"/>
      </object_component>
      <object_component id="oc-5f">
         <name>.cinit</name>
         <load_address>0xb741</load_address>
         <run_address>0xb741</run_address>
         <size>0xa</size>
         <input_file_ref idref="fl-4"/>
      </object_component>
      <object_component id="oc-7b">
         <name>.cinit</name>
         <load_address>0xb74b</load_address>
         <run_address>0xb74b</run_address>
         <size>0x8</size>
         <input_file_ref idref="fl-8"/>
      </object_component>
      <object_component id="oc-52">
         <name>.cinit</name>
         <load_address>0xb753</load_address>
         <run_address>0xb753</run_address>
         <size>0x5</size>
         <input_file_ref idref="fl-2"/>
      </object_component>
      <object_component id="oc-20e">
         <name>.cinit:__lock</name>
         <load_address>0xb758</load_address>
         <run_address>0xb758</run_address>
         <size>0x5</size>
         <input_file_ref idref="fl-2c"/>
      </object_component>
      <object_component id="oc-21a">
         <name>.cinit:__unlock</name>
         <load_address>0xb75d</load_address>
         <run_address>0xb75d</run_address>
         <size>0x5</size>
         <input_file_ref idref="fl-2c"/>
      </object_component>
      <object_component id="oc-1cc">
         <name>.cinit</name>
         <load_address>0xb762</load_address>
         <run_address>0xb762</run_address>
         <size>0x4</size>
         <input_file_ref idref="fl-4e"/>
      </object_component>
      <object_component id="oc-20a">
         <name>.switch:_ISRadc</name>
         <load_address>0x50</load_address>
         <run_address>0x50</run_address>
         <size>0x20</size>
         <input_file_ref idref="fl-9"/>
      </object_component>
      <object_component id="oc-fb">
         <name>.reset</name>
         <load_address>0x3fffc0</load_address>
         <run_address>0x3fffc0</run_address>
         <size>0x2</size>
         <input_file_ref idref="fl-25"/>
      </object_component>
      <object_component id="oc-fa">
         <name>.stack</name>
         <uninitialized>true</uninitialized>
         <run_address>0x400</run_address>
         <size>0x0</size>
         <input_file_ref idref="fl-25"/>
      </object_component>
      <object_component id="oc-294">
         <name>.stack</name>
         <uninitialized>true</uninitialized>
         <run_address>0x400</run_address>
         <size>0x0</size>
      </object_component>
      <object_component id="oc-53">
         <name>.ebss</name>
         <uninitialized>true</uninitialized>
         <run_address>0xc3be</run_address>
         <size>0x2</size>
         <input_file_ref idref="fl-2"/>
      </object_component>
      <object_component id="oc-60">
         <name>.ebss</name>
         <uninitialized>true</uninitialized>
         <run_address>0xc63c</run_address>
         <size>0x4</size>
         <input_file_ref idref="fl-4"/>
      </object_component>
      <object_component id="oc-21c">
         <name>.ebss:_tmpStr</name>
         <uninitialized>true</uninitialized>
         <run_address>0xc600</run_address>
         <size>0x32</size>
         <input_file_ref idref="fl-4"/>
      </object_component>
      <object_component id="oc-6d">
         <name>.ebss</name>
         <uninitialized>true</uninitialized>
         <run_address>0xc5b4</run_address>
         <size>0xc</size>
         <input_file_ref idref="fl-6"/>
      </object_component>
      <object_component id="oc-75">
         <name>.ebss</name>
         <uninitialized>true</uninitialized>
         <run_address>0xc632</run_address>
         <size>0xa</size>
         <input_file_ref idref="fl-7"/>
      </object_component>
      <object_component id="oc-7c">
         <name>.ebss</name>
         <uninitialized>true</uninitialized>
         <run_address>0xc668</run_address>
         <size>0x2</size>
         <input_file_ref idref="fl-8"/>
      </object_component>
      <object_component id="oc-206">
         <name>.ebss:_cmdStr</name>
         <uninitialized>true</uninitialized>
         <run_address>0xc5c0</run_address>
         <size>0x32</size>
         <input_file_ref idref="fl-8"/>
      </object_component>
      <object_component id="oc-205">
         <name>.ebss:_sciaCmdIn</name>
         <uninitialized>true</uninitialized>
         <run_address>0xc3c0</run_address>
         <size>0x1f4</size>
         <input_file_ref idref="fl-8"/>
      </object_component>
      <object_component id="oc-84">
         <name>.ebss</name>
         <uninitialized>true</uninitialized>
         <run_address>0xc658</run_address>
         <size>0xa</size>
         <input_file_ref idref="fl-9"/>
      </object_component>
      <object_component id="oc-204">
         <name>.ebss:_tempADC</name>
         <uninitialized>true</uninitialized>
         <run_address>0xc5f2</run_address>
         <size>0xe</size>
         <input_file_ref idref="fl-9"/>
      </object_component>
      <object_component id="oc-91">
         <name>.ebss</name>
         <uninitialized>true</uninitialized>
         <run_address>0xc640</run_address>
         <size>0x18</size>
         <input_file_ref idref="fl-b"/>
      </object_component>
      <object_component id="oc-11b">
         <name>.ebss</name>
         <uninitialized>true</uninitialized>
         <run_address>0xc662</run_address>
         <size>0x6</size>
         <input_file_ref idref="fl-2b"/>
      </object_component>
      <object_component id="oc-20d">
         <name>.ebss:__lock</name>
         <uninitialized>true</uninitialized>
         <run_address>0xc66a</run_address>
         <size>0x2</size>
         <input_file_ref idref="fl-2c"/>
      </object_component>
      <object_component id="oc-220">
         <name>.ebss:__unlock</name>
         <uninitialized>true</uninitialized>
         <run_address>0xc66c</run_address>
         <size>0x2</size>
         <input_file_ref idref="fl-2c"/>
      </object_component>
      <object_component id="oc-1cd">
         <name>.ebss</name>
         <uninitialized>true</uninitialized>
         <run_address>0xc66e</run_address>
         <size>0x1</size>
         <input_file_ref idref="fl-4e"/>
      </object_component>
      <object_component id="oc-20f">
         <name>.econst:.string:__ctypes_</name>
         <load_address>0xc000</load_address>
         <run_address>0xc000</run_address>
         <size>0x101</size>
         <input_file_ref idref="fl-2e"/>
      </object_component>
      <object_component id="oc-21b">
         <name>.econst:_PieVectTableInit</name>
         <load_address>0xc102</load_address>
         <run_address>0xc102</run_address>
         <size>0x100</size>
         <input_file_ref idref="fl-10"/>
      </object_component>
      <object_component id="oc-61">
         <name>.econst:.string</name>
         <load_address>0xc202</load_address>
         <run_address>0xc202</run_address>
         <size>0x68</size>
         <input_file_ref idref="fl-4"/>
      </object_component>
      <object_component id="oc-233">
         <name>.econst:_digits</name>
         <load_address>0xc26a</load_address>
         <run_address>0xc26a</run_address>
         <size>0x40</size>
         <input_file_ref idref="fl-4a"/>
      </object_component>
      <object_component id="oc-54">
         <name>.econst:.string</name>
         <load_address>0xc2aa</load_address>
         <run_address>0xc2aa</run_address>
         <size>0x2f</size>
         <input_file_ref idref="fl-2"/>
      </object_component>
      <object_component id="oc-13d">
         <name>.econst:.string</name>
         <load_address>0xc2da</load_address>
         <run_address>0xc2da</run_address>
         <size>0x26</size>
         <input_file_ref idref="fl-32"/>
      </object_component>
      <object_component id="oc-234">
         <name>.econst:_powerof10</name>
         <load_address>0xc300</load_address>
         <run_address>0xc300</run_address>
         <size>0x24</size>
         <input_file_ref idref="fl-4a"/>
      </object_component>
      <object_component id="oc-236">
         <name>.econst:_digits</name>
         <load_address>0xc324</load_address>
         <run_address>0xc324</run_address>
         <size>0x20</size>
         <input_file_ref idref="fl-48"/>
      </object_component>
      <object_component id="oc-13c">
         <name>.econst</name>
         <load_address>0xc344</load_address>
         <run_address>0xc344</run_address>
         <size>0x1c</size>
         <input_file_ref idref="fl-32"/>
      </object_component>
      <object_component id="oc-1d6">
         <name>.econst</name>
         <load_address>0xc360</load_address>
         <run_address>0xc360</run_address>
         <size>0x1c</size>
         <input_file_ref idref="fl-50"/>
      </object_component>
      <object_component id="oc-143">
         <name>.econst:.string</name>
         <load_address>0xc37c</load_address>
         <run_address>0xc37c</run_address>
         <size>0xe</size>
         <input_file_ref idref="fl-33"/>
      </object_component>
      <object_component id="oc-237">
         <name>.econst:_powerof10</name>
         <load_address>0xc38a</load_address>
         <run_address>0xc38a</run_address>
         <size>0xc</size>
         <input_file_ref idref="fl-48"/>
      </object_component>
      <object_component id="oc-1b7">
         <name>.econst</name>
         <load_address>0xc396</load_address>
         <run_address>0xc396</run_address>
         <size>0xc</size>
         <input_file_ref idref="fl-4a"/>
      </object_component>
      <object_component id="oc-1d0">
         <name>.econst</name>
         <load_address>0xc3a2</load_address>
         <run_address>0xc3a2</run_address>
         <size>0x8</size>
         <input_file_ref idref="fl-4f"/>
      </object_component>
      <object_component id="oc-226">
         <name>.econst:.string:_flit$1</name>
         <load_address>0xc3aa</load_address>
         <run_address>0xc3aa</run_address>
         <size>0x7</size>
         <input_file_ref idref="fl-33"/>
      </object_component>
      <object_component id="oc-228">
         <name>.econst:.string:_barr$2</name>
         <load_address>0xc3b1</load_address>
         <run_address>0xc3b1</run_address>
         <size>0x6</size>
         <input_file_ref idref="fl-33"/>
      </object_component>
      <object_component id="oc-1e6">
         <name>.econst</name>
         <load_address>0xc3b8</load_address>
         <run_address>0xc3b8</run_address>
         <size>0x6</size>
         <input_file_ref idref="fl-53"/>
      </object_component>
      <object_component id="oc-d4">
         <name>PieVectTableFile</name>
         <uninitialized>true</uninitialized>
         <run_address>0xd00</run_address>
         <size>0x100</size>
         <input_file_ref idref="fl-d"/>
      </object_component>
      <object_component id="oc-9e">
         <name>EmuKeyVar</name>
         <uninitialized>true</uninitialized>
         <run_address>0xd00</run_address>
         <size>0x1</size>
         <input_file_ref idref="fl-d"/>
      </object_component>
      <object_component id="oc-9f">
         <name>EmuBModeVar</name>
         <uninitialized>true</uninitialized>
         <run_address>0xd01</run_address>
         <size>0x1</size>
         <input_file_ref idref="fl-d"/>
      </object_component>
      <object_component id="oc-a1">
         <name>FlashCallbackVar</name>
         <uninitialized>true</uninitialized>
         <run_address>0xd02</run_address>
         <size>0x2</size>
         <input_file_ref idref="fl-d"/>
      </object_component>
      <object_component id="oc-a0">
         <name>FlashScalingVar</name>
         <uninitialized>true</uninitialized>
         <run_address>0xd04</run_address>
         <size>0x2</size>
         <input_file_ref idref="fl-d"/>
      </object_component>
      <object_component id="oc-a3">
         <name>DevEmuRegsFile</name>
         <uninitialized>true</uninitialized>
         <run_address>0x880</run_address>
         <size>0x4</size>
         <input_file_ref idref="fl-d"/>
      </object_component>
      <object_component id="oc-a2">
         <name>SysPwrCtrlRegsFile</name>
         <uninitialized>true</uninitialized>
         <run_address>0x985</run_address>
         <size>0x3</size>
         <input_file_ref idref="fl-d"/>
      </object_component>
      <object_component id="oc-a8">
         <name>FlashRegsFile</name>
         <uninitialized>true</uninitialized>
         <run_address>0xa80</run_address>
         <size>0x8</size>
         <input_file_ref idref="fl-d"/>
      </object_component>
      <object_component id="oc-aa">
         <name>CsmRegsFile</name>
         <uninitialized>true</uninitialized>
         <run_address>0xae0</run_address>
         <size>0x10</size>
         <input_file_ref idref="fl-d"/>
      </object_component>
      <object_component id="oc-a9">
         <name>AdcResultFile</name>
         <uninitialized>true</uninitialized>
         <run_address>0xb00</run_address>
         <size>0x10</size>
         <input_file_ref idref="fl-d"/>
      </object_component>
      <object_component id="oc-a4">
         <name>CpuTimer0RegsFile</name>
         <uninitialized>true</uninitialized>
         <run_address>0xc00</run_address>
         <size>0x8</size>
         <input_file_ref idref="fl-d"/>
      </object_component>
      <object_component id="oc-a5">
         <name>CpuTimer1RegsFile</name>
         <uninitialized>true</uninitialized>
         <run_address>0xc08</run_address>
         <size>0x8</size>
         <input_file_ref idref="fl-d"/>
      </object_component>
      <object_component id="oc-a6">
         <name>CpuTimer2RegsFile</name>
         <uninitialized>true</uninitialized>
         <run_address>0xc10</run_address>
         <size>0x8</size>
         <input_file_ref idref="fl-d"/>
      </object_component>
      <object_component id="oc-b4">
         <name>PieCtrlRegsFile</name>
         <uninitialized>true</uninitialized>
         <run_address>0xce0</run_address>
         <size>0x1a</size>
         <input_file_ref idref="fl-d"/>
      </object_component>
      <object_component id="oc-c4">
         <name>Cla1RegsFile</name>
         <uninitialized>true</uninitialized>
         <run_address>0x1400</run_address>
         <size>0x40</size>
         <input_file_ref idref="fl-d"/>
      </object_component>
      <object_component id="oc-d2">
         <name>DmaRegsFile</name>
         <uninitialized>true</uninitialized>
         <run_address>0x1000</run_address>
         <size>0xe0</size>
         <input_file_ref idref="fl-d"/>
      </object_component>
      <object_component id="oc-c3">
         <name>ECanaRegsFile</name>
         <uninitialized>true</uninitialized>
         <run_address>0x6000</run_address>
         <size>0x34</size>
         <input_file_ref idref="fl-d"/>
      </object_component>
      <object_component id="oc-c5">
         <name>ECanaLAMRegsFile</name>
         <uninitialized>true</uninitialized>
         <run_address>0x6040</run_address>
         <size>0x40</size>
         <input_file_ref idref="fl-d"/>
      </object_component>
      <object_component id="oc-d3">
         <name>ECanaMboxesFile</name>
         <uninitialized>true</uninitialized>
         <run_address>0x6100</run_address>
         <size>0x100</size>
         <input_file_ref idref="fl-d"/>
      </object_component>
      <object_component id="oc-c6">
         <name>ECanaMOTSRegsFile</name>
         <uninitialized>true</uninitialized>
         <run_address>0x6080</run_address>
         <size>0x40</size>
         <input_file_ref idref="fl-d"/>
      </object_component>
      <object_component id="oc-c7">
         <name>ECanaMOTORegsFile</name>
         <uninitialized>true</uninitialized>
         <run_address>0x60c0</run_address>
         <size>0x40</size>
         <input_file_ref idref="fl-d"/>
      </object_component>
      <object_component id="oc-b5">
         <name>ECap1RegsFile</name>
         <uninitialized>true</uninitialized>
         <run_address>0x6a00</run_address>
         <size>0x20</size>
         <input_file_ref idref="fl-d"/>
      </object_component>
      <object_component id="oc-b6">
         <name>ECap2RegsFile</name>
         <uninitialized>true</uninitialized>
         <run_address>0x6a20</run_address>
         <size>0x20</size>
         <input_file_ref idref="fl-d"/>
      </object_component>
      <object_component id="oc-b7">
         <name>ECap3RegsFile</name>
         <uninitialized>true</uninitialized>
         <run_address>0x6a40</run_address>
         <size>0x20</size>
         <input_file_ref idref="fl-d"/>
      </object_component>
      <object_component id="oc-be">
         <name>EQep1RegsFile</name>
         <uninitialized>true</uninitialized>
         <run_address>0x6b00</run_address>
         <size>0x22</size>
         <input_file_ref idref="fl-d"/>
      </object_component>
      <object_component id="oc-bf">
         <name>EQep2RegsFile</name>
         <uninitialized>true</uninitialized>
         <run_address>0x6b40</run_address>
         <size>0x22</size>
         <input_file_ref idref="fl-d"/>
      </object_component>
      <object_component id="oc-d0">
         <name>GpioCtrlRegsFile</name>
         <uninitialized>true</uninitialized>
         <run_address>0x6f80</run_address>
         <size>0x40</size>
         <input_file_ref idref="fl-d"/>
      </object_component>
      <object_component id="oc-b8">
         <name>GpioDataRegsFile</name>
         <uninitialized>true</uninitialized>
         <run_address>0x6fc0</run_address>
         <size>0x20</size>
         <input_file_ref idref="fl-d"/>
      </object_component>
      <object_component id="oc-b9">
         <name>GpioIntRegsFile</name>
         <uninitialized>true</uninitialized>
         <run_address>0x6fe0</run_address>
         <size>0x20</size>
         <input_file_ref idref="fl-d"/>
      </object_component>
      <object_component id="oc-ba">
         <name>HRCap1RegsFile</name>
         <uninitialized>true</uninitialized>
         <run_address>0x6ac0</run_address>
         <size>0x20</size>
         <input_file_ref idref="fl-d"/>
      </object_component>
      <object_component id="oc-bb">
         <name>HRCap2RegsFile</name>
         <uninitialized>true</uninitialized>
         <run_address>0x6ae0</run_address>
         <size>0x20</size>
         <input_file_ref idref="fl-d"/>
      </object_component>
      <object_component id="oc-bc">
         <name>HRCap3RegsFile</name>
         <uninitialized>true</uninitialized>
         <run_address>0x6c80</run_address>
         <size>0x20</size>
         <input_file_ref idref="fl-d"/>
      </object_component>
      <object_component id="oc-bd">
         <name>HRCap4RegsFile</name>
         <uninitialized>true</uninitialized>
         <run_address>0x6ca0</run_address>
         <size>0x20</size>
         <input_file_ref idref="fl-d"/>
      </object_component>
      <object_component id="oc-c2">
         <name>SysCtrlRegsFile</name>
         <uninitialized>true</uninitialized>
         <run_address>0x7010</run_address>
         <size>0x30</size>
         <input_file_ref idref="fl-d"/>
      </object_component>
      <object_component id="oc-ae">
         <name>SpiaRegsFile</name>
         <uninitialized>true</uninitialized>
         <run_address>0x7040</run_address>
         <size>0x10</size>
         <input_file_ref idref="fl-d"/>
      </object_component>
      <object_component id="oc-af">
         <name>SpibRegsFile</name>
         <uninitialized>true</uninitialized>
         <run_address>0x7740</run_address>
         <size>0x10</size>
         <input_file_ref idref="fl-d"/>
      </object_component>
      <object_component id="oc-ac">
         <name>SciaRegsFile</name>
         <uninitialized>true</uninitialized>
         <run_address>0x7050</run_address>
         <size>0x10</size>
         <input_file_ref idref="fl-d"/>
      </object_component>
      <object_component id="oc-ad">
         <name>ScibRegsFile</name>
         <uninitialized>true</uninitialized>
         <run_address>0x7750</run_address>
         <size>0x10</size>
         <input_file_ref idref="fl-d"/>
      </object_component>
      <object_component id="oc-ab">
         <name>NmiIntruptRegsFile</name>
         <uninitialized>true</uninitialized>
         <run_address>0x7060</run_address>
         <size>0x10</size>
         <input_file_ref idref="fl-d"/>
      </object_component>
      <object_component id="oc-b0">
         <name>XIntruptRegsFile</name>
         <uninitialized>true</uninitialized>
         <run_address>0x7070</run_address>
         <size>0x10</size>
         <input_file_ref idref="fl-d"/>
      </object_component>
      <object_component id="oc-d1">
         <name>AdcRegsFile</name>
         <uninitialized>true</uninitialized>
         <run_address>0x7100</run_address>
         <size>0x50</size>
         <input_file_ref idref="fl-d"/>
      </object_component>
      <object_component id="oc-c0">
         <name>I2caRegsFile</name>
         <uninitialized>true</uninitialized>
         <run_address>0x7900</run_address>
         <size>0x22</size>
         <input_file_ref idref="fl-d"/>
      </object_component>
      <object_component id="oc-b1">
         <name>Comp1RegsFile</name>
         <uninitialized>true</uninitialized>
         <run_address>0x6400</run_address>
         <size>0x14</size>
         <input_file_ref idref="fl-d"/>
      </object_component>
      <object_component id="oc-b2">
         <name>Comp2RegsFile</name>
         <uninitialized>true</uninitialized>
         <run_address>0x6420</run_address>
         <size>0x14</size>
         <input_file_ref idref="fl-d"/>
      </object_component>
      <object_component id="oc-b3">
         <name>Comp3RegsFile</name>
         <uninitialized>true</uninitialized>
         <run_address>0x6440</run_address>
         <size>0x14</size>
         <input_file_ref idref="fl-d"/>
      </object_component>
      <object_component id="oc-c8">
         <name>EPwm1RegsFile</name>
         <uninitialized>true</uninitialized>
         <run_address>0x6800</run_address>
         <size>0x40</size>
         <input_file_ref idref="fl-d"/>
      </object_component>
      <object_component id="oc-c9">
         <name>EPwm2RegsFile</name>
         <uninitialized>true</uninitialized>
         <run_address>0x6840</run_address>
         <size>0x40</size>
         <input_file_ref idref="fl-d"/>
      </object_component>
      <object_component id="oc-ca">
         <name>EPwm3RegsFile</name>
         <uninitialized>true</uninitialized>
         <run_address>0x6880</run_address>
         <size>0x40</size>
         <input_file_ref idref="fl-d"/>
      </object_component>
      <object_component id="oc-cb">
         <name>EPwm4RegsFile</name>
         <uninitialized>true</uninitialized>
         <run_address>0x68c0</run_address>
         <size>0x40</size>
         <input_file_ref idref="fl-d"/>
      </object_component>
      <object_component id="oc-cc">
         <name>EPwm5RegsFile</name>
         <uninitialized>true</uninitialized>
         <run_address>0x6900</run_address>
         <size>0x40</size>
         <input_file_ref idref="fl-d"/>
      </object_component>
      <object_component id="oc-cd">
         <name>EPwm6RegsFile</name>
         <uninitialized>true</uninitialized>
         <run_address>0x6940</run_address>
         <size>0x40</size>
         <input_file_ref idref="fl-d"/>
      </object_component>
      <object_component id="oc-ce">
         <name>EPwm7RegsFile</name>
         <uninitialized>true</uninitialized>
         <run_address>0x6980</run_address>
         <size>0x40</size>
         <input_file_ref idref="fl-d"/>
      </object_component>
      <object_component id="oc-cf">
         <name>EPwm8RegsFile</name>
         <uninitialized>true</uninitialized>
         <run_address>0x69c0</run_address>
         <size>0x40</size>
         <input_file_ref idref="fl-d"/>
      </object_component>
      <object_component id="oc-c1">
         <name>McbspaRegsFile</name>
         <uninitialized>true</uninitialized>
         <run_address>0x5000</run_address>
         <size>0x24</size>
         <input_file_ref idref="fl-d"/>
      </object_component>
      <object_component id="oc-d5">
         <name>Usb0RegsFile</name>
         <uninitialized>true</uninitialized>
         <run_address>0x4000</run_address>
         <size>0x454</size>
         <input_file_ref idref="fl-d"/>
      </object_component>
      <object_component id="oc-a7">
         <name>CsmPwlFile</name>
         <uninitialized>true</uninitialized>
         <run_address>0x3f7ff8</run_address>
         <size>0x8</size>
         <input_file_ref idref="fl-d"/>
      </object_component>
      <object_component id="oc-9d">
         <name>PartIdRegsFile</name>
         <uninitialized>true</uninitialized>
         <run_address>0x3d7e80</run_address>
         <size>0x1</size>
         <input_file_ref idref="fl-d"/>
      </object_component>
      <object_component id="oc-51">
         <name>.debug_info</name>
         <load_address>0x0</load_address>
         <run_address>0x0</run_address>
         <size>0x116c</size>
         <input_file_ref idref="fl-2"/>
      </object_component>
      <object_component id="oc-59">
         <name>.debug_info</name>
         <load_address>0x116c</load_address>
         <run_address>0x116c</run_address>
         <size>0x1d64</size>
         <input_file_ref idref="fl-3"/>
      </object_component>
      <object_component id="oc-5e">
         <name>.debug_info</name>
         <load_address>0x2ed0</load_address>
         <run_address>0x2ed0</run_address>
         <size>0x6ee</size>
         <input_file_ref idref="fl-4"/>
      </object_component>
      <object_component id="oc-66">
         <name>.debug_info</name>
         <load_address>0x35be</load_address>
         <run_address>0x35be</run_address>
         <size>0x1908</size>
         <input_file_ref idref="fl-5"/>
      </object_component>
      <object_component id="oc-6b">
         <name>.debug_info</name>
         <load_address>0x4ec6</load_address>
         <run_address>0x4ec6</run_address>
         <size>0x2bfa</size>
         <input_file_ref idref="fl-6"/>
      </object_component>
      <object_component id="oc-73">
         <name>.debug_info</name>
         <load_address>0x7ac0</load_address>
         <run_address>0x7ac0</run_address>
         <size>0x2508</size>
         <input_file_ref idref="fl-7"/>
      </object_component>
      <object_component id="oc-7a">
         <name>.debug_info</name>
         <load_address>0x9fc8</load_address>
         <run_address>0x9fc8</run_address>
         <size>0x18a1</size>
         <input_file_ref idref="fl-8"/>
      </object_component>
      <object_component id="oc-82">
         <name>.debug_info</name>
         <load_address>0xb869</load_address>
         <run_address>0xb869</run_address>
         <size>0x48da</size>
         <input_file_ref idref="fl-9"/>
      </object_component>
      <object_component id="oc-8d">
         <name>.debug_info</name>
         <load_address>0x10143</load_address>
         <run_address>0x10143</run_address>
         <size>0x14e</size>
         <input_file_ref idref="fl-a"/>
      </object_component>
      <object_component id="oc-90">
         <name>.debug_info</name>
         <load_address>0x10291</load_address>
         <run_address>0x10291</run_address>
         <size>0x848</size>
         <input_file_ref idref="fl-b"/>
      </object_component>
      <object_component id="oc-96">
         <name>.debug_info</name>
         <load_address>0x10ad9</load_address>
         <run_address>0x10ad9</run_address>
         <size>0x23cb</size>
         <input_file_ref idref="fl-c"/>
      </object_component>
      <object_component id="oc-9c">
         <name>.debug_info</name>
         <load_address>0x12ea4</load_address>
         <run_address>0x12ea4</run_address>
         <size>0x1b05e</size>
         <input_file_ref idref="fl-d"/>
      </object_component>
      <object_component id="oc-d7">
         <name>.debug_info</name>
         <load_address>0x2df02</load_address>
         <run_address>0x2df02</run_address>
         <size>0x18f5</size>
         <input_file_ref idref="fl-e"/>
      </object_component>
      <object_component id="oc-dc">
         <name>.debug_info</name>
         <load_address>0x2f7f7</load_address>
         <run_address>0x2f7f7</run_address>
         <size>0xb4e</size>
         <input_file_ref idref="fl-f"/>
      </object_component>
      <object_component id="oc-e1">
         <name>.debug_info</name>
         <load_address>0x30345</load_address>
         <run_address>0x30345</run_address>
         <size>0x248f</size>
         <input_file_ref idref="fl-10"/>
      </object_component>
      <object_component id="oc-e6">
         <name>.debug_info</name>
         <load_address>0x327d4</load_address>
         <run_address>0x327d4</run_address>
         <size>0x28c7</size>
         <input_file_ref idref="fl-11"/>
      </object_component>
      <object_component id="oc-ed">
         <name>.debug_info</name>
         <load_address>0x3509b</load_address>
         <run_address>0x3509b</run_address>
         <size>0x11b</size>
         <input_file_ref idref="fl-12"/>
      </object_component>
      <object_component id="oc-f0">
         <name>.debug_info</name>
         <load_address>0x351b6</load_address>
         <run_address>0x351b6</run_address>
         <size>0x64c</size>
         <input_file_ref idref="fl-23"/>
      </object_component>
      <object_component id="oc-f5">
         <name>.debug_info</name>
         <load_address>0x35802</load_address>
         <run_address>0x35802</run_address>
         <size>0x7bc</size>
         <input_file_ref idref="fl-24"/>
      </object_component>
      <object_component id="oc-fc">
         <name>.debug_info</name>
         <load_address>0x35fbe</load_address>
         <run_address>0x35fbe</run_address>
         <size>0x173</size>
         <input_file_ref idref="fl-25"/>
      </object_component>
      <object_component id="oc-101">
         <name>.debug_info</name>
         <load_address>0x36131</load_address>
         <run_address>0x36131</run_address>
         <size>0x114</size>
         <input_file_ref idref="fl-26"/>
      </object_component>
      <object_component id="oc-105">
         <name>.debug_info</name>
         <load_address>0x36245</load_address>
         <run_address>0x36245</run_address>
         <size>0x561</size>
         <input_file_ref idref="fl-27"/>
      </object_component>
      <object_component id="oc-10a">
         <name>.debug_info</name>
         <load_address>0x367a6</load_address>
         <run_address>0x367a6</run_address>
         <size>0x43a</size>
         <input_file_ref idref="fl-28"/>
      </object_component>
      <object_component id="oc-10f">
         <name>.debug_info</name>
         <load_address>0x36be0</load_address>
         <run_address>0x36be0</run_address>
         <size>0x3ad</size>
         <input_file_ref idref="fl-29"/>
      </object_component>
      <object_component id="oc-114">
         <name>.debug_info</name>
         <load_address>0x36f8d</load_address>
         <run_address>0x36f8d</run_address>
         <size>0x3aa</size>
         <input_file_ref idref="fl-2a"/>
      </object_component>
      <object_component id="oc-119">
         <name>.debug_info</name>
         <load_address>0x37337</load_address>
         <run_address>0x37337</run_address>
         <size>0x544</size>
         <input_file_ref idref="fl-2b"/>
      </object_component>
      <object_component id="oc-120">
         <name>.debug_info</name>
         <load_address>0x3787b</load_address>
         <run_address>0x3787b</run_address>
         <size>0x4cc</size>
         <input_file_ref idref="fl-2c"/>
      </object_component>
      <object_component id="oc-125">
         <name>.debug_info</name>
         <load_address>0x37d47</load_address>
         <run_address>0x37d47</run_address>
         <size>0x467</size>
         <input_file_ref idref="fl-2d"/>
      </object_component>
      <object_component id="oc-12a">
         <name>.debug_info</name>
         <load_address>0x381ae</load_address>
         <run_address>0x381ae</run_address>
         <size>0x1e7</size>
         <input_file_ref idref="fl-2e"/>
      </object_component>
      <object_component id="oc-12c">
         <name>.debug_info</name>
         <load_address>0x38395</load_address>
         <run_address>0x38395</run_address>
         <size>0x4e1</size>
         <input_file_ref idref="fl-2f"/>
      </object_component>
      <object_component id="oc-131">
         <name>.debug_info</name>
         <load_address>0x38876</load_address>
         <run_address>0x38876</run_address>
         <size>0x4e5</size>
         <input_file_ref idref="fl-30"/>
      </object_component>
      <object_component id="oc-136">
         <name>.debug_info</name>
         <load_address>0x38d5b</load_address>
         <run_address>0x38d5b</run_address>
         <size>0x3ee</size>
         <input_file_ref idref="fl-31"/>
      </object_component>
      <object_component id="oc-13b">
         <name>.debug_info</name>
         <load_address>0x39149</load_address>
         <run_address>0x39149</run_address>
         <size>0x2a4f</size>
         <input_file_ref idref="fl-32"/>
      </object_component>
      <object_component id="oc-142">
         <name>.debug_info</name>
         <load_address>0x3bb98</load_address>
         <run_address>0x3bb98</run_address>
         <size>0x1ab7</size>
         <input_file_ref idref="fl-33"/>
      </object_component>
      <object_component id="oc-149">
         <name>.debug_info</name>
         <load_address>0x3d64f</load_address>
         <run_address>0x3d64f</run_address>
         <size>0x120</size>
         <input_file_ref idref="fl-34"/>
      </object_component>
      <object_component id="oc-14e">
         <name>.debug_info</name>
         <load_address>0x3d76f</load_address>
         <run_address>0x3d76f</run_address>
         <size>0x114</size>
         <input_file_ref idref="fl-35"/>
      </object_component>
      <object_component id="oc-153">
         <name>.debug_info</name>
         <load_address>0x3d883</load_address>
         <run_address>0x3d883</run_address>
         <size>0x114</size>
         <input_file_ref idref="fl-36"/>
      </object_component>
      <object_component id="oc-158">
         <name>.debug_info</name>
         <load_address>0x3d997</load_address>
         <run_address>0x3d997</run_address>
         <size>0x122</size>
         <input_file_ref idref="fl-37"/>
      </object_component>
      <object_component id="oc-15d">
         <name>.debug_info</name>
         <load_address>0x3dab9</load_address>
         <run_address>0x3dab9</run_address>
         <size>0x114</size>
         <input_file_ref idref="fl-38"/>
      </object_component>
      <object_component id="oc-162">
         <name>.debug_info</name>
         <load_address>0x3dbcd</load_address>
         <run_address>0x3dbcd</run_address>
         <size>0x114</size>
         <input_file_ref idref="fl-39"/>
      </object_component>
      <object_component id="oc-167">
         <name>.debug_info</name>
         <load_address>0x3dce1</load_address>
         <run_address>0x3dce1</run_address>
         <size>0x176</size>
         <input_file_ref idref="fl-3a"/>
      </object_component>
      <object_component id="oc-16c">
         <name>.debug_info</name>
         <load_address>0x3de57</load_address>
         <run_address>0x3de57</run_address>
         <size>0x14e</size>
         <input_file_ref idref="fl-3b"/>
      </object_component>
      <object_component id="oc-171">
         <name>.debug_info</name>
         <load_address>0x3dfa5</load_address>
         <run_address>0x3dfa5</run_address>
         <size>0x231</size>
         <input_file_ref idref="fl-3c"/>
      </object_component>
      <object_component id="oc-176">
         <name>.debug_info</name>
         <load_address>0x3e1d6</load_address>
         <run_address>0x3e1d6</run_address>
         <size>0x118</size>
         <input_file_ref idref="fl-3d"/>
      </object_component>
      <object_component id="oc-17b">
         <name>.debug_info</name>
         <load_address>0x3e2ee</load_address>
         <run_address>0x3e2ee</run_address>
         <size>0x118</size>
         <input_file_ref idref="fl-3e"/>
      </object_component>
      <object_component id="oc-180">
         <name>.debug_info</name>
         <load_address>0x3e406</load_address>
         <run_address>0x3e406</run_address>
         <size>0x11a</size>
         <input_file_ref idref="fl-3f"/>
      </object_component>
      <object_component id="oc-185">
         <name>.debug_info</name>
         <load_address>0x3e520</load_address>
         <run_address>0x3e520</run_address>
         <size>0x114</size>
         <input_file_ref idref="fl-40"/>
      </object_component>
      <object_component id="oc-189">
         <name>.debug_info</name>
         <load_address>0x3e634</load_address>
         <run_address>0x3e634</run_address>
         <size>0x46c</size>
         <input_file_ref idref="fl-41"/>
      </object_component>
      <object_component id="oc-18e">
         <name>.debug_info</name>
         <load_address>0x3eaa0</load_address>
         <run_address>0x3eaa0</run_address>
         <size>0x41f</size>
         <input_file_ref idref="fl-42"/>
      </object_component>
      <object_component id="oc-193">
         <name>.debug_info</name>
         <load_address>0x3eebf</load_address>
         <run_address>0x3eebf</run_address>
         <size>0x45e</size>
         <input_file_ref idref="fl-43"/>
      </object_component>
      <object_component id="oc-198">
         <name>.debug_info</name>
         <load_address>0x3f31d</load_address>
         <run_address>0x3f31d</run_address>
         <size>0x502</size>
         <input_file_ref idref="fl-44"/>
      </object_component>
      <object_component id="oc-19d">
         <name>.debug_info</name>
         <load_address>0x3f81f</load_address>
         <run_address>0x3f81f</run_address>
         <size>0x4f1</size>
         <input_file_ref idref="fl-45"/>
      </object_component>
      <object_component id="oc-1a2">
         <name>.debug_info</name>
         <load_address>0x3fd10</load_address>
         <run_address>0x3fd10</run_address>
         <size>0x4aa</size>
         <input_file_ref idref="fl-46"/>
      </object_component>
      <object_component id="oc-1a7">
         <name>.debug_info</name>
         <load_address>0x401ba</load_address>
         <run_address>0x401ba</run_address>
         <size>0x4e4</size>
         <input_file_ref idref="fl-47"/>
      </object_component>
      <object_component id="oc-1ac">
         <name>.debug_info</name>
         <load_address>0x4069e</load_address>
         <run_address>0x4069e</run_address>
         <size>0x73d</size>
         <input_file_ref idref="fl-48"/>
      </object_component>
      <object_component id="oc-1b1">
         <name>.debug_info</name>
         <load_address>0x40ddb</load_address>
         <run_address>0x40ddb</run_address>
         <size>0x575</size>
         <input_file_ref idref="fl-49"/>
      </object_component>
      <object_component id="oc-1b6">
         <name>.debug_info</name>
         <load_address>0x41350</load_address>
         <run_address>0x41350</run_address>
         <size>0x810</size>
         <input_file_ref idref="fl-4a"/>
      </object_component>
      <object_component id="oc-1bc">
         <name>.debug_info</name>
         <load_address>0x41b60</load_address>
         <run_address>0x41b60</run_address>
         <size>0x62c</size>
         <input_file_ref idref="fl-4b"/>
      </object_component>
      <object_component id="oc-1c1">
         <name>.debug_info</name>
         <load_address>0x4218c</load_address>
         <run_address>0x4218c</run_address>
         <size>0x50f</size>
         <input_file_ref idref="fl-4c"/>
      </object_component>
      <object_component id="oc-1c6">
         <name>.debug_info</name>
         <load_address>0x4269b</load_address>
         <run_address>0x4269b</run_address>
         <size>0x572</size>
         <input_file_ref idref="fl-4d"/>
      </object_component>
      <object_component id="oc-1cb">
         <name>.debug_info</name>
         <load_address>0x42c0d</load_address>
         <run_address>0x42c0d</run_address>
         <size>0x1c6</size>
         <input_file_ref idref="fl-4e"/>
      </object_component>
      <object_component id="oc-1cf">
         <name>.debug_info</name>
         <load_address>0x42dd3</load_address>
         <run_address>0x42dd3</run_address>
         <size>0x4a6</size>
         <input_file_ref idref="fl-4f"/>
      </object_component>
      <object_component id="oc-1d5">
         <name>.debug_info</name>
         <load_address>0x43279</load_address>
         <run_address>0x43279</run_address>
         <size>0x532</size>
         <input_file_ref idref="fl-50"/>
      </object_component>
      <object_component id="oc-1db">
         <name>.debug_info</name>
         <load_address>0x437ab</load_address>
         <run_address>0x437ab</run_address>
         <size>0x423</size>
         <input_file_ref idref="fl-51"/>
      </object_component>
      <object_component id="oc-1e0">
         <name>.debug_info</name>
         <load_address>0x43bce</load_address>
         <run_address>0x43bce</run_address>
         <size>0x40c</size>
         <input_file_ref idref="fl-52"/>
      </object_component>
      <object_component id="oc-1e5">
         <name>.debug_info</name>
         <load_address>0x43fda</load_address>
         <run_address>0x43fda</run_address>
         <size>0x4b8</size>
         <input_file_ref idref="fl-53"/>
      </object_component>
      <object_component id="oc-1ec">
         <name>.debug_info</name>
         <load_address>0x44492</load_address>
         <run_address>0x44492</run_address>
         <size>0x114</size>
         <input_file_ref idref="fl-54"/>
      </object_component>
      <object_component id="oc-1f1">
         <name>.debug_info</name>
         <load_address>0x445a6</load_address>
         <run_address>0x445a6</run_address>
         <size>0x118</size>
         <input_file_ref idref="fl-55"/>
      </object_component>
      <object_component id="oc-1f6">
         <name>.debug_info</name>
         <load_address>0x446be</load_address>
         <run_address>0x446be</run_address>
         <size>0x1a5</size>
         <input_file_ref idref="fl-56"/>
      </object_component>
      <object_component id="oc-1fa">
         <name>.debug_info</name>
         <load_address>0x44863</load_address>
         <run_address>0x44863</run_address>
         <size>0x406</size>
         <input_file_ref idref="fl-57"/>
      </object_component>
      <object_component id="oc-295">
         <name>.debug_info</name>
         <load_address>0x44c69</load_address>
         <run_address>0x44c69</run_address>
         <size>0xd6</size>
      </object_component>
      <object_component id="oc-55">
         <name>.debug_frame</name>
         <load_address>0x0</load_address>
         <run_address>0x0</run_address>
         <size>0x40</size>
         <input_file_ref idref="fl-2"/>
      </object_component>
      <object_component id="oc-5a">
         <name>.debug_frame</name>
         <load_address>0x40</load_address>
         <run_address>0x40</run_address>
         <size>0x40</size>
         <input_file_ref idref="fl-3"/>
      </object_component>
      <object_component id="oc-62">
         <name>.debug_frame</name>
         <load_address>0x80</load_address>
         <run_address>0x80</run_address>
         <size>0x60</size>
         <input_file_ref idref="fl-4"/>
      </object_component>
      <object_component id="oc-67">
         <name>.debug_frame</name>
         <load_address>0xe0</load_address>
         <run_address>0xe0</run_address>
         <size>0x40</size>
         <input_file_ref idref="fl-5"/>
      </object_component>
      <object_component id="oc-6f">
         <name>.debug_frame</name>
         <load_address>0x120</load_address>
         <run_address>0x120</run_address>
         <size>0xe4</size>
         <input_file_ref idref="fl-6"/>
      </object_component>
      <object_component id="oc-76">
         <name>.debug_frame</name>
         <load_address>0x204</load_address>
         <run_address>0x204</run_address>
         <size>0x40</size>
         <input_file_ref idref="fl-7"/>
      </object_component>
      <object_component id="oc-7e">
         <name>.debug_frame</name>
         <load_address>0x244</load_address>
         <run_address>0x244</run_address>
         <size>0x104</size>
         <input_file_ref idref="fl-8"/>
      </object_component>
      <object_component id="oc-86">
         <name>.debug_frame</name>
         <load_address>0x348</load_address>
         <run_address>0x348</run_address>
         <size>0x74</size>
         <input_file_ref idref="fl-9"/>
      </object_component>
      <object_component id="oc-92">
[...]
      </symbol>
      <symbol id="sm-3a8">
         <name>_AdcRegs</name>
         <value>0x7100</value>
         <object_component_ref idref="oc-d1"/>
      </symbol>
      <symbol id="sm-3a9">
         <name>_EPwm7Regs</name>
         <value>0x6980</value>
         <object_component_ref idref="oc-ce"/>
      </symbol>
      <symbol id="sm-3aa">
         <name>_Comp2Regs</name>
         <value>0x6420</value>
         <object_component_ref idref="oc-b2"/>
      </symbol>
      <symbol id="sm-3ab">
         <name>_XIntruptRegs</name>
         <value>0x7070</value>
         <object_component_ref idref="oc-b0"/>
      </symbol>
      <symbol id="sm-3ac">
         <name>_CpuTimer2Regs</name>
         <value>0xc10</value>
         <object_component_ref idref="oc-a6"/>
      </symbol>
      <symbol id="sm-3ad">
         <name>_HRCap1Regs</name>
         <value>0x6ac0</value>
         <object_component_ref idref="oc-ba"/>
      </symbol>
      <symbol id="sm-3ae">
         <name>_PieCtrlRegs</name>
         <value>0xce0</value>
         <object_component_ref idref="oc-b4"/>
      </symbol>
      <symbol id="sm-3af">
         <name>_SpibRegs</name>
         <value>0x7740</value>
         <object_component_ref idref="oc-af"/>
      </symbol>
      <symbol id="sm-3b0">
         <name>_ECanaRegs</name>
         <value>0x6000</value>
         <object_component_ref idref="oc-c3"/>
      </symbol>
      <symbol id="sm-3b1">
         <name>_Comp3Regs</name>
         <value>0x6440</value>
         <object_component_ref idref="oc-b3"/>
      </symbol>
      <symbol id="sm-3b2">
         <name>_ECap1Regs</name>
         <value>0x6a00</value>
         <object_component_ref idref="oc-b5"/>
      </symbol>
      <symbol id="sm-3b3">
         <name>_EmuKey</name>
         <value>0xd00</value>
         <object_component_ref idref="oc-9e"/>
      </symbol>
      <symbol id="sm-3b4">
         <name>_Cla1Regs</name>
         <value>0x1400</value>
         <object_component_ref idref="oc-c4"/>
      </symbol>
      <symbol id="sm-3b5">
         <name>_EQep1Regs</name>
         <value>0x6b00</value>
         <object_component_ref idref="oc-be"/>
      </symbol>
      <symbol id="sm-3b6">
         <name>_McbspaRegs</name>
         <value>0x5000</value>
         <object_component_ref idref="oc-c1"/>
      </symbol>
      <symbol id="sm-3b7">
         <name>_EPwm1Regs</name>
         <value>0x6800</value>
         <object_component_ref idref="oc-c8"/>
      </symbol>
      <symbol id="sm-3b8">
         <name>_ScibRegs</name>
         <value>0x7750</value>
         <object_component_ref idref="oc-ad"/>
      </symbol>
      <symbol id="sm-3b9">
         <name>_ECap2Regs</name>
         <value>0x6a20</value>
         <object_component_ref idref="oc-b6"/>
      </symbol>
      <symbol id="sm-3ba">
         <name>_GpioIntRegs</name>
         <value>0x6fe0</value>
         <object_component_ref idref="oc-b9"/>
      </symbol>
      <symbol id="sm-3bb">
         <name>_EQep2Regs</name>
         <value>0x6b40</value>
         <object_component_ref idref="oc-bf"/>
      </symbol>
      <symbol id="sm-3bc">
         <name>_PartIdRegs</name>
         <value>0x3d7e80</value>
         <object_component_ref idref="oc-9d"/>
      </symbol>
      <symbol id="sm-3bd">
         <name>_HRCap3Regs</name>
         <value>0x6c80</value>
         <object_component_ref idref="oc-bc"/>
      </symbol>
      <symbol id="sm-3be">
         <name>_EPwm8Regs</name>
         <value>0x69c0</value>
         <object_component_ref idref="oc-cf"/>
      </symbol>
      <symbol id="sm-3bf">
         <name>_Flash_CPUScaleFactor</name>
         <value>0xd04</value>
         <object_component_ref idref="oc-a0"/>
      </symbol>
      <symbol id="sm-3c0">
         <name>_EPwm2Regs</name>
         <value>0x6840</value>
         <object_component_ref idref="oc-c9"/>
      </symbol>
      <symbol id="sm-3c1">
         <name>_ECanaMboxes</name>
         <value>0x6100</value>
         <object_component_ref idref="oc-d3"/>
      </symbol>
      <symbol id="sm-3c2">
         <name>_ECap3Regs</name>
         <value>0x6a40</value>
         <object_component_ref idref="oc-b7"/>
      </symbol>
      <symbol id="sm-3c3">
         <name>_HRCap2Regs</name>
         <value>0x6ae0</value>
         <object_component_ref idref="oc-bb"/>
      </symbol>
      <symbol id="sm-3c4">
         <name>_NmiIntruptRegs</name>
         <value>0x7060</value>
         <object_component_ref idref="oc-ab"/>
      </symbol>
      <symbol id="sm-3c5">
         <name>_ECanaMOTORegs</name>
         <value>0x60c0</value>
         <object_component_ref idref="oc-c7"/>
      </symbol>
      <symbol id="sm-3c6">
         <name>_Flash_CallbackPtr</name>
         <value>0xd02</value>
         <object_component_ref idref="oc-a1"/>
      </symbol>
      <symbol id="sm-3c7">
         <name>_EPwm3Regs</name>
         <value>0x6880</value>
         <object_component_ref idref="oc-ca"/>
      </symbol>
      <symbol id="sm-3c8">
         <name>_I2caRegs</name>
         <value>0x7900</value>
         <object_component_ref idref="oc-c0"/>
      </symbol>
      <symbol id="sm-3d4">
         <name>_InitGpio</name>
         <value>0xac6b</value>
         <object_component_ref idref="oc-211"/>
      </symbol>
      <symbol id="sm-3e1">
         <name>_InitPieCtrl</name>
         <value>0xaaed</value>
         <object_component_ref idref="oc-212"/>
      </symbol>
      <symbol id="sm-3e3">
         <name>_EnableInterrupts</name>
         <value>0xab0c</value>
         <object_component_ref idref="oc-212"/>
      </symbol>
      <symbol id="sm-3f4">
         <name>_PieVectTableInit</name>
         <value>0xc102</value>
         <object_component_ref idref="oc-21b"/>
      </symbol>
      <symbol id="sm-3f5">
         <name>_InitPieVectTable</name>
         <value>0xab15</value>
         <object_component_ref idref="oc-213"/>
      </symbol>
      <symbol id="sm-40d">
         <name>_InitPll</name>
         <value>0x9cde</value>
         <object_component_ref idref="oc-210"/>
      </symbol>
      <symbol id="sm-40f">
         <name>_IntOsc1Sel</name>
         <value>0x9de7</value>
         <object_component_ref idref="oc-210"/>
      </symbol>
      <symbol id="sm-411">
         <name>_ExtOscSel</name>
         <value>0x9e2c</value>
         <object_component_ref idref="oc-210"/>
      </symbol>
      <symbol id="sm-413">
         <name>_DisableDog</name>
         <value>0x9cd6</value>
         <object_component_ref idref="oc-210"/>
      </symbol>
      <symbol id="sm-415">
         <name>_InitPeripheralClocks</name>
         <value>0x9d60</value>
         <object_component_ref idref="oc-210"/>
      </symbol>
      <symbol id="sm-417">
         <name>_IntOsc2Sel</name>
         <value>0x9df7</value>
         <object_component_ref idref="oc-210"/>
      </symbol>
      <symbol id="sm-419">
         <name>_CsmUnlock</name>
         <value>0x9db6</value>
         <object_component_ref idref="oc-210"/>
      </symbol>
      <symbol id="sm-41b">
         <name>_InitPll2</name>
         <value>0x9d32</value>
         <object_component_ref idref="oc-210"/>
      </symbol>
      <symbol id="sm-41d">
         <name>_ServiceDog</name>
         <value>0x9ccc</value>
         <object_component_ref idref="oc-210"/>
      </symbol>
      <symbol id="sm-41f">
         <name>_XtalOscSel</name>
         <value>0x9e11</value>
         <object_component_ref idref="oc-210"/>
      </symbol>
      <symbol id="sm-421">
         <name>_InitSysCtrl</name>
         <value>0x9cb2</value>
         <object_component_ref idref="oc-210"/>
      </symbol>
      <symbol id="sm-42e">
         <name>_DSP28x_usDelay</name>
         <value>0xb6c3</value>
         <object_component_ref idref="oc-eb"/>
      </symbol>
      <symbol id="sm-43c">
         <name>_sprintf</name>
         <value>0xa9dd</value>
         <object_component_ref idref="oc-21f"/>
      </symbol>
      <symbol id="sm-457">
         <name>_sscanf</name>
         <value>0xa78e</value>
         <object_component_ref idref="oc-21d"/>
      </symbol>
      <symbol id="sm-459">
         <name>_vsscanf</name>
         <value>0xa77e</value>
         <object_component_ref idref="oc-21d"/>
      </symbol>
      <symbol id="sm-475">
         <name>_c_int00</name>
         <value>0xa94f</value>
         <object_component_ref idref="oc-50"/>
      </symbol>
      <symbol id="sm-476">
         <name>__stack</name>
         <value>0x400</value>
         <object_component_ref idref="oc-fa"/>
      </symbol>
      <symbol id="sm-487">
         <name>FS$$DIV</name>
         <value>0xa57d</value>
         <object_component_ref idref="oc-100"/>
      </symbol>
      <symbol id="sm-496">
         <name>_copy_in</name>
         <value>0xab3b</value>
         <object_component_ref idref="oc-200"/>
      </symbol>
      <symbol id="sm-4a8">
         <name>_memcpy</name>
         <value>0xabfe</value>
         <object_component_ref idref="oc-20b"/>
      </symbol>
      <symbol id="sm-4b5">
         <name>__system_pre_init</name>
         <value>0xad3c</value>
         <object_component_ref idref="oc-1ff"/>
      </symbol>
      <symbol id="sm-4c3">
         <name>__system_post_cinit</name>
         <value>0xad3e</value>
         <object_component_ref idref="oc-201"/>
      </symbol>
      <symbol id="sm-4d8">
         <name>C$$EXIT</name>
         <value>0xaac4</value>
         <object_component_ref idref="oc-203"/>
      </symbol>
      <symbol id="sm-4d9">
         <name>_exit</name>
         <value>0xaac6</value>
         <object_component_ref idref="oc-203"/>
      </symbol>
      <symbol id="sm-4db">
         <name>___TI_cleanup_ptr</name>
         <value>0xc664</value>
         <object_component_ref idref="oc-11b"/>
      </symbol>
      <symbol id="sm-4dc">
         <name>___TI_enable_exit_profile_output</name>
         <value>0xc662</value>
         <object_component_ref idref="oc-11b"/>
      </symbol>
      <symbol id="sm-4dd">
         <name>_abort</name>
         <value>0xaac4</value>
         <object_component_ref idref="oc-203"/>
      </symbol>
      <symbol id="sm-4df">
         <name>___TI_dtors_ptr</name>
         <value>0xc666</value>
         <object_component_ref idref="oc-11b"/>
      </symbol>
      <symbol id="sm-4f3">
         <name>__unlock</name>
         <value>0xc66c</value>
         <object_component_ref idref="oc-220"/>
      </symbol>
      <symbol id="sm-4f4">
         <name>__lock</name>
         <value>0xc66a</value>
         <object_component_ref idref="oc-20d"/>
      </symbol>
      <symbol id="sm-4f5">
         <name>__register_lock</name>
         <value>0xad09</value>
         <object_component_ref idref="oc-219"/>
      </symbol>
      <symbol id="sm-4f7">
         <name>__nop</name>
         <value>0xad0d</value>
         <object_component_ref idref="oc-219"/>
      </symbol>
      <symbol id="sm-4f9">
         <name>__register_unlock</name>
         <value>0xad05</value>
         <object_component_ref idref="oc-219"/>
      </symbol>
      <symbol id="sm-509">
         <name>__args_main</name>
         <value>0xac94</value>
         <object_component_ref idref="oc-202"/>
      </symbol>
      <symbol id="sm-512">
         <name>__ctypes_</name>
         <value>0xc000</value>
         <object_component_ref idref="oc-20f"/>
      </symbol>
      <symbol id="sm-520">
         <name>_strcmp</name>
         <value>0xacfb</value>
         <object_component_ref idref="oc-21e"/>
      </symbol>
      <symbol id="sm-52e">
         <name>_strcpy</name>
         <value>0xad37</value>
         <object_component_ref idref="oc-207"/>
      </symbol>
      <symbol id="sm-53b">
         <name>_toupper</name>
         <value>0xacc7</value>
         <object_component_ref idref="oc-209"/>
      </symbol>
      <symbol id="sm-69f">
         <name>___TI_printfi</name>
         <value>0x9310</value>
         <object_component_ref idref="oc-222"/>
      </symbol>
      <symbol id="sm-7ab">
         <name>___TI_scanfi</name>
         <value>0x84d9</value>
         <object_component_ref idref="oc-221"/>
      </symbol>
      <symbol id="sm-7bc">
         <name>FD$$CMP</name>
         <value>0xaa70</value>
         <object_component_ref idref="oc-148"/>
      </symbol>
      <symbol id="sm-7ce">
         <name>FD$$MPY</name>
         <value>0xa605</value>
         <object_component_ref idref="oc-14d"/>
      </symbol>
      <symbol id="sm-7db">
         <name>FD$$NEG</name>
         <value>0xad0e</value>
         <object_component_ref idref="oc-152"/>
      </symbol>
      <symbol id="sm-7e7">
         <name>FD$$SUB</name>
         <value>0xacd6</value>
         <object_component_ref idref="oc-157"/>
      </symbol>
      <symbol id="sm-7f6">
         <name>FD$$TOI</name>
         <value>0xab83</value>
         <object_component_ref idref="oc-15c"/>
      </symbol>
      <symbol id="sm-805">
         <name>FD$$TOL</name>
         <value>0xaba4</value>
         <object_component_ref idref="oc-161"/>
      </symbol>
      <symbol id="sm-811">
         <name>LL$$AND</name>
         <value>0xac53</value>
         <object_component_ref idref="oc-166"/>
      </symbol>
      <symbol id="sm-812">
         <name>LL$$OR</name>
         <value>0xac5b</value>
         <object_component_ref idref="oc-166"/>
      </symbol>
      <symbol id="sm-813">
         <name>LL$$XOR</name>
         <value>0xac63</value>
         <object_component_ref idref="oc-166"/>
      </symbol>
      <symbol id="sm-821">
         <name>ULL$$CMP</name>
         <value>0xabd5</value>
         <object_component_ref idref="oc-16b"/>
      </symbol>
      <symbol id="sm-822">
         <name>LL$$CMP</name>
         <value>0xabc3</value>
         <object_component_ref idref="oc-16b"/>
      </symbol>
      <symbol id="sm-84e">
         <name>ULL$$MOD</name>
         <value>0xa026</value>
         <object_component_ref idref="oc-170"/>
      </symbol>
      <symbol id="sm-84f">
         <name>ULL$$DIV</name>
         <value>0x9ff7</value>
         <object_component_ref idref="oc-170"/>
      </symbol>
      <symbol id="sm-850">
         <name>LL$$MOD</name>
         <value>0x9fbd</value>
         <object_component_ref idref="oc-170"/>
      </symbol>
      <symbol id="sm-851">
         <name>LL$$DIV</name>
         <value>0x9f81</value>
         <object_component_ref idref="oc-170"/>
      </symbol>
      <symbol id="sm-861">
         <name>I$$TOFD</name>
         <value>0xabe1</value>
         <object_component_ref idref="oc-175"/>
      </symbol>
      <symbol id="sm-871">
         <name>L$$TOFD</name>
         <value>0xac37</value>
         <object_component_ref idref="oc-17a"/>
      </symbol>
      <symbol id="sm-881">
         <name>FS$$TOFD</name>
         <value>0xac1b</value>
         <object_component_ref idref="oc-17f"/>
      </symbol>
      <symbol id="sm-898">
         <name>FD$$DIV</name>
         <value>0xa4f2</value>
         <object_component_ref idref="oc-184"/>
      </symbol>
      <symbol id="sm-8a6">
         <name>___TI_ltoa</name>
         <value>0xaa40</value>
         <object_component_ref idref="oc-239"/>
      </symbol>
      <symbol id="sm-8bb">
         <name>_atoi</name>
         <value>0xaa0f</value>
         <object_component_ref idref="oc-224"/>
      </symbol>
      <symbol id="sm-8cb">
         <name>_memccpy</name>
         <value>0xacb7</value>
         <object_component_ref idref="oc-231"/>
      </symbol>
      <symbol id="sm-8da">
         <name>_memset</name>
         <value>0xad30</value>
         <object_component_ref idref="oc-22f"/>
      </symbol>
      <symbol id="sm-8ea">
         <name>_strchr</name>
         <value>0xace4</value>
         <object_component_ref idref="oc-227"/>
      </symbol>
      <symbol id="sm-8f8">
         <name>_strlen</name>
         <value>0xad28</value>
         <object_component_ref idref="oc-223"/>
      </symbol>
      <symbol id="sm-908">
         <name>_strrchr</name>
         <value>0xacf0</value>
         <object_component_ref idref="oc-225"/>
      </symbol>
      <symbol id="sm-965">
         <name>_strtod</name>
         <value>0x9ab3</value>
         <object_component_ref idref="oc-22c"/>
      </symbol>
      <symbol id="sm-967">
         <name>_strtof</name>
         <value>0x9ab3</value>
         <object_component_ref idref="oc-22c"/>
      </symbol>
      <symbol id="sm-98c">
         <name>_strtol</name>
         <value>0xa18a</value>
         <object_component_ref idref="oc-22e"/>
      </symbol>
      <symbol id="sm-9f4">
         <name>_strtold</name>
         <value>0x9830</value>
         <object_component_ref idref="oc-22b"/>
      </symbol>
      <symbol id="sm-a1b">
         <name>_strtoll</name>
         <value>0x9e42</value>
         <object_component_ref idref="oc-22d"/>
      </symbol>
      <symbol id="sm-a3e">
         <name>_strtoul</name>
         <value>0xa25d</value>
         <object_component_ref idref="oc-22a"/>
      </symbol>
      <symbol id="sm-a61">
         <name>_strtoull</name>
         <value>0xa088</value>
         <object_component_ref idref="oc-229"/>
      </symbol>
      <symbol id="sm-a6c">
         <name>_errno</name>
         <value>0xc66e</value>
         <object_component_ref idref="oc-1cd"/>
      </symbol>
      <symbol id="sm-a7f">
         <name>_frexpl</name>
         <value>0xa847</value>
         <object_component_ref idref="oc-23a"/>
      </symbol>
      <symbol id="sm-a9e">
         <name>_scalbnl</name>
         <value>0xa30e</value>
         <object_component_ref idref="oc-235"/>
      </symbol>
      <symbol id="sm-aa0">
         <name>_ldexpl</name>
         <value>0xa30e</value>
         <object_component_ref idref="oc-235"/>
      </symbol>
      <symbol id="sm-aad">
         <name>_copysignl</name>
         <value>0xab5f</value>
         <object_component_ref idref="oc-23b"/>
      </symbol>
      <symbol id="sm-abc">
         <name>_wcslen</name>
         <value>0xad17</value>
         <object_component_ref idref="oc-232"/>
      </symbol>
      <symbol id="sm-ad5">
         <name>_scalbn</name>
         <value>0xa8a1</value>
         <object_component_ref idref="oc-238"/>
      </symbol>
      <symbol id="sm-ad6">
         <name>_ldexp</name>
         <value>0xa8a1</value>
         <object_component_ref idref="oc-238"/>
      </symbol>
      <symbol id="sm-ad7">
         <name>_scalbnf</name>
         <value>0xa8a1</value>
         <object_component_ref idref="oc-238"/>
      </symbol>
      <symbol id="sm-ad9">
         <name>_ldexpf</name>
         <value>0xa8a1</value>
         <object_component_ref idref="oc-238"/>
      </symbol>
      <symbol id="sm-af4">
         <name>FD$$ADD</name>
         <value>0xa456</value>
         <object_component_ref idref="oc-1eb"/>
      </symbol>
      <symbol id="sm-b00">
         <name>LL$$MPY</name>
         <value>0xac80</value>
         <object_component_ref idref="oc-1f0"/>
      </symbol>
      <symbol id="sm-b0c">
         <name>UL$$MOD</name>
         <value>0xaabe</value>
         <object_component_ref idref="oc-1f5"/>
      </symbol>
      <symbol id="sm-b0d">
         <name>L$$MOD</name>
         <value>0xaaa9</value>
         <object_component_ref idref="oc-1f5"/>
      </symbol>
      <symbol id="sm-b0e">
         <name>L$$DIV</name>
         <value>0xaa9a</value>
         <object_component_ref idref="oc-1f5"/>
      </symbol>
      <symbol id="sm-b0f">
         <name>UL$$DIV</name>
         <value>0xaab7</value>
         <object_component_ref idref="oc-1f5"/>
      </symbol>
      <symbol id="sm-b1b">
         <name>_copysignf</name>
         <value>0xaca6</value>
         <object_component_ref idref="oc-23c"/>
      </symbol>
      <symbol id="sm-b1d">
         <name>_copysign</name>
         <value>0xaca6</value>
         <object_component_ref idref="oc-23c"/>
      </symbol>
   </symbol_table>
   <title>Link successful</title>
</link_info>
