******************************************************************************
             TMS320C2000 Linker PC v22.6.0                     
******************************************************************************
>> Linked Wed Nov 20 13:21:57 2024

OUTPUT FILE NAME:   <Ex_13_0.out>
ENTRY POINT SYMBOL: "_c_int00"  address: 0000a94f


MEMORY CONFIGURATION

         name            origin    length      used     unused   attr    fill
----------------------  --------  ---------  --------  --------  ----  --------
PAGE 0:
  BEGIN                 00000000   00000002  00000002  00000000  RWIX
  RAMM0                 00000050   000003b0  00000020  00000390  RWIX
  RAML0_L4              00008000   00004000  00003768  00000898  RWIX
  FPUTABLES             003fd860   000006a0  00000000  000006a0  RWIX
  IQTABLES              003fdf00   00000b50  00000000  00000b50  RWIX
  IQTABLES2             003fea50   0000008c  00000000  0000008c  RWIX
  IQTABLES3             003feadc   000000aa  00000000  000000aa  RWIX
  BOOTROM               003ff3b0   00000c10  00000000  00000c10  RWIX
  RESET                 003fffc0   00000002  00000000  00000002  RWIX

PAGE 1:
  BOOT_RSVD             00000002   0000004e  00000000  0000004e  RWIX
  RAMM1                 00000400   00000400  00000400  00000000  RWIX
  DEV_EMU               00000880   00000105  00000004  00000101  RWIX
  SYS_PWR_CTL           00000985   00000003  00000003  00000000  RWIX
  FLASH_REGS            00000a80   00000060  00000008  00000058  RWIX
  CSM                   00000ae0   00000020  00000010  00000010  RWIX
  ADC_RESULT            00000b00   00000020  00000010  00000010  RWIX
  CPU_TIMER0            00000c00   00000008  00000008  00000000  RWIX
  CPU_TIMER1            00000c08   00000008  00000008  00000000  RWIX
  CPU_TIMER2            00000c10   00000008  00000008  00000000  RWIX
  PIE_CTRL              00000ce0   00000020  0000001a  00000006  RWIX
  PIE_VECT              00000d00   00000100  00000100  00000000  RWIX
  DMA                   00001000   00000200  000000e0  00000120  RWIX
  CLA1                  00001400   00000080  00000040  00000040  RWIX
  USB0                  00004000   00001000  00000454  00000bac  RWIX
  McBSPA                00005000   00000040  00000024  0000001c  RWIX
  ECANA                 00006000   00000040  00000034  0000000c  RWIX
  ECANA_LAM             00006040   00000040  00000040  00000000  RWIX
  ECANA_MOTS            00006080   00000040  00000040  00000000  RWIX
  ECANA_MOTO            000060c0   00000040  00000040  00000000  RWIX
  ECANA_MBOX            00006100   00000100  00000100  00000000  RWIX
  COMP1                 00006400   00000020  00000014  0000000c  RWIX
  COMP2                 00006420   00000020  00000014  0000000c  RWIX
  COMP3                 00006440   00000020  00000014  0000000c  RWIX
  EPWM1                 00006800   00000040  00000040  00000000  RWIX
  EPWM2                 00006840   00000040  00000040  00000000  RWIX
  EPWM3                 00006880   00000040  00000040  00000000  RWIX
  EPWM4                 000068c0   00000040  00000040  00000000  RWIX
  EPWM5                 00006900   00000040  00000040  00000000  RWIX
  EPWM6                 00006940   00000040  00000040  00000000  RWIX
  EPWM7                 00006980   00000040  00000040  00000000  RWIX
  EPWM8                 000069c0   00000040  00000040  00000000  RWIX
  ECAP1                 00006a00   00000020  00000020  00000000  RWIX
  ECAP2                 00006a20   00000020  00000020  00000000  RWIX
  ECAP3                 00006a40   00000020  00000020  00000000  RWIX
  HRCAP1                00006ac0   00000020  00000020  00000000  RWIX
  HRCAP2                00006ae0   00000020  00000020  00000000  RWIX
  EQEP1                 00006b00   00000040  00000022  0000001e  RWIX
  EQEP2                 00006b40   00000040  00000022  0000001e  RWIX
  HRCAP3                00006c80   00000020  00000020  00000000  RWIX
  HRCAP4                00006ca0   00000020  00000020  00000000  RWIX
  GPIOCTRL              00006f80   00000040  00000040  00000000  RWIX
  GPIODAT               00006fc0   00000020  00000020  00000000  RWIX
  GPIOINT               00006fe0   00000020  00000020  00000000  RWIX
  SYSTEM                00007010   00000030  00000030  00000000  RWIX
  SPIA                  00007040   00000010  00000010  00000000  RWIX
  SCIA                  00007050   00000010  00000010  00000000  RWIX
  NMIINTRUPT            00007060   00000010  00000010  00000000  RWIX
  XINTRUPT              00007070   00000010  00000010  00000000  RWIX
  ADC                   00007100   00000080  00000050  00000030  RWIX
  SPIB                  00007740   00000010  00000010  00000000  RWIX
  SCIB                  00007750   00000010  00000010  00000000  RWIX
  I2CA                  00007900   00000040  00000022  0000001e  RWIX
  RAML5                 0000c000   00002000  0000066f  00001991  RWIX
  RAML6                 0000e000   00002000  00000000  00002000  RWIX
  RAML7                 00010000   00002000  00000000  00002000  RWIX
  RAML8                 00012000   00002000  00000000  00002000  RWIX
  USB_RAM               00040000   00000800  00000000  00000800  RWIX
  PARTID                003d7e80   00000001  00000001  00000000  RWIX
  CSM_PWL               003f7ff8   00000008  00000008  00000000  RWIX


SECTION ALLOCATION MAP

 output                                  attributes/
section   page    origin      length       input sections
--------  ----  ----------  ----------   ----------------
codestart 
*          0    00000000    00000002     
                  00000000    00000002     F2806x_CodeStartBranch.obj (codestart)

.text      0    00008000    00002d3f     
                  00008000    000007d0     rts2800_fpu32.lib : _scanfi.c.obj (.text)
                  000087d0    000006d0                       : _printfi.c.obj (.text)
                  00008ea0    000005f5                       : _printfi.c.obj (.text:__TI_printfi)
                  00009495    0000039b     F2806x_DefaultIsr.obj (.text:retain)
                  00009830    00000283     rts2800_fpu32.lib : strtold.c.obj (.text)
                  00009ab3    000001ff                       : strtod.c.obj (.text)
                  00009cb2    00000190     F2806x_SysCtrl.obj (.text)
                  00009e42    0000013f     rts2800_fpu32.lib : strtoll.c.obj (.text)
                  00009f81    00000107                       : ll_div28.asm.obj (.text)
                  0000a088    00000102                       : strtoull.c.obj (.text)
                  0000a18a    000000d3                       : strtol.c.obj (.text)
                  0000a25d    000000b1                       : strtoul.c.obj (.text)
                  0000a30e    000000a9                       : s_scalbn.c.obj (.text)
                  0000a3b7    0000009f     Ex_13_0_pwm.obj (.text)
                  0000a456    0000009c     rts2800_fpu32.lib : fd_add28.asm.obj (.text)
                  0000a4f2    0000008b                       : fd_div28.asm.obj (.text)
                  0000a57d    00000088                       : fs_div28.asm.obj (.text)
                  0000a605    00000083                       : fd_mpy28.asm.obj (.text)
                  0000a688    0000007c     Ex_13_0_gpio.obj (.text)
                  0000a704    0000007a     Ex_13_0.obj (.text)
                  0000a77e    0000006d     rts2800_fpu32.lib : sscanf.c.obj (.text)
                  0000a7eb    0000005c     Ex_13_0_adc.obj (.text)
                  0000a847    0000005a     rts2800_fpu32.lib : s_frexp.c.obj (.text)
                  0000a8a1    00000058                       : s_scalbnf.c.obj (.text)
                  0000a8f9    00000056     Ex_13_0_interrupts.obj (.text)
                  0000a94f    00000056     rts2800_fpu32.lib : boot28.asm.obj (.text)
                  0000a9a5    00000038     Ex_13_0_sci.obj (.text)
                  0000a9dd    00000032     rts2800_fpu32.lib : sprintf.c.obj (.text)
                  0000aa0f    00000031                       : atoi.c.obj (.text)
                  0000aa40    00000030                       : _ltoa.c.obj (.text)
                  0000aa70    0000002a                       : fd_cmp28.asm.obj (.text)
                  0000aa9a    0000002a                       : l_div28.asm.obj (.text)
                  0000aac4    00000029                       : exit.c.obj (.text)
                  0000aaed    00000028     F2806x_PieCtrl.obj (.text)
                  0000ab15    00000026     F2806x_PieVect.obj (.text)
                  0000ab3b    00000024     rts2800_fpu32.lib : cpy_tbl.c.obj (.text)
                  0000ab5f    00000024                       : s_copysign.c.obj (.text)
                  0000ab83    00000021                       : fd_toi28.asm.obj (.text)
                  0000aba4    0000001f                       : fd_tol28.asm.obj (.text)
                  0000abc3    0000001e                       : ll_cmp28.asm.obj (.text)
                  0000abe1    0000001d                       : i_tofd28.asm.obj (.text)
                  0000abfe    0000001d                       : memcpy.c.obj (.text)
                  0000ac1b    0000001c                       : fs_tofdfpu32.asm.obj (.text)
                  0000ac37    0000001c                       : l_tofd28.asm.obj (.text)
                  0000ac53    00000018                       : ll_aox28.asm.obj (.text)
                  0000ac6b    00000015     F2806x_Gpio.obj (.text)
                  0000ac80    00000014     rts2800_fpu32.lib : ll_mpy28.asm.obj (.text)
                  0000ac94    00000012                       : args_main.c.obj (.text)
                  0000aca6    00000011                       : s_copysignf.c.obj (.text)
                  0000acb7    00000010                       : memccpy.c.obj (.text)
                  0000acc7    0000000f                       : toupper.c.obj (.text)
                  0000acd6    0000000e                       : fd_sub28.asm.obj (.text)
                  0000ace4    0000000c                       : strchr.c.obj (.text)
                  0000acf0    0000000b                       : strrchr.c.obj (.text)
                  0000acfb    0000000a                       : strcmp.c.obj (.text)
                  0000ad05    00000009                       : _lock.c.obj (.text)
                  0000ad0e    00000009                       : fd_neg28.asm.obj (.text)
                  0000ad17    00000009                       : wcslen.c.obj (.text)
                  0000ad20    00000008     F2806x_CodeStartBranch.obj (.text)
                  0000ad28    00000008     rts2800_fpu32.lib : strlen.c.obj (.text)
                  0000ad30    00000007                       : memset.c.obj (.text)
                  0000ad37    00000005                       : strcpy.c.obj (.text)
                  0000ad3c    00000002                       : pre_init.c.obj (.text)
                  0000ad3e    00000001                       : startup.c.obj (.text)

.TI.ramfunc 
*          0    0000ad3f    00000988     
                  0000ad3f    00000758     Ex_13_0_stepMotor.obj (.TI.ramfunc:retain)
                  0000b497    0000014d     Ex_13_0_interrupts.obj (.TI.ramfunc:retain)
                  0000b5e4    0000007c     Ex_13_0_sci.obj (.TI.ramfunc:retain)
                  0000b660    00000063     Ex_13_0_command.obj (.TI.ramfunc)
                  0000b6c3    00000004     F2806x_usDelay.obj (.TI.ramfunc)

.cinit     0    0000b6c7    000000a1     
                  0000b6c7    00000030     Ex_13_0_interrupts.obj (.cinit)
                  0000b6f7    00000028     Ex_13_0_stepMotor.obj (.cinit)
                  0000b71f    00000014     Ex_13_0_pwm.obj (.cinit)
                  0000b733    0000000e     rts2800_fpu32.lib : exit.c.obj (.cinit)
                  0000b741    0000000a     Ex_13_0_command.obj (.cinit)
                  0000b74b    00000008     Ex_13_0_sci.obj (.cinit)
                  0000b753    00000005     Ex_13_0.obj (.cinit)
                  0000b758    00000005     rts2800_fpu32.lib : _lock.c.obj (.cinit:__lock)
                  0000b75d    00000005                       : _lock.c.obj (.cinit:__unlock)
                  0000b762    00000004                       : errno.c.obj (.cinit)
                  0000b766    00000002     --HOLE-- [fill = 0]

.pinit     0    00000050    00000000     UNINITIALIZED

.switch    0    00000050    00000020     
                  00000050    00000020     Ex_13_0_stepMotor.obj (.switch:_ISRadc)

.reset     0    003fffc0    00000002     DSECT
                  003fffc0    00000002     rts2800_fpu32.lib : boot28.asm.obj (.reset)

.stack     1    00000400    00000400     UNINITIALIZED
                  00000400    00000400     --HOLE--

.econst    1    0000c000    000003be     
                  0000c000    00000101     rts2800_fpu32.lib : ctype.c.obj (.econst:.string:__ctypes_)
                  0000c101    00000001     --HOLE-- [fill = 0]
                  0000c102    00000100     F2806x_PieVect.obj (.econst:_PieVectTableInit)
                  0000c202    00000068     Ex_13_0_command.obj (.econst:.string)
                  0000c26a    00000040     rts2800_fpu32.lib : strtold.c.obj (.econst:_digits)
                  0000c2aa    0000002f     Ex_13_0.obj (.econst:.string)
                  0000c2d9    00000001     --HOLE-- [fill = 0]
                  0000c2da    00000026     rts2800_fpu32.lib : _printfi.c.obj (.econst:.string)
                  0000c300    00000024                       : strtold.c.obj (.econst:_powerof10)
                  0000c324    00000020                       : strtod.c.obj (.econst:_digits)
                  0000c344    0000001c                       : _printfi.c.obj (.econst)
                  0000c360    0000001c                       : s_scalbn.c.obj (.econst)
                  0000c37c    0000000e                       : _scanfi.c.obj (.econst:.string)
                  0000c38a    0000000c                       : strtod.c.obj (.econst:_powerof10)
                  0000c396    0000000c                       : strtold.c.obj (.econst)
                  0000c3a2    00000008                       : s_frexp.c.obj (.econst)
                  0000c3aa    00000007                       : _scanfi.c.obj (.econst:.string:_flit$1)
                  0000c3b1    00000006                       : _scanfi.c.obj (.econst:.string:_barr$2)
                  0000c3b7    00000001     --HOLE-- [fill = 0]
                  0000c3b8    00000006                       : s_scalbnf.c.obj (.econst)

.ebss      1    0000c3be    000002b1     UNINITIALIZED
                  0000c3be    00000002     Ex_13_0.obj (.ebss)
                  0000c3c0    000001f4     Ex_13_0_sci.obj (.ebss:_sciaCmdIn)
                  0000c5b4    0000000c     Ex_13_0_interrupts.obj (.ebss)
                  0000c5c0    00000032     Ex_13_0_sci.obj (.ebss:_cmdStr)
                  0000c5f2    0000000e     Ex_13_0_stepMotor.obj (.ebss:_tempADC)
                  0000c600    00000032     Ex_13_0_command.obj (.ebss:_tmpStr)
                  0000c632    0000000a     Ex_13_0_pwm.obj (.ebss)
                  0000c63c    00000004     Ex_13_0_command.obj (.ebss)
                  0000c640    00000018     F2806x_CpuTimers.obj (.ebss)
                  0000c658    0000000a     Ex_13_0_stepMotor.obj (.ebss)
                  0000c662    00000006     rts2800_fpu32.lib : exit.c.obj (.ebss)
                  0000c668    00000002     Ex_13_0_sci.obj (.ebss)
                  0000c66a    00000002     rts2800_fpu32.lib : _lock.c.obj (.ebss:__lock)
                  0000c66c    00000002                       : _lock.c.obj (.ebss:__unlock)
                  0000c66e    00000001                       : errno.c.obj (.ebss)

DevEmuRegsFile 
*          1    00000880    00000004     UNINITIALIZED
                  00000880    00000004     F2806x_GlobalVariableDefs.obj (DevEmuRegsFile)

SysPwrCtrlRegsFile 
*          1    00000985    00000003     UNINITIALIZED
                  00000985    00000003     F2806x_GlobalVariableDefs.obj (SysPwrCtrlRegsFile)

FlashRegsFile 
*          1    00000a80    00000008     UNINITIALIZED
                  00000a80    00000008     F2806x_GlobalVariableDefs.obj (FlashRegsFile)

CsmRegsFile 
*          1    00000ae0    00000010     UNINITIALIZED
                  00000ae0    00000010     F2806x_GlobalVariableDefs.obj (CsmRegsFile)

AdcResultFile 
*          1    00000b00    00000010     UNINITIALIZED
                  00000b00    00000010     F2806x_GlobalVariableDefs.obj (AdcResultFile)

CpuTimer0RegsFile 
*          1    00000c00    00000008     UNINITIALIZED
                  00000c00    00000008     F2806x_GlobalVariableDefs.obj (CpuTimer0RegsFile)

CpuTimer1RegsFile 
*          1    00000c08    00000008     UNINITIALIZED
                  00000c08    00000008     F2806x_GlobalVariableDefs.obj (CpuTimer1RegsFile)

CpuTimer2RegsFile 
*          1    00000c10    00000008     UNINITIALIZED
                  00000c10    00000008     F2806x_GlobalVariableDefs.obj (CpuTimer2RegsFile)

PieCtrlRegsFile 
*          1    00000ce0    0000001a     UNINITIALIZED
                  00000ce0    0000001a     F2806x_GlobalVariableDefs.obj (PieCtrlRegsFile)

PieVectTableFile 
*          1    00000d00    00000100     UNINITIALIZED
                  00000d00    00000100     F2806x_GlobalVariableDefs.obj (PieVectTableFile)

EmuKeyVar 
*          1    00000d00    00000001     UNINITIALIZED
                  00000d00    00000001     F2806x_GlobalVariableDefs.obj (EmuKeyVar)

EmuBModeVar 
*          1    00000d01    00000001     UNINITIALIZED
                  00000d01    00000001     F2806x_GlobalVariableDefs.obj (EmuBModeVar)

FlashCallbackVar 
*          1    00000d02    00000002     UNINITIALIZED
                  00000d02    00000002     F2806x_GlobalVariableDefs.obj (FlashCallbackVar)

FlashScalingVar 
*          1    00000d04    00000002     UNINITIALIZED
                  00000d04    00000002     F2806x_GlobalVariableDefs.obj (FlashScalingVar)

DmaRegsFile 
*          1    00001000    000000e0     UNINITIALIZED
                  00001000    000000e0     F2806x_GlobalVariableDefs.obj (DmaRegsFile)

Cla1RegsFile 
*          1    00001400    00000040     UNINITIALIZED
                  00001400    00000040     F2806x_GlobalVariableDefs.obj (Cla1RegsFile)

Usb0RegsFile 
*          1    00004000    00000454     UNINITIALIZED
                  00004000    00000454     F2806x_GlobalVariableDefs.obj (Usb0RegsFile)

McbspaRegsFile 
*          1    00005000    00000024     UNINITIALIZED
                  00005000    00000024     F2806x_GlobalVariableDefs.obj (McbspaRegsFile)

ECanaRegsFile 
*          1    00006000    00000034     UNINITIALIZED
                  00006000    00000034     F2806x_GlobalVariableDefs.obj (ECanaRegsFile)

ECanaLAMRegsFile 
*          1    00006040    00000040     UNINITIALIZED
                  00006040    00000040     F2806x_GlobalVariableDefs.obj (ECanaLAMRegsFile)

ECanaMOTSRegsFile 
*          1    00006080    00000040     UNINITIALIZED
                  00006080    00000040     F2806x_GlobalVariableDefs.obj (ECanaMOTSRegsFile)

ECanaMOTORegsFile 
*          1    000060c0    00000040     UNINITIALIZED
                  000060c0    00000040     F2806x_GlobalVariableDefs.obj (ECanaMOTORegsFile)

ECanaMboxesFile 
*          1    00006100    00000100     UNINITIALIZED
                  00006100    00000100     F2806x_GlobalVariableDefs.obj (ECanaMboxesFile)

Comp1RegsFile 
*          1    00006400    00000014     UNINITIALIZED
                  00006400    00000014     F2806x_GlobalVariableDefs.obj (Comp1RegsFile)

Comp2RegsFile 
*          1    00006420    00000014     UNINITIALIZED
                  00006420    00000014     F2806x_GlobalVariableDefs.obj (Comp2RegsFile)

Comp3RegsFile 
*          1    00006440    00000014     UNINITIALIZED
                  00006440    00000014     F2806x_GlobalVariableDefs.obj (Comp3RegsFile)

EPwm1RegsFile 
*          1    00006800    00000040     UNINITIALIZED
                  00006800    00000040     F2806x_GlobalVariableDefs.obj (EPwm1RegsFile)

EPwm2RegsFile 
*          1    00006840    00000040     UNINITIALIZED
                  00006840    00000040     F2806x_GlobalVariableDefs.obj (EPwm2RegsFile)

EPwm3RegsFile 
*          1    00006880    00000040     UNINITIALIZED
                  00006880    00000040     F2806x_GlobalVariableDefs.obj (EPwm3RegsFile)

EPwm4RegsFile 
*          1    000068c0    00000040     UNINITIALIZED
                  000068c0    00000040     F2806x_GlobalVariableDefs.obj (EPwm4RegsFile)

EPwm5RegsFile 
*          1    00006900    00000040     UNINITIALIZED
                  00006900    00000040     F2806x_GlobalVariableDefs.obj (EPwm5RegsFile)

EPwm6RegsFile 
*          1    00006940    00000040     UNINITIALIZED
                  00006940    00000040     F2806x_GlobalVariableDefs.obj (EPwm6RegsFile)

EPwm7RegsFile 
*          1    00006980    00000040     UNINITIALIZED
                  00006980    00000040     F2806x_GlobalVariableDefs.obj (EPwm7RegsFile)

EPwm8RegsFile 
*          1    000069c0    00000040     UNINITIALIZED
                  000069c0    00000040     F2806x_GlobalVariableDefs.obj (EPwm8RegsFile)

ECap1RegsFile 
*          1    00006a00    00000020     UNINITIALIZED
                  00006a00    00000020     F2806x_GlobalVariableDefs.obj (ECap1RegsFile)

ECap2RegsFile 
*          1    00006a20    00000020     UNINITIALIZED
                  00006a20    00000020     F2806x_GlobalVariableDefs.obj (ECap2RegsFile)

ECap3RegsFile 
*          1    00006a40    00000020     UNINITIALIZED
                  00006a40    00000020     F2806x_GlobalVariableDefs.obj (ECap3RegsFile)

HRCap1RegsFile 
*          1    00006ac0    00000020     UNINITIALIZED
                  00006ac0    00000020     F2806x_GlobalVariableDefs.obj (HRCap1RegsFile)

HRCap2RegsFile 
*          1    00006ae0    00000020     UNINITIALIZED
                  00006ae0    00000020     F2806x_GlobalVariableDefs.obj (HRCap2RegsFile)

EQep1RegsFile 
*          1    00006b00    00000022     UNINITIALIZED
                  00006b00    00000022     F2806x_GlobalVariableDefs.obj (EQep1RegsFile)

EQep2RegsFile 
*          1    00006b40    00000022     UNINITIALIZED
                  00006b40    00000022     F2806x_GlobalVariableDefs.obj (EQep2RegsFile)

HRCap3RegsFile 
*          1    00006c80    00000020     UNINITIALIZED
                  00006c80    00000020     F2806x_GlobalVariableDefs.obj (HRCap3RegsFile)

HRCap4RegsFile 
*          1    00006ca0    00000020     UNINITIALIZED
                  00006ca0    00000020     F2806x_GlobalVariableDefs.obj (HRCap4RegsFile)

GpioCtrlRegsFile 
*          1    00006f80    00000040     UNINITIALIZED
                  00006f80    00000040     F2806x_GlobalVariableDefs.obj (GpioCtrlRegsFile)

GpioDataRegsFile 
*          1    00006fc0    00000020     UNINITIALIZED
                  00006fc0    00000020     F2806x_GlobalVariableDefs.obj (GpioDataRegsFile)

GpioIntRegsFile 
*          1    00006fe0    00000020     UNINITIALIZED
                  00006fe0    00000020     F2806x_GlobalVariableDefs.obj (GpioIntRegsFile)

SysCtrlRegsFile 
*          1    00007010    00000030     UNINITIALIZED
                  00007010    00000030     F2806x_GlobalVariableDefs.obj (SysCtrlRegsFile)

SpiaRegsFile 
*          1    00007040    00000010     UNINITIALIZED
                  00007040    00000010     F2806x_GlobalVariableDefs.obj (SpiaRegsFile)

SciaRegsFile 
*          1    00007050    00000010     UNINITIALIZED
                  00007050    00000010     F2806x_GlobalVariableDefs.obj (SciaRegsFile)

NmiIntruptRegsFile 
*          1    00007060    00000010     UNINITIALIZED
                  00007060    00000010     F2806x_GlobalVariableDefs.obj (NmiIntruptRegsFile)

XIntruptRegsFile 
*          1    00007070    00000010     UNINITIALIZED
                  00007070    00000010     F2806x_GlobalVariableDefs.obj (XIntruptRegsFile)

AdcRegsFile 
*          1    00007100    00000050     UNINITIALIZED
                  00007100    00000050     F2806x_GlobalVariableDefs.obj (AdcRegsFile)

SpibRegsFile 
*          1    00007740    00000010     UNINITIALIZED
                  00007740    00000010     F2806x_GlobalVariableDefs.obj (SpibRegsFile)

ScibRegsFile 
*          1    00007750    00000010     UNINITIALIZED
                  00007750    00000010     F2806x_GlobalVariableDefs.obj (ScibRegsFile)

I2caRegsFile 
*          1    00007900    00000022     UNINITIALIZED
                  00007900    00000022     F2806x_GlobalVariableDefs.obj (I2caRegsFile)

PartIdRegsFile 
*          1    003d7e80    00000001     UNINITIALIZED
                  003d7e80    00000001     F2806x_GlobalVariableDefs.obj (PartIdRegsFile)

CsmPwlFile 
*          1    003f7ff8    00000008     UNINITIALIZED
                  003f7ff8    00000008     F2806x_GlobalVariableDefs.obj (CsmPwlFile)

MODULE SUMMARY

       Module                          code    initialized data   uninitialized data
       ------                          ----    ----------------   ------------------
    .\
       F2806x_GlobalVariableDefs.obj   0       0                  3550              
       Ex_13_0_stepMotor.obj           1880    72                 24                
       F2806x_DefaultIsr.obj           923     0                  0                 
       Ex_13_0_sci.obj                 180     8                  552               
       Ex_13_0_interrupts.obj          419     48                 12                
       F2806x_SysCtrl.obj              400     0                  0                 
       F2806x_PieVect.obj              38      256                0                 
       Ex_13_0_command.obj             99      114                54                
       Ex_13_0_pwm.obj                 159     20                 10                
       Ex_13_0.obj                     122     52                 2                 
       Ex_13_0_gpio.obj                124     0                  0                 
       Ex_13_0_adc.obj                 92      0                  0                 
       F2806x_PieCtrl.obj              40      0                  0                 
       F2806x_CpuTimers.obj            0       0                  24                
       F2806x_Gpio.obj                 21      0                  0                 
       F2806x_CodeStartBranch.obj      10      0                  0                 
       F2806x_usDelay.obj              4       0                  0                 
    +--+-------------------------------+-------+------------------+--------------------+
       Total:                          4511    570                4228              
                                                                                    
    C:\ti\ccs1220\ccs\tools\compiler\ti-cgt-c2000_22.6.0.LTS\lib\rts2800_fpu32.lib
       _printfi.c.obj                  3269    66                 0                 
       _scanfi.c.obj                   2000    27                 0                 
       strtold.c.obj                   643     112                0                 
       strtod.c.obj                    511     44                 0                 
       strtoll.c.obj                   319     0                  0                 
       ll_div28.asm.obj                263     0                  0                 
       strtoull.c.obj                  258     0                  0                 
       ctype.c.obj                     0       257                0                 
       strtol.c.obj                    211     0                  0                 
       s_scalbn.c.obj                  169     28                 0                 
       strtoul.c.obj                   177     0                  0                 
       fd_add28.asm.obj                156     0                  0                 
       fd_div28.asm.obj                139     0                  0                 
       fs_div28.asm.obj                136     0                  0                 
       fd_mpy28.asm.obj                131     0                  0                 
       sscanf.c.obj                    109     0                  0                 
       s_frexp.c.obj                   90      8                  0                 
       s_scalbnf.c.obj                 88      6                  0                 
       boot28.asm.obj                  86      0                  0                 
       exit.c.obj                      41      14                 6                 
       sprintf.c.obj                   50      0                  0                 
       atoi.c.obj                      49      0                  0                 
       _ltoa.c.obj                     48      0                  0                 
       fd_cmp28.asm.obj                42      0                  0                 
       l_div28.asm.obj                 42      0                  0                 
       cpy_tbl.c.obj                   36      0                  0                 
       s_copysign.c.obj                36      0                  0                 
       fd_toi28.asm.obj                33      0                  0                 
       fd_tol28.asm.obj                31      0                  0                 
       ll_cmp28.asm.obj                30      0                  0                 
       i_tofd28.asm.obj                29      0                  0                 
       memcpy.c.obj                    29      0                  0                 
       fs_tofdfpu32.asm.obj            28      0                  0                 
       l_tofd28.asm.obj                28      0                  0                 
       ll_aox28.asm.obj                24      0                  0                 
       _lock.c.obj                     9       10                 4                 
       ll_mpy28.asm.obj                20      0                  0                 
       args_main.c.obj                 18      0                  0                 
       s_copysignf.c.obj               17      0                  0                 
       memccpy.c.obj                   16      0                  0                 
       toupper.c.obj                   15      0                  0                 
       fd_sub28.asm.obj                14      0                  0                 
       strchr.c.obj                    12      0                  0                 
       strrchr.c.obj                   11      0                  0                 
       strcmp.c.obj                    10      0                  0                 
       fd_neg28.asm.obj                9       0                  0                 
       wcslen.c.obj                    9       0                  0                 
       strlen.c.obj                    8       0                  0                 
       memset.c.obj                    7       0                  0                 
       errno.c.obj                     0       4                  1                 
       strcpy.c.obj                    5       0                  0                 
       pre_init.c.obj                  2       0                  0                 
       startup.c.obj                   1       0                  0                 
    +--+-------------------------------+-------+------------------+--------------------+
       Total:                          9514    576                11                
                                                                                    
       Stack:                          0       0                  1024              
    +--+-------------------------------+-------+------------------+--------------------+
       Grand Total:                    14025   1146               5263              


GLOBAL DATA SYMBOLS: SORTED BY DATA PAGE

address     data page           name
--------    ----------------    ----
00000400      10 (00000400)     __stack

00000880      22 (00000880)     _DevEmuRegs

00000985      26 (00000980)     _SysPwrCtrlRegs

00000a80      2a (00000a80)     _FlashRegs

00000ae0      2b (00000ac0)     _CsmRegs

00000b00      2c (00000b00)     _AdcResult

00000c00      30 (00000c00)     _CpuTimer0Regs
00000c08      30 (00000c00)     _CpuTimer1Regs
00000c10      30 (00000c00)     _CpuTimer2Regs

00000ce0      33 (00000cc0)     _PieCtrlRegs

00000d00      34 (00000d00)     _EmuKey
00000d00      34 (00000d00)     _PieVectTable
00000d01      34 (00000d00)     _EmuBMode
00000d02      34 (00000d00)     _Flash_CallbackPtr
00000d04      34 (00000d00)     _Flash_CPUScaleFactor

00001000      40 (00001000)     _DmaRegs

00001400      50 (00001400)     _Cla1Regs

00004000     100 (00004000)     _Usb0Regs

00005000     140 (00005000)     _McbspaRegs

00006000     180 (00006000)     _ECanaRegs

00006040     181 (00006040)     _ECanaLAMRegs

00006080     182 (00006080)     _ECanaMOTSRegs

000060c0     183 (000060c0)     _ECanaMOTORegs

00006100     184 (00006100)     _ECanaMboxes

00006400     190 (00006400)     _Comp1Regs
00006420     190 (00006400)     _Comp2Regs

00006440     191 (00006440)     _Comp3Regs

00006800     1a0 (00006800)     _EPwm1Regs

00006840     1a1 (00006840)     _EPwm2Regs

00006880     1a2 (00006880)     _EPwm3Regs

000068c0     1a3 (000068c0)     _EPwm4Regs

00006900     1a4 (00006900)     _EPwm5Regs

00006940     1a5 (00006940)     _EPwm6Regs

00006980     1a6 (00006980)     _EPwm7Regs

000069c0     1a7 (000069c0)     _EPwm8Regs

00006a00     1a8 (00006a00)     _ECap1Regs
00006a20     1a8 (00006a00)     _ECap2Regs

00006a40     1a9 (00006a40)     _ECap3Regs

00006ac0     1ab (00006ac0)     _HRCap1Regs
00006ae0     1ab (00006ac0)     _HRCap2Regs

00006b00     1ac (00006b00)     _EQep1Regs

00006b40     1ad (00006b40)     _EQep2Regs

00006c80     1b2 (00006c80)     _HRCap3Regs
00006ca0     1b2 (00006c80)     _HRCap4Regs

00006f80     1be (00006f80)     _GpioCtrlRegs

00006fc0     1bf (00006fc0)     _GpioDataRegs
00006fe0     1bf (00006fc0)     _GpioIntRegs

00007010     1c0 (00007000)     _SysCtrlRegs

00007040     1c1 (00007040)     _SpiaRegs
00007050     1c1 (00007040)     _SciaRegs
00007060     1c1 (00007040)     _NmiIntruptRegs
00007070     1c1 (00007040)     _XIntruptRegs

00007100     1c4 (00007100)     _AdcRegs

00007740     1dd (00007740)     _SpibRegs
00007750     1dd (00007740)     _ScibRegs

00007900     1e4 (00007900)     _I2caRegs

0000c000     300 (0000c000)     __ctypes_

0000c102     304 (0000c100)     _PieVectTableInit

0000c3be     30e (0000c380)     _loopCnt

0000c3c0     30f (0000c3c0)     _sciaCmdIn

0000c5b4     316 (0000c580)     _fBtnCnt
0000c5b5     316 (0000c580)     _rBtnCnt
0000c5b6     316 (0000c580)     _chtcnt
0000c5b7     316 (0000c580)     _fBtnOn
0000c5b8     316 (0000c580)     _rBtnOn
0000c5b9     316 (0000c580)     _newCmdCnt
0000c5ba     316 (0000c580)     _keyChkCnt
0000c5bb     316 (0000c580)     _slideA
0000c5bc     316 (0000c580)     _slideB
0000c5bd     316 (0000c580)     _slideAcnt
0000c5be     316 (0000c580)     _slideBcnt
0000c5bf     316 (0000c580)     _stepDurationRaw

0000c5c0     317 (0000c5c0)     _cmdStr
0000c5f2     317 (0000c5c0)     _tempADC

0000c600     318 (0000c600)     _tmpStr
0000c632     318 (0000c600)     _pwmPeriod
0000c633     318 (0000c600)     _pwmPeriod1
0000c634     318 (0000c600)     _pwmPeriod2
0000c635     318 (0000c600)     _pwmPeriod3
0000c636     318 (0000c600)     _pwmPeriod4
0000c637     318 (0000c600)     _pwmPeriodHalf
0000c638     318 (0000c600)     _pwmCmd1
0000c639     318 (0000c600)     _pwmCmd2
0000c63a     318 (0000c600)     _pwmCmd3
0000c63b     318 (0000c600)     _pwmCmd4
0000c63c     318 (0000c600)     _Cnt_total
0000c63e     318 (0000c600)     _Cnt_on

0000c640     319 (0000c640)     _CpuTimer0
0000c648     319 (0000c640)     _CpuTimer1
0000c650     319 (0000c640)     _CpuTimer2
0000c658     319 (0000c640)     _pwmCmdVal
0000c659     319 (0000c640)     _stepMode
0000c65a     319 (0000c640)     _stepNo
0000c65b     319 (0000c640)     _stepRunStop
0000c65c     319 (0000c640)     _stepRunStopC
0000c65d     319 (0000c640)     _stepDuration
0000c65e     319 (0000c640)     _stepTimeUs
0000c65f     319 (0000c640)     _stepMax
0000c660     319 (0000c640)     _steps2run
0000c661     319 (0000c640)     _steps2runCnt
0000c662     319 (0000c640)     ___TI_enable_exit_profile_output
0000c664     319 (0000c640)     ___TI_cleanup_ptr
0000c666     319 (0000c640)     ___TI_dtors_ptr
0000c668     319 (0000c640)     _cmdInCnt
0000c669     319 (0000c640)     _cmdEnteredFlag
0000c66a     319 (0000c640)     __lock
0000c66c     319 (0000c640)     __unlock
0000c66e     319 (0000c640)     _errno

003d7e80    f5fa (003d7e80)     _PartIdRegs

003f7ff8    fdff (003f7fc0)     _CsmPwl


GLOBAL SYMBOLS: SORTED ALPHABETICALLY BY Name 

page  address   name                            
----  -------   ----                            
0     00008000  .text                           
0     0000aac4  C$$EXIT                         
0     0000a456  FD$$ADD                         
0     0000aa70  FD$$CMP                         
0     0000a4f2  FD$$DIV                         
0     0000a605  FD$$MPY                         
0     0000ad0e  FD$$NEG                         
0     0000acd6  FD$$SUB                         
0     0000ab83  FD$$TOI                         
0     0000aba4  FD$$TOL                         
0     0000a57d  FS$$DIV                         
0     0000ac1b  FS$$TOFD                        
0     0000abe1  I$$TOFD                         
0     0000aa9a  L$$DIV                          
0     0000aaa9  L$$MOD                          
0     0000ac37  L$$TOFD                         
0     0000ac53  LL$$AND                         
0     0000abc3  LL$$CMP                         
0     00009f81  LL$$DIV                         
0     00009fbd  LL$$MOD                         
0     0000ac80  LL$$MPY                         
0     0000ac5b  LL$$OR                          
0     0000ac63  LL$$XOR                         
0     0000aab7  UL$$DIV                         
0     0000aabe  UL$$MOD                         
0     0000abd5  ULL$$CMP                        
0     00009ff7  ULL$$DIV                        
0     0000a026  ULL$$MOD                        
0     00009553  _ADCINT1_ISR                    
0     0000955d  _ADCINT2_ISR                    
0     00009765  _ADCINT3_ISR                    
0     0000976f  _ADCINT4_ISR                    
0     00009779  _ADCINT5_ISR                    
0     00009783  _ADCINT6_ISR                    
0     0000978d  _ADCINT7_ISR                    
0     00009797  _ADCINT8_ISR                    
0     0000957b  _ADCINT9_ISR                    
1     00007100  _AdcRegs                        
1     00000b00  _AdcResult                      
0     000097a1  _CLA1_INT1_ISR                  
0     000097ab  _CLA1_INT2_ISR                  
0     000097b5  _CLA1_INT3_ISR                  
0     000097bf  _CLA1_INT4_ISR                  
0     000097c9  _CLA1_INT5_ISR                  
0     000097d3  _CLA1_INT6_ISR                  
0     000097dd  _CLA1_INT7_ISR                  
0     000097e7  _CLA1_INT8_ISR                  
1     00001400  _Cla1Regs                       
1     0000c63e  _Cnt_on                         
1     0000c63c  _Cnt_total                      
1     00006400  _Comp1Regs                      
1     00006420  _Comp2Regs                      
1     00006440  _Comp3Regs                      
1     0000c640  _CpuTimer0                      
1     00000c00  _CpuTimer0Regs                  
1     0000c648  _CpuTimer1                      
1     00000c08  _CpuTimer1Regs                  
1     0000c650  _CpuTimer2                      
1     00000c10  _CpuTimer2Regs                  
1     003f7ff8  _CsmPwl                         
1     00000ae0  _CsmRegs                        
0     00009db6  _CsmUnlock                      
0     000094a9  _DATALOG_ISR                    
0     000096d9  _DINTCH1_ISR                    
0     000096e3  _DINTCH2_ISR                    
0     000096ed  _DINTCH3_ISR                    
0     000096f7  _DINTCH4_ISR                    
0     00009701  _DINTCH5_ISR                    
0     0000970b  _DINTCH6_ISR                    
0     0000b6c3  _DSP28x_usDelay                 
1     00000880  _DevEmuRegs                     
0     00009cd6  _DisableDog                     
1     00001000  _DmaRegs                        
0     00009751  _ECAN0INTA_ISR                  
0     0000975b  _ECAN1INTA_ISR                  
0     00009639  _ECAP1_INT_ISR                  
0     00009643  _ECAP2_INT_ISR                  
0     0000964d  _ECAP3_INT_ISR                  
1     00006040  _ECanaLAMRegs                   
1     000060c0  _ECanaMOTORegs                  
1     00006080  _ECanaMOTSRegs                  
1     00006100  _ECanaMboxes                    
1     00006000  _ECanaRegs                      
1     00006a00  _ECap1Regs                      
1     00006a20  _ECap2Regs                      
1     00006a40  _ECap3Regs                      
0     0000980f  _EMPTY_ISR                      
0     000094bd  _EMUINT_ISR                     
0     000095e9  _EPWM1_INT_ISR                  
0     00009599  _EPWM1_TZINT_ISR                
0     000095f3  _EPWM2_INT_ISR                  
0     000095a3  _EPWM2_TZINT_ISR                
0     000095fd  _EPWM3_INT_ISR                  
0     000095ad  _EPWM3_TZINT_ISR                
0     00009607  _EPWM4_INT_ISR                  
0     000095b7  _EPWM4_TZINT_ISR                
0     00009611  _EPWM5_INT_ISR                  
0     000095c1  _EPWM5_TZINT_ISR                
0     0000961b  _EPWM6_INT_ISR                  
0     000095cb  _EPWM6_TZINT_ISR                
0     00009625  _EPWM7_INT_ISR                  
0     000095d5  _EPWM7_TZINT_ISR                
0     0000962f  _EPWM8_INT_ISR                  
0     000095df  _EPWM8_TZINT_ISR                
1     00006800  _EPwm1Regs                      
1     00006840  _EPwm2Regs                      
1     00006880  _EPwm3Regs                      
1     000068c0  _EPwm4Regs                      
1     00006900  _EPwm5Regs                      
1     00006940  _EPwm6Regs                      
1     00006980  _EPwm7Regs                      
1     000069c0  _EPwm8Regs                      
0     0000966b  _EQEP1_INT_ISR                  
0     00009675  _EQEP2_INT_ISR                  
1     00006b00  _EQep1Regs                      
1     00006b40  _EQep2Regs                      
1     00000d01  _EmuBMode                       
1     00000d00  _EmuKey                         
0     0000ab0c  _EnableInterrupts               
0     00009e2c  _ExtOscSel                      
1     00000a80  _FlashRegs                      
1     00000d04  _Flash_CPUScaleFactor           
1     00000d02  _Flash_CallbackPtr              
1     00006f80  _GpioCtrlRegs                   
1     00006fc0  _GpioDataRegs                   
1     00006fe0  _GpioIntRegs                    
0     00009657  _HRCAP1_INT_ISR                 
0     00009661  _HRCAP2_INT_ISR                 
0     0000967f  _HRCAP3_INT_ISR                 
0     00009689  _HRCAP4_INT_ISR                 
1     00006ac0  _HRCap1Regs                     
1     00006ae0  _HRCap2Regs                     
1     00006c80  _HRCap3Regs                     
1     00006ca0  _HRCap4Regs                     
0     00009715  _I2CINT1A_ISR                   
0     0000971f  _I2CINT2A_ISR                   
1     00007900  _I2caRegs                       
0     000094d1  _ILLEGAL_ISR                    
0     00009495  _INT13_ISR                      
0     0000949f  _INT14_ISR                      
0     0000b5e4  _ISRSciaReceive                 
0     0000ad3f  _ISRadc                         
0     0000a7eb  _InitAdcRegs                    
0     0000a3b7  _InitEPwm                       
0     0000a688  _InitGPIO_Ex_13_0               
0     0000ac6b  _InitGpio                       
0     0000a8f9  _InitInterrupts_Ex_13_0         
0     00009d60  _InitPeripheralClocks           
0     0000aaed  _InitPieCtrl                    
0     0000ab15  _InitPieVectTable               
0     00009cde  _InitPll                        
0     00009d32  _InitPll2                       
0     0000a9a5  _InitScia                       
0     00009cb2  _InitSysCtrl                    
0     00009de7  _IntOsc1Sel                     
0     00009df7  _IntOsc2Sel                     
0     00009805  _LUF_ISR                        
0     000097fb  _LVF_ISR                        
0     000096c5  _MRINTA_ISR                     
0     000096cf  _MXINTA_ISR                     
1     00005000  _McbspaRegs                     
0     000094c7  _NMI_ISR                        
1     00007060  _NmiIntruptRegs                 
0     0000981c  _PIE_RESERVED                   
1     003d7e80  _PartIdRegs                     
1     00000ce0  _PieCtrlRegs                    
1     00000d00  _PieVectTable                   
1     0000c102  _PieVectTableInit               
0     000094b3  _RTOSINT_ISR                    
0     00009729  _SCIRXINTA_ISR                  
0     0000973d  _SCIRXINTB_ISR                  
0     00009733  _SCITXINTA_ISR                  
0     00009747  _SCITXINTB_ISR                  
0     0000969d  _SPIRXINTA_ISR                  
0     000096b1  _SPIRXINTB_ISR                  
0     000096a7  _SPITXINTA_ISR                  
0     000096bb  _SPITXINTB_ISR                  
1     00007050  _SciaRegs                       
1     00007750  _ScibRegs                       
0     00009ccc  _ServiceDog                     
1     00007040  _SpiaRegs                       
1     00007740  _SpibRegs                       
1     00007010  _SysCtrlRegs                    
1     00000985  _SysPwrCtrlRegs                 
0     00009585  _TINT0_ISR                      
0     00009693  _USB0_INT_ISR                   
0     00009535  _USER10_ISR                     
0     0000953f  _USER11_ISR                     
0     00009549  _USER12_ISR                     
0     000094db  _USER1_ISR                      
0     000094e5  _USER2_ISR                      
0     000094ef  _USER3_ISR                      
0     000094f9  _USER4_ISR                      
0     00009503  _USER5_ISR                      
0     0000950d  _USER6_ISR                      
0     00009517  _USER7_ISR                      
0     00009521  _USER8_ISR                      
0     0000952b  _USER9_ISR                      
1     00004000  _Usb0Regs                       
0     0000958f  _WAKEINT_ISR                    
0     00009567  _XINT1_ISR                      
0     00009571  _XINT2_ISR                      
0     000097f1  _XINT3_ISR                      
1     00007070  _XIntruptRegs                   
0     00009e11  _XtalOscSel                     
1     00000800  __STACK_END                     
abs   00000400  __STACK_SIZE                    
1     0000c664  ___TI_cleanup_ptr               
1     0000c666  ___TI_dtors_ptr                 
1     0000c662  ___TI_enable_exit_profile_output
0     0000aa40  ___TI_ltoa                      
abs   ffffffff  ___TI_pprof_out_hndl            
0     00009310  ___TI_printfi                   
abs   ffffffff  ___TI_prof_data_size            
abs   ffffffff  ___TI_prof_data_start           
0     000084d9  ___TI_scanfi                    
abs   ffffffff  ___binit__                      
abs   ffffffff  ___c_args__                     
0     0000b6c7  ___cinit__                      
0     0000ad3f  ___etext__                      
abs   ffffffff  ___pinit__                      
0     00008000  ___text__                       
0     0000ac94  __args_main                     
1     0000c000  __ctypes_                       
1     0000c66a  __lock                          
0     0000ad0d  __nop                           
0     0000ad09  __register_lock                 
0     0000ad05  __register_unlock               
1     00000400  __stack                         
0     0000ad3e  __system_post_cinit             
0     0000ad3c  __system_pre_init               
1     0000c66c  __unlock                        
0     0000aac4  _abort                          
0     0000aa0f  _atoi                           
0     0000a94f  _c_int00                        
1     0000c5b6  _chtcnt                         
1     0000c669  _cmdEnteredFlag                 
1     0000c668  _cmdInCnt                       
1     0000c5c0  _cmdStr                         
0     0000ab3b  _copy_in                        
0     0000aca6  _copysign                       
0     0000aca6  _copysignf                      
0     0000ab5f  _copysignl                      
1     0000c66e  _errno                          
0     0000aac6  _exit                           
1     0000c5b4  _fBtnCnt                        
1     0000c5b7  _fBtnOn                         
0     0000a847  _frexpl                         
0     0000a922  _initTimer0                     
1     0000c5ba  _keyChkCnt                      
0     0000a8a1  _ldexp                          
0     0000a8a1  _ldexpf                         
0     0000a30e  _ldexpl                         
1     0000c3be  _loopCnt                        
0     0000a704  _main                           
0     0000acb7  _memccpy                        
0     0000abfe  _memcpy                         
0     0000ad30  _memset                         
1     0000c5b9  _newCmdCnt                      
0     0000b660  _processCommand                 
1     0000c638  _pwmCmd1                        
1     0000c639  _pwmCmd2                        
1     0000c63a  _pwmCmd3                        
1     0000c63b  _pwmCmd4                        
1     0000c658  _pwmCmdVal                      
1     0000c632  _pwmPeriod                      
1     0000c633  _pwmPeriod1                     
1     0000c634  _pwmPeriod2                     
1     0000c635  _pwmPeriod3                     
1     0000c636  _pwmPeriod4                     
1     0000c637  _pwmPeriodHalf                  
1     0000c5b5  _rBtnCnt                        
1     0000c5b8  _rBtnOn                         
0     00009826  _rsvd_ISR                       
0     0000a8a1  _scalbn                         
0     0000a8a1  _scalbnf                        
0     0000a30e  _scalbnl                        
1     0000c3c0  _sciaCmdIn                      
0     0000a9cc  _sciaPutChar                    
0     0000a9c0  _sciaPutString                  
1     0000c5bb  _slideA                         
1     0000c5bd  _slideAcnt                      
1     0000c5bc  _slideB                         
1     0000c5be  _slideBcnt                      
0     0000a9dd  _sprintf                        
0     0000a78e  _sscanf                         
1     0000c65d  _stepDuration                   
1     0000c5bf  _stepDurationRaw                
1     0000c65f  _stepMax                        
1     0000c659  _stepMode                       
1     0000c65a  _stepNo                         
1     0000c65b  _stepRunStop                    
1     0000c65c  _stepRunStopC                   
1     0000c65e  _stepTimeUs                     
0     0000b685  _step_func                      
1     0000c660  _steps2run                      
1     0000c661  _steps2runCnt                   
0     0000ace4  _strchr                         
0     0000acfb  _strcmp                         
0     0000ad37  _strcpy                         
0     0000ad28  _strlen                         
0     0000acf0  _strrchr                        
0     00009ab3  _strtod                         
0     00009ab3  _strtof                         
0     0000a18a  _strtol                         
0     00009830  _strtold                        
0     00009e42  _strtoll                        
0     0000a25d  _strtoul                        
0     0000a088  _strtoull                       
1     0000c5f2  _tempADC                        
0     0000b497  _timerISR                       
1     0000c600  _tmpStr                         
0     0000acc7  _toupper                        
0     0000a77e  _vsscanf                        
0     0000ad17  _wcslen                         
abs   ffffffff  binit                           
0     0000b6c7  cinit                           
0     00000000  code_start                      
0     0000ad3f  etext                           
abs   ffffffff  pinit                           


GLOBAL SYMBOLS: SORTED BY Symbol Address 

page  address   name                            
----  -------   ----                            
0     00000000  code_start                      
0     00008000  .text                           
0     00008000  ___text__                       
0     000084d9  ___TI_scanfi                    
0     00009310  ___TI_printfi                   
0     00009495  _INT13_ISR                      
0     0000949f  _INT14_ISR                      
0     000094a9  _DATALOG_ISR                    
0     000094b3  _RTOSINT_ISR                    
0     000094bd  _EMUINT_ISR                     
0     000094c7  _NMI_ISR                        
0     000094d1  _ILLEGAL_ISR                    
0     000094db  _USER1_ISR                      
0     000094e5  _USER2_ISR                      
0     000094ef  _USER3_ISR                      
0     000094f9  _USER4_ISR                      
0     00009503  _USER5_ISR                      
0     0000950d  _USER6_ISR                      
0     00009517  _USER7_ISR                      
0     00009521  _USER8_ISR                      
0     0000952b  _USER9_ISR                      
0     00009535  _USER10_ISR                     
0     0000953f  _USER11_ISR                     
0     00009549  _USER12_ISR                     
0     00009553  _ADCINT1_ISR                    
0     0000955d  _ADCINT2_ISR                    
0     00009567  _XINT1_ISR                      
0     00009571  _XINT2_ISR                      
0     0000957b  _ADCINT9_ISR                    
0     00009585  _TINT0_ISR                      
0     0000958f  _WAKEINT_ISR                    
0     00009599  _EPWM1_TZINT_ISR                
0     000095a3  _EPWM2_TZINT_ISR                
0     000095ad  _EPWM3_TZINT_ISR                
0     000095b7  _EPWM4_TZINT_ISR                
0     000095c1  _EPWM5_TZINT_ISR                
0     000095cb  _EPWM6_TZINT_ISR                
0     000095d5  _EPWM7_TZINT_ISR                
0     000095df  _EPWM8_TZINT_ISR                
0     000095e9  _EPWM1_INT_ISR                  
0     000095f3  _EPWM2_INT_ISR                  
0     000095fd  _EPWM3_INT_ISR                  
0     00009607  _EPWM4_INT_ISR                  
0     00009611  _EPWM5_INT_ISR                  
0     0000961b  _EPWM6_INT_ISR                  
0     00009625  _EPWM7_INT_ISR                  
0     0000962f  _EPWM8_INT_ISR                  
0     00009639  _ECAP1_INT_ISR                  
0     00009643  _ECAP2_INT_ISR                  
0     0000964d  _ECAP3_INT_ISR                  
0     00009657  _HRCAP1_INT_ISR                 
0     00009661  _HRCAP2_INT_ISR                 
0     0000966b  _EQEP1_INT_ISR                  
0     00009675  _EQEP2_INT_ISR                  
0     0000967f  _HRCAP3_INT_ISR                 
0     00009689  _HRCAP4_INT_ISR                 
0     00009693  _USB0_INT_ISR                   
0     0000969d  _SPIRXINTA_ISR                  
0     000096a7  _SPITXINTA_ISR                  
0     000096b1  _SPIRXINTB_ISR                  
0     000096bb  _SPITXINTB_ISR                  
0     000096c5  _MRINTA_ISR                     
0     000096cf  _MXINTA_ISR                     
0     000096d9  _DINTCH1_ISR                    
0     000096e3  _DINTCH2_ISR                    
0     000096ed  _DINTCH3_ISR                    
0     000096f7  _DINTCH4_ISR                    
0     00009701  _DINTCH5_ISR                    
0     0000970b  _DINTCH6_ISR                    
0     00009715  _I2CINT1A_ISR                   
0     0000971f  _I2CINT2A_ISR                   
0     00009729  _SCIRXINTA_ISR                  
0     00009733  _SCITXINTA_ISR                  
0     0000973d  _SCIRXINTB_ISR                  
0     00009747  _SCITXINTB_ISR                  
0     00009751  _ECAN0INTA_ISR                  
0     0000975b  _ECAN1INTA_ISR                  
0     00009765  _ADCINT3_ISR                    
0     0000976f  _ADCINT4_ISR                    
0     00009779  _ADCINT5_ISR                    
0     00009783  _ADCINT6_ISR                    
0     0000978d  _ADCINT7_ISR                    
0     00009797  _ADCINT8_ISR                    
0     000097a1  _CLA1_INT1_ISR                  
0     000097ab  _CLA1_INT2_ISR                  
0     000097b5  _CLA1_INT3_ISR                  
0     000097bf  _CLA1_INT4_ISR                  
0     000097c9  _CLA1_INT5_ISR                  
0     000097d3  _CLA1_INT6_ISR                  
0     000097dd  _CLA1_INT7_ISR                  
0     000097e7  _CLA1_INT8_ISR                  
0     000097f1  _XINT3_ISR                      
0     000097fb  _LVF_ISR                        
0     00009805  _LUF_ISR                        
0     0000980f  _EMPTY_ISR                      
0     0000981c  _PIE_RESERVED                   
0     00009826  _rsvd_ISR                       
0     00009830  _strtold                        
0     00009ab3  _strtod                         
0     00009ab3  _strtof                         
0     00009cb2  _InitSysCtrl                    
0     00009ccc  _ServiceDog                     
0     00009cd6  _DisableDog                     
0     00009cde  _InitPll                        
0     00009d32  _InitPll2                       
0     00009d60  _InitPeripheralClocks           
0     00009db6  _CsmUnlock                      
0     00009de7  _IntOsc1Sel                     
0     00009df7  _IntOsc2Sel                     
0     00009e11  _XtalOscSel                     
0     00009e2c  _ExtOscSel                      
0     00009e42  _strtoll                        
0     00009f81  LL$$DIV                         
0     00009fbd  LL$$MOD                         
0     00009ff7  ULL$$DIV                        
0     0000a026  ULL$$MOD                        
0     0000a088  _strtoull                       
0     0000a18a  _strtol                         
0     0000a25d  _strtoul                        
0     0000a30e  _ldexpl                         
0     0000a30e  _scalbnl                        
0     0000a3b7  _InitEPwm                       
0     0000a456  FD$$ADD                         
0     0000a4f2  FD$$DIV                         
0     0000a57d  FS$$DIV                         
0     0000a605  FD$$MPY                         
0     0000a688  _InitGPIO_Ex_13_0               
0     0000a704  _main                           
0     0000a77e  _vsscanf                        
0     0000a78e  _sscanf                         
0     0000a7eb  _InitAdcRegs                    
0     0000a847  _frexpl                         
0     0000a8a1  _ldexp                          
0     0000a8a1  _ldexpf                         
0     0000a8a1  _scalbn                         
0     0000a8a1  _scalbnf                        
0     0000a8f9  _InitInterrupts_Ex_13_0         
0     0000a922  _initTimer0                     
0     0000a94f  _c_int00                        
0     0000a9a5  _InitScia                       
0     0000a9c0  _sciaPutString                  
0     0000a9cc  _sciaPutChar                    
0     0000a9dd  _sprintf                        
0     0000aa0f  _atoi                           
0     0000aa40  ___TI_ltoa                      
0     0000aa70  FD$$CMP                         
0     0000aa9a  L$$DIV                          
0     0000aaa9  L$$MOD                          
0     0000aab7  UL$$DIV                         
0     0000aabe  UL$$MOD                         
0     0000aac4  C$$EXIT                         
0     0000aac4  _abort                          
0     0000aac6  _exit                           
0     0000aaed  _InitPieCtrl                    
0     0000ab0c  _EnableInterrupts               
0     0000ab15  _InitPieVectTable               
0     0000ab3b  _copy_in                        
0     0000ab5f  _copysignl                      
0     0000ab83  FD$$TOI                         
0     0000aba4  FD$$TOL                         
0     0000abc3  LL$$CMP                         
0     0000abd5  ULL$$CMP                        
0     0000abe1  I$$TOFD                         
0     0000abfe  _memcpy                         
0     0000ac1b  FS$$TOFD                        
0     0000ac37  L$$TOFD                         
0     0000ac53  LL$$AND                         
0     0000ac5b  LL$$OR                          
0     0000ac63  LL$$XOR                         
0     0000ac6b  _InitGpio                       
0     0000ac80  LL$$MPY                         
0     0000ac94  __args_main                     
0     0000aca6  _copysign                       
0     0000aca6  _copysignf                      
0     0000acb7  _memccpy                        
0     0000acc7  _toupper                        
0     0000acd6  FD$$SUB                         
0     0000ace4  _strchr                         
0     0000acf0  _strrchr                        
0     0000acfb  _strcmp                         
0     0000ad05  __register_unlock               
0     0000ad09  __register_lock                 
0     0000ad0d  __nop                           
0     0000ad0e  FD$$NEG                         
0     0000ad17  _wcslen                         
0     0000ad28  _strlen                         
0     0000ad30  _memset                         
0     0000ad37  _strcpy                         
0     0000ad3c  __system_pre_init               
0     0000ad3e  __system_post_cinit             
0     0000ad3f  _ISRadc                         
0     0000ad3f  ___etext__                      
0     0000ad3f  etext                           
0     0000b497  _timerISR                       
0     0000b5e4  _ISRSciaReceive                 
0     0000b660  _processCommand                 
0     0000b685  _step_func                      
0     0000b6c3  _DSP28x_usDelay                 
0     0000b6c7  ___cinit__                      
0     0000b6c7  cinit                           
1     00000400  __stack                         
1     00000800  __STACK_END                     
1     00000880  _DevEmuRegs                     
1     00000985  _SysPwrCtrlRegs                 
1     00000a80  _FlashRegs                      
1     00000ae0  _CsmRegs                        
1     00000b00  _AdcResult                      
1     00000c00  _CpuTimer0Regs                  
1     00000c08  _CpuTimer1Regs                  
1     00000c10  _CpuTimer2Regs                  
1     00000ce0  _PieCtrlRegs                    
1     00000d00  _EmuKey                         
1     00000d00  _PieVectTable                   
1     00000d01  _EmuBMode                       
1     00000d02  _Flash_CallbackPtr              
1     00000d04  _Flash_CPUScaleFactor           
1     00001000  _DmaRegs                        
1     00001400  _Cla1Regs                       
1     00004000  _Usb0Regs                       
1     00005000  _McbspaRegs                     
1     00006000  _ECanaRegs                      
1     00006040  _ECanaLAMRegs                   
1     00006080  _ECanaMOTSRegs                  
1     000060c0  _ECanaMOTORegs                  
1     00006100  _ECanaMboxes                    
1     00006400  _Comp1Regs                      
1     00006420  _Comp2Regs                      
1     00006440  _Comp3Regs                      
1     00006800  _EPwm1Regs                      
1     00006840  _EPwm2Regs                      
1     00006880  _EPwm3Regs                      
1     000068c0  _EPwm4Regs                      
1     00006900  _EPwm5Regs                      
1     00006940  _EPwm6Regs                      
1     00006980  _EPwm7Regs                      
1     000069c0  _EPwm8Regs                      
1     00006a00  _ECap1Regs                      
1     00006a20  _ECap2Regs                      
1     00006a40  _ECap3Regs                      
1     00006ac0  _HRCap1Regs                     
1     00006ae0  _HRCap2Regs                     
1     00006b00  _EQep1Regs                      
1     00006b40  _EQep2Regs                      
1     00006c80  _HRCap3Regs                     
1     00006ca0  _HRCap4Regs                     
1     00006f80  _GpioCtrlRegs                   
1     00006fc0  _GpioDataRegs                   
1     00006fe0  _GpioIntRegs                    
1     00007010  _SysCtrlRegs                    
1     00007040  _SpiaRegs                       
1     00007050  _SciaRegs                       
1     00007060  _NmiIntruptRegs                 
1     00007070  _XIntruptRegs                   
1     00007100  _AdcRegs                        
1     00007740  _SpibRegs                       
1     00007750  _ScibRegs                       
1     00007900  _I2caRegs                       
1     0000c000  __ctypes_                       
1     0000c102  _PieVectTableInit               
1     0000c3be  _loopCnt                        
1     0000c3c0  _sciaCmdIn                      
1     0000c5b4  _fBtnCnt                        
1     0000c5b5  _rBtnCnt                        
1     0000c5b6  _chtcnt                         
1     0000c5b7  _fBtnOn                         
1     0000c5b8  _rBtnOn                         
1     0000c5b9  _newCmdCnt                      
1     0000c5ba  _keyChkCnt                      
1     0000c5bb  _slideA                         
1     0000c5bc  _slideB                         
1     0000c5bd  _slideAcnt                      
1     0000c5be  _slideBcnt                      
1     0000c5bf  _stepDurationRaw                
1     0000c5c0  _cmdStr                         
1     0000c5f2  _tempADC                        
1     0000c600  _tmpStr                         
1     0000c632  _pwmPeriod                      
1     0000c633  _pwmPeriod1                     
1     0000c634  _pwmPeriod2                     
1     0000c635  _pwmPeriod3                     
1     0000c636  _pwmPeriod4                     
1     0000c637  _pwmPeriodHalf                  
1     0000c638  _pwmCmd1                        
1     0000c639  _pwmCmd2                        
1     0000c63a  _pwmCmd3                        
1     0000c63b  _pwmCmd4                        
1     0000c63c  _Cnt_total                      
1     0000c63e  _Cnt_on                         
1     0000c640  _CpuTimer0                      
1     0000c648  _CpuTimer1                      
1     0000c650  _CpuTimer2                      
1     0000c658  _pwmCmdVal                      
1     0000c659  _stepMode                       
1     0000c65a  _stepNo                         
1     0000c65b  _stepRunStop                    
1     0000c65c  _stepRunStopC                   
1     0000c65d  _stepDuration                   
1     0000c65e  _stepTimeUs                     
1     0000c65f  _stepMax                        
1     0000c660  _steps2run                      
1     0000c661  _steps2runCnt                   
1     0000c662  ___TI_enable_exit_profile_output
1     0000c664  ___TI_cleanup_ptr               
1     0000c666  ___TI_dtors_ptr                 
1     0000c668  _cmdInCnt                       
1     0000c669  _cmdEnteredFlag                 
1     0000c66a  __lock                          
1     0000c66c  __unlock                        
1     0000c66e  _errno                          
1     003d7e80  _PartIdRegs                     
1     003f7ff8  _CsmPwl                         
abs   00000400  __STACK_SIZE                    
abs   ffffffff  ___TI_pprof_out_hndl            
abs   ffffffff  ___TI_prof_data_size            
abs   ffffffff  ___TI_prof_data_start           
abs   ffffffff  ___binit__                      
abs   ffffffff  ___c_args__                     
abs   ffffffff  ___pinit__                      
abs   ffffffff  binit                           
abs   ffffffff  pinit                           

[320 symbols]
