<?xml version="1.0" encoding="ISO-8859-1" ?>
<link_info>
   <banner>TMS320C2000 Linker PC v25.11.0.LTS</banner>
   <copyright>Copyright (c) 1996-2018 Texas Instruments Incorporated</copyright>
   <command_line>C:\ti\ccs2050\ccs\tools\compiler\ti-cgt-c2000_25.11.0.LTS\bin\lnk2000.exe -lC:\\Users\\Danre\\AppData\\Local\\Temp\\{1B13ACD4-710D-4AF8-BF3B-10BF595BC775}</command_line>
   <link_time>0x69cbee97</link_time>
   <link_errors>0x0</link_errors>
   <output_file>C:\Users\Danre\Documents\CCS\Maglev\Debug\Maglev.out</output_file>
   <entry_point>
      <name>_c_int00</name>
      <address>0x895b</address>
   </entry_point>
   <input_file_list>
      <input_file id="fl-2">
         <path>C:\Users\Danre\Documents\CCS\Maglev\Debug\.\</path>
         <kind>object</kind>
         <file>F2806x_CodeStartBranch.obj</file>
         <name>F2806x_CodeStartBranch.obj</name>
      </input_file>
      <input_file id="fl-3">
         <path>C:\Users\Danre\Documents\CCS\Maglev\Debug\.\</path>
         <kind>object</kind>
         <file>F2806x_CpuTimers.obj</file>
         <name>F2806x_CpuTimers.obj</name>
      </input_file>
      <input_file id="fl-4">
         <path>C:\Users\Danre\Documents\CCS\Maglev\Debug\.\</path>
         <kind>object</kind>
         <file>F2806x_DefaultIsr.obj</file>
         <name>F2806x_DefaultIsr.obj</name>
      </input_file>
      <input_file id="fl-5">
         <path>C:\Users\Danre\Documents\CCS\Maglev\Debug\.\</path>
         <kind>object</kind>
         <file>F2806x_GlobalVariableDefs.obj</file>
         <name>F2806x_GlobalVariableDefs.obj</name>
      </input_file>
      <input_file id="fl-6">
         <path>C:\Users\Danre\Documents\CCS\Maglev\Debug\.\</path>
         <kind>object</kind>
         <file>F2806x_Gpio.obj</file>
         <name>F2806x_Gpio.obj</name>
      </input_file>
      <input_file id="fl-7">
         <path>C:\Users\Danre\Documents\CCS\Maglev\Debug\.\</path>
         <kind>object</kind>
         <file>F2806x_PieCtrl.obj</file>
         <name>F2806x_PieCtrl.obj</name>
      </input_file>
      <input_file id="fl-8">
         <path>C:\Users\Danre\Documents\CCS\Maglev\Debug\.\</path>
         <kind>object</kind>
         <file>F2806x_PieVect.obj</file>
         <name>F2806x_PieVect.obj</name>
      </input_file>
      <input_file id="fl-9">
         <path>C:\Users\Danre\Documents\CCS\Maglev\Debug\.\</path>
         <kind>object</kind>
         <file>F2806x_SysCtrl.obj</file>
         <name>F2806x_SysCtrl.obj</name>
      </input_file>
      <input_file id="fl-a">
         <path>C:\Users\Danre\Documents\CCS\Maglev\Debug\.\</path>
         <kind>object</kind>
         <file>F2806x_usDelay.obj</file>
         <name>F2806x_usDelay.obj</name>
      </input_file>
      <input_file id="fl-b">
         <path>C:\Users\Danre\Documents\CCS\Maglev\Debug\.\</path>
         <kind>object</kind>
         <file>MAGLEV_adc.obj</file>
         <name>MAGLEV_adc.obj</name>
      </input_file>
      <input_file id="fl-c">
         <path>C:\Users\Danre\Documents\CCS\Maglev\Debug\.\</path>
         <kind>object</kind>
         <file>MAGLEV_gpio.obj</file>
         <name>MAGLEV_gpio.obj</name>
      </input_file>
      <input_file id="fl-d">
         <path>C:\Users\Danre\Documents\CCS\Maglev\Debug\.\</path>
         <kind>object</kind>
         <file>MAGLEV_interrupts.obj</file>
         <name>MAGLEV_interrupts.obj</name>
      </input_file>
      <input_file id="fl-e">
         <path>C:\Users\Danre\Documents\CCS\Maglev\Debug\.\</path>
         <kind>object</kind>
         <file>MAGLEV_main.obj</file>
         <name>MAGLEV_main.obj</name>
      </input_file>
      <input_file id="fl-f">
         <path>C:\Users\Danre\Documents\CCS\Maglev\Debug\.\</path>
         <kind>object</kind>
         <file>MAGLEV_pid.obj</file>
         <name>MAGLEV_pid.obj</name>
      </input_file>
      <input_file id="fl-10">
         <path>C:\Users\Danre\Documents\CCS\Maglev\Debug\.\</path>
         <kind>object</kind>
         <file>MAGLEV_pwm.obj</file>
         <name>MAGLEV_pwm.obj</name>
      </input_file>
      <input_file id="fl-15">
         <path>C:\Users\Danre\Documents\CCS\Maglev\Debug\</path>
         <kind>object</kind>
         <file>&lt;internal&gt;</file>
         <name>&lt;internal&gt;</name>
      </input_file>
      <input_file id="fl-21">
         <path>C:\ti\ccs2050\ccs\tools\compiler\ti-cgt-c2000_25.11.0.LTS\lib\</path>
         <kind>archive</kind>
         <file>rts2800_fpu32.lib</file>
         <name>boot28.asm.obj</name>
      </input_file>
      <input_file id="fl-22">
         <path>C:\ti\ccs2050\ccs\tools\compiler\ti-cgt-c2000_25.11.0.LTS\lib\</path>
         <kind>archive</kind>
         <file>rts2800_fpu32.lib</file>
         <name>fs_div28.asm.obj</name>
      </input_file>
      <input_file id="fl-23">
         <path>C:\ti\ccs2050\ccs\tools\compiler\ti-cgt-c2000_25.11.0.LTS\lib\</path>
         <kind>archive</kind>
         <file>rts2800_fpu32.lib</file>
         <name>i_div28.asm.obj</name>
      </input_file>
      <input_file id="fl-24">
         <path>C:\ti\ccs2050\ccs\tools\compiler\ti-cgt-c2000_25.11.0.LTS\lib\</path>
         <kind>archive</kind>
         <file>rts2800_fpu32.lib</file>
         <name>l_div28.asm.obj</name>
      </input_file>
      <input_file id="fl-25">
         <path>C:\ti\ccs2050\ccs\tools\compiler\ti-cgt-c2000_25.11.0.LTS\lib\</path>
         <kind>archive</kind>
         <file>rts2800_fpu32.lib</file>
         <name>cpy_tbl.c.obj</name>
      </input_file>
      <input_file id="fl-26">
         <path>C:\ti\ccs2050\ccs\tools\compiler\ti-cgt-c2000_25.11.0.LTS\lib\</path>
         <kind>archive</kind>
         <file>rts2800_fpu32.lib</file>
         <name>memcpy.c.obj</name>
      </input_file>
      <input_file id="fl-27">
         <path>C:\ti\ccs2050\ccs\tools\compiler\ti-cgt-c2000_25.11.0.LTS\lib\</path>
         <kind>archive</kind>
         <file>rts2800_fpu32.lib</file>
         <name>pre_init.c.obj</name>
      </input_file>
      <input_file id="fl-28">
         <path>C:\ti\ccs2050\ccs\tools\compiler\ti-cgt-c2000_25.11.0.LTS\lib\</path>
         <kind>archive</kind>
         <file>rts2800_fpu32.lib</file>
         <name>startup.c.obj</name>
      </input_file>
      <input_file id="fl-29">
         <path>C:\ti\ccs2050\ccs\tools\compiler\ti-cgt-c2000_25.11.0.LTS\lib\</path>
         <kind>archive</kind>
         <file>rts2800_fpu32.lib</file>
         <name>exit.c.obj</name>
      </input_file>
      <input_file id="fl-2a">
         <path>C:\ti\ccs2050\ccs\tools\compiler\ti-cgt-c2000_25.11.0.LTS\lib\</path>
         <kind>archive</kind>
         <file>rts2800_fpu32.lib</file>
         <name>_lock.c.obj</name>
      </input_file>
      <input_file id="fl-2b">
         <path>C:\ti\ccs2050\ccs\tools\compiler\ti-cgt-c2000_25.11.0.LTS\lib\</path>
         <kind>archive</kind>
         <file>rts2800_fpu32.lib</file>
         <name>args_main.c.obj</name>
      </input_file>
   </input_file_list>
   <object_component_list>
      <object_component id="oc-52">
         <name>codestart</name>
         <load_address>0x0</load_address>
         <readonly>true</readonly>
         <executable>true</executable>
         <run_address>0x0</run_address>
         <size>0x2</size>
         <alignment>0x1</alignment>
         <input_file_ref idref="fl-2"/>
      </object_component>
      <object_component id="oc-ba">
         <name>.TI.ramfunc:retain</name>
         <load_address>0x8b75</load_address>
         <readonly>true</readonly>
         <executable>true</executable>
         <run_address>0x8b75</run_address>
         <size>0xbc</size>
         <alignment>0x1</alignment>
         <input_file_ref idref="fl-b"/>
      </object_component>
      <object_component id="oc-c7">
         <name>.TI.ramfunc:retain</name>
         <load_address>0x8c31</load_address>
         <readonly>true</readonly>
         <executable>true</executable>
         <run_address>0x8c31</run_address>
         <size>0x19</size>
         <alignment>0x1</alignment>
         <input_file_ref idref="fl-d"/>
      </object_component>
      <object_component id="oc-b2">
         <name>.TI.ramfunc</name>
         <load_address>0x8c4a</load_address>
         <readonly>true</readonly>
         <executable>true</executable>
         <run_address>0x8c4a</run_address>
         <size>0x4</size>
         <alignment>0x1</alignment>
         <input_file_ref idref="fl-a"/>
      </object_component>
      <object_component id="oc-5e">
         <name>.text:retain</name>
         <load_address>0x8000</load_address>
         <readonly>true</readonly>
         <executable>true</executable>
         <run_address>0x8000</run_address>
         <size>0x39b</size>
         <alignment>0x1</alignment>
         <input_file_ref idref="fl-4"/>
      </object_component>
      <object_component id="oc-129">
         <name>.text</name>
         <load_address>0x839b</load_address>
         <readonly>true</readonly>
         <executable>true</executable>
         <run_address>0x839b</run_address>
         <size>0x190</size>
         <alignment>0x1</alignment>
         <input_file_ref idref="fl-9"/>
      </object_component>
      <object_component id="oc-128">
         <name>.text</name>
         <load_address>0x852b</load_address>
         <readonly>true</readonly>
         <executable>true</executable>
         <run_address>0x852b</run_address>
         <size>0x136</size>
         <alignment>0x1</alignment>
         <input_file_ref idref="fl-f"/>
      </object_component>
      <object_component id="oc-122">
         <name>.text</name>
         <load_address>0x8661</load_address>
         <readonly>true</readonly>
         <executable>true</executable>
         <run_address>0x8661</run_address>
         <size>0x131</size>
         <alignment>0x1</alignment>
         <input_file_ref idref="fl-b"/>
      </object_component>
      <object_component id="oc-12d">
         <name>.text</name>
         <load_address>0x8792</load_address>
         <readonly>true</readonly>
         <executable>true</executable>
         <run_address>0x8792</run_address>
         <size>0xa2</size>
         <alignment>0x1</alignment>
         <input_file_ref idref="fl-c"/>
      </object_component>
      <object_component id="oc-12e">
         <name>.text</name>
         <load_address>0x8834</load_address>
         <readonly>true</readonly>
         <executable>true</executable>
         <run_address>0x8834</run_address>
         <size>0x9f</size>
         <alignment>0x1</alignment>
         <input_file_ref idref="fl-10"/>
      </object_component>
      <object_component id="oc-e7">
         <name>.text</name>
         <load_address>0x88d3</load_address>
         <readonly>true</readonly>
         <executable>true</executable>
         <run_address>0x88d3</run_address>
         <size>0x88</size>
         <alignment>0x1</alignment>
         <input_file_ref idref="fl-22"/>
      </object_component>
      <object_component id="oc-50">
         <name>.text</name>
         <load_address>0x895b</load_address>
         <readonly>true</readonly>
         <executable>true</executable>
         <run_address>0x895b</run_address>
         <size>0x56</size>
         <alignment>0x1</alignment>
         <input_file_ref idref="fl-21"/>
      </object_component>
      <object_component id="oc-12f">
         <name>.text</name>
         <load_address>0x89b1</load_address>
         <readonly>true</readonly>
         <executable>true</executable>
         <run_address>0x89b1</run_address>
         <size>0x4b</size>
         <alignment>0x1</alignment>
         <input_file_ref idref="fl-d"/>
      </object_component>
      <object_component id="oc-124">
         <name>.text</name>
         <load_address>0x89fc</load_address>
         <readonly>true</readonly>
         <executable>true</executable>
         <run_address>0x89fc</run_address>
         <size>0x37</size>
         <alignment>0x1</alignment>
         <input_file_ref idref="fl-e"/>
      </object_component>
      <object_component id="oc-f1">
         <name>.text</name>
         <load_address>0x8a33</load_address>
         <readonly>true</readonly>
         <executable>true</executable>
         <run_address>0x8a33</run_address>
         <size>0x2a</size>
         <alignment>0x1</alignment>
         <input_file_ref idref="fl-24"/>
      </object_component>
      <object_component id="oc-11f">
         <name>.text</name>
         <load_address>0x8a5d</load_address>
         <readonly>true</readonly>
         <executable>true</executable>
         <run_address>0x8a5d</run_address>
         <size>0x29</size>
         <alignment>0x1</alignment>
         <input_file_ref idref="fl-29"/>
      </object_component>
      <object_component id="oc-12b">
         <name>.text</name>
         <load_address>0x8a86</load_address>
         <readonly>true</readonly>
         <executable>true</executable>
         <run_address>0x8a86</run_address>
         <size>0x28</size>
         <alignment>0x1</alignment>
         <input_file_ref idref="fl-7"/>
      </object_component>
      <object_component id="oc-12c">
         <name>.text</name>
         <load_address>0x8aae</load_address>
         <readonly>true</readonly>
         <executable>true</executable>
         <run_address>0x8aae</run_address>
         <size>0x26</size>
         <alignment>0x1</alignment>
         <input_file_ref idref="fl-8"/>
      </object_component>
      <object_component id="oc-11c">
         <name>.text</name>
         <load_address>0x8ad4</load_address>
         <readonly>true</readonly>
         <executable>true</executable>
         <run_address>0x8ad4</run_address>
         <size>0x24</size>
         <alignment>0x1</alignment>
         <input_file_ref idref="fl-25"/>
      </object_component>
      <object_component id="oc-ec">
         <name>.text</name>
         <load_address>0x8af8</load_address>
         <readonly>true</readonly>
         <executable>true</executable>
         <run_address>0x8af8</run_address>
         <size>0x22</size>
         <alignment>0x1</alignment>
         <input_file_ref idref="fl-23"/>
      </object_component>
      <object_component id="oc-123">
         <name>.text</name>
         <load_address>0x8b1a</load_address>
         <readonly>true</readonly>
         <executable>true</executable>
         <run_address>0x8b1a</run_address>
         <size>0x20</size>
         <alignment>0x1</alignment>
         <input_file_ref idref="fl-26"/>
      </object_component>
      <object_component id="oc-12a">
         <name>.text</name>
         <load_address>0x8b3a</load_address>
         <readonly>true</readonly>
         <executable>true</executable>
         <run_address>0x8b3a</run_address>
         <size>0x15</size>
         <alignment>0x1</alignment>
         <input_file_ref idref="fl-6"/>
      </object_component>
      <object_component id="oc-11e">
         <name>.text</name>
         <load_address>0x8b4f</load_address>
         <readonly>true</readonly>
         <executable>true</executable>
         <run_address>0x8b4f</run_address>
         <size>0x12</size>
         <alignment>0x1</alignment>
         <input_file_ref idref="fl-2b"/>
      </object_component>
      <object_component id="oc-130">
         <name>.text</name>
         <load_address>0x8b61</load_address>
         <readonly>true</readonly>
         <executable>true</executable>
         <run_address>0x8b61</run_address>
         <size>0x9</size>
         <alignment>0x1</alignment>
         <input_file_ref idref="fl-2a"/>
      </object_component>
      <object_component id="oc-51">
         <name>.text</name>
         <load_address>0x8b6a</load_address>
         <readonly>true</readonly>
         <executable>true</executable>
         <run_address>0x8b6a</run_address>
         <size>0x8</size>
         <alignment>0x1</alignment>
         <input_file_ref idref="fl-2"/>
      </object_component>
      <object_component id="oc-11b">
         <name>.text</name>
         <load_address>0x8b72</load_address>
         <readonly>true</readonly>
         <executable>true</executable>
         <run_address>0x8b72</run_address>
         <size>0x2</size>
         <alignment>0x1</alignment>
         <input_file_ref idref="fl-27"/>
      </object_component>
      <object_component id="oc-11d">
         <name>.text</name>
         <load_address>0x8b74</load_address>
         <readonly>true</readonly>
         <executable>true</executable>
         <run_address>0x8b74</run_address>
         <size>0x1</size>
         <alignment>0x1</alignment>
         <input_file_ref idref="fl-28"/>
      </object_component>
      <object_component id="oc-db">
         <name>.cinit</name>
         <load_address>0x8c4e</load_address>
         <readwrite>true</readwrite>
         <run_address>0x8c4e</run_address>
         <size>0x14</size>
         <alignment>0x1</alignment>
         <input_file_ref idref="fl-10"/>
      </object_component>
      <object_component id="oc-c5">
         <name>.cinit</name>
         <load_address>0x8c62</load_address>
         <readwrite>true</readwrite>
         <run_address>0x8c62</run_address>
         <size>0x13</size>
         <alignment>0x1</alignment>
         <input_file_ref idref="fl-d"/>
      </object_component>
      <object_component id="oc-10b">
         <name>.cinit</name>
         <load_address>0x8c75</load_address>
         <readwrite>true</readwrite>
         <run_address>0x8c75</run_address>
         <size>0xe</size>
         <alignment>0x1</alignment>
         <input_file_ref idref="fl-29"/>
      </object_component>
      <object_component id="oc-cd">
         <name>.cinit</name>
         <load_address>0x8c83</load_address>
         <readwrite>true</readwrite>
         <run_address>0x8c83</run_address>
         <size>0xa</size>
         <alignment>0x1</alignment>
         <input_file_ref idref="fl-e"/>
      </object_component>
      <object_component id="oc-b8">
         <name>.cinit</name>
         <load_address>0x8c8d</load_address>
         <readwrite>true</readwrite>
         <run_address>0x8c8d</run_address>
         <size>0x8</size>
         <alignment>0x1</alignment>
         <input_file_ref idref="fl-b"/>
      </object_component>
      <object_component id="oc-126">
         <name>.cinit:__lock</name>
         <load_address>0x8c95</load_address>
         <readwrite>true</readwrite>
         <run_address>0x8c95</run_address>
         <size>0x5</size>
         <alignment>0x1</alignment>
         <input_file_ref idref="fl-2a"/>
      </object_component>
      <object_component id="oc-131">
         <name>.cinit:__unlock</name>
         <load_address>0x8c9a</load_address>
         <readwrite>true</readwrite>
         <run_address>0x8c9a</run_address>
         <size>0x5</size>
         <alignment>0x1</alignment>
         <input_file_ref idref="fl-2a"/>
      </object_component>
      <object_component id="oc-d4">
         <name>.cinit</name>
         <load_address>0x8c9f</load_address>
         <readwrite>true</readwrite>
         <run_address>0x8c9f</run_address>
         <size>0x4</size>
         <alignment>0x1</alignment>
         <input_file_ref idref="fl-f"/>
      </object_component>
      <object_component id="oc-e2">
         <name>.reset</name>
         <load_address>0x3fffc0</load_address>
         <readwrite>true</readwrite>
         <run_address>0x3fffc0</run_address>
         <size>0x2</size>
         <alignment>0x2</alignment>
         <input_file_ref idref="fl-21"/>
      </object_component>
      <object_component id="oc-e1">
         <name>.stack</name>
         <uninitialized>true</uninitialized>
         <readwrite>true</readwrite>
         <run_address>0x400</run_address>
         <size>0x0</size>
         <alignment>0x1</alignment>
         <input_file_ref idref="fl-21"/>
      </object_component>
      <object_component id="oc-18c">
         <name>.stack</name>
         <uninitialized>true</uninitialized>
         <readwrite>true</readwrite>
         <run_address>0x400</run_address>
         <size>0x0</size>
         <alignment>0x2</alignment>
      </object_component>
      <object_component id="oc-58">
         <name>.ebss</name>
         <uninitialized>true</uninitialized>
         <readwrite>true</readwrite>
         <run_address>0xc1a0</run_address>
         <size>0x18</size>
         <alignment>0x2</alignment>
         <input_file_ref idref="fl-3"/>
      </object_component>
      <object_component id="oc-b9">
         <name>.ebss</name>
         <uninitialized>true</uninitialized>
         <readwrite>true</readwrite>
         <run_address>0xc1d2</run_address>
         <size>0xb</size>
         <alignment>0x1</alignment>
         <input_file_ref idref="fl-b"/>
      </object_component>
      <object_component id="oc-120">
         <name>.ebss:_tempADC</name>
         <uninitialized>true</uninitialized>
         <readwrite>true</readwrite>
         <run_address>0xc172</run_address>
         <size>0xe</size>
         <alignment>0x1</alignment>
         <input_file_ref idref="fl-b"/>
      </object_component>
      <object_component id="oc-127">
         <name>.ebss:_count</name>
         <uninitialized>true</uninitialized>
         <readwrite>true</readwrite>
         <run_address>0xc180</run_address>
         <size>0x20</size>
         <alignment>0x1</alignment>
         <input_file_ref idref="fl-b"/>
      </object_component>
      <object_component id="oc-121">
         <name>.ebss:_hallBuffer</name>
         <uninitialized>true</uninitialized>
         <readwrite>true</readwrite>
         <run_address>0xc140</run_address>
         <size>0x32</size>
         <alignment>0x1</alignment>
         <input_file_ref idref="fl-b"/>
      </object_component>
      <object_component id="oc-c6">
         <name>.ebss</name>
         <uninitialized>true</uninitialized>
         <readwrite>true</readwrite>
         <run_address>0xc1c0</run_address>
         <size>0x12</size>
         <alignment>0x2</alignment>
         <input_file_ref idref="fl-d"/>
      </object_component>
      <object_component id="oc-ce">
         <name>.ebss</name>
         <uninitialized>true</uninitialized>
         <readwrite>true</readwrite>
         <run_address>0xc1b8</run_address>
         <size>0x4</size>
         <alignment>0x2</alignment>
         <input_file_ref idref="fl-e"/>
      </object_component>
      <object_component id="oc-d5">
         <name>.ebss</name>
         <uninitialized>true</uninitialized>
         <readwrite>true</readwrite>
         <run_address>0xc100</run_address>
         <size>0x38</size>
         <alignment>0x2</alignment>
         <input_file_ref idref="fl-f"/>
      </object_component>
      <object_component id="oc-132">
         <name>.ebss:_dataBuf</name>
         <uninitialized>true</uninitialized>
         <readwrite>true</readwrite>
         <run_address>0xc1e8</run_address>
         <size>0xa</size>
         <alignment>0x2</alignment>
         <input_file_ref idref="fl-f"/>
      </object_component>
      <object_component id="oc-dc">
         <name>.ebss</name>
         <uninitialized>true</uninitialized>
         <readwrite>true</readwrite>
         <run_address>0xc1dd</run_address>
         <size>0xa</size>
         <alignment>0x1</alignment>
         <input_file_ref idref="fl-10"/>
      </object_component>
      <object_component id="oc-10c">
         <name>.ebss</name>
         <uninitialized>true</uninitialized>
         <readwrite>true</readwrite>
         <run_address>0xc138</run_address>
         <size>0x6</size>
         <alignment>0x2</alignment>
         <input_file_ref idref="fl-29"/>
      </object_component>
      <object_component id="oc-125">
         <name>.ebss:__lock</name>
         <uninitialized>true</uninitialized>
         <readwrite>true</readwrite>
         <run_address>0xc13e</run_address>
         <size>0x2</size>
         <alignment>0x2</alignment>
         <input_file_ref idref="fl-2a"/>
      </object_component>
      <object_component id="oc-134">
         <name>.ebss:__unlock</name>
         <uninitialized>true</uninitialized>
         <readwrite>true</readwrite>
         <run_address>0xc1bc</run_address>
         <size>0x2</size>
         <alignment>0x2</alignment>
         <input_file_ref idref="fl-2a"/>
      </object_component>
      <object_component id="oc-133">
         <name>.econst:_PieVectTableInit</name>
         <load_address>0xc000</load_address>
         <readwrite>true</readwrite>
         <run_address>0xc000</run_address>
         <size>0x100</size>
         <alignment>0x2</alignment>
         <input_file_ref idref="fl-8"/>
      </object_component>
      <object_component id="oc-9b">
         <name>PieVectTableFile</name>
         <uninitialized>true</uninitialized>
         <readwrite>true</readwrite>
         <run_address>0xd00</run_address>
         <size>0x100</size>
         <alignment>0x2</alignment>
         <input_file_ref idref="fl-5"/>
      </object_component>
      <object_component id="oc-65">
         <name>EmuKeyVar</name>
         <uninitialized>true</uninitialized>
         <readwrite>true</readwrite>
         <run_address>0xd00</run_address>
         <size>0x1</size>
         <alignment>0x1</alignment>
         <input_file_ref idref="fl-5"/>
      </object_component>
      <object_component id="oc-66">
         <name>EmuBModeVar</name>
         <uninitialized>true</uninitialized>
         <readwrite>true</readwrite>
         <run_address>0xd01</run_address>
         <size>0x1</size>
         <alignment>0x1</alignment>
         <input_file_ref idref="fl-5"/>
      </object_component>
      <object_component id="oc-68">
         <name>FlashCallbackVar</name>
         <uninitialized>true</uninitialized>
         <readwrite>true</readwrite>
         <run_address>0xd02</run_address>
         <size>0x2</size>
         <alignment>0x2</alignment>
         <input_file_ref idref="fl-5"/>
      </object_component>
      <object_component id="oc-67">
         <name>FlashScalingVar</name>
         <uninitialized>true</uninitialized>
         <readwrite>true</readwrite>
         <run_address>0xd04</run_address>
         <size>0x2</size>
         <alignment>0x2</alignment>
         <input_file_ref idref="fl-5"/>
      </object_component>
      <object_component id="oc-6a">
         <name>DevEmuRegsFile</name>
         <uninitialized>true</uninitialized>
         <readwrite>true</readwrite>
         <run_address>0x880</run_address>
         <size>0x4</size>
         <alignment>0x2</alignment>
         <input_file_ref idref="fl-5"/>
      </object_component>
      <object_component id="oc-69">
         <name>SysPwrCtrlRegsFile</name>
         <uninitialized>true</uninitialized>
         <readwrite>true</readwrite>
         <run_address>0x985</run_address>
         <size>0x3</size>
         <alignment>0x1</alignment>
         <input_file_ref idref="fl-5"/>
      </object_component>
      <object_component id="oc-6f">
         <name>FlashRegsFile</name>
         <uninitialized>true</uninitialized>
         <readwrite>true</readwrite>
         <run_address>0xa80</run_address>
         <size>0x8</size>
         <alignment>0x1</alignment>
         <input_file_ref idref="fl-5"/>
      </object_component>
      <object_component id="oc-71">
         <name>CsmRegsFile</name>
         <uninitialized>true</uninitialized>
         <readwrite>true</readwrite>
         <run_address>0xae0</run_address>
         <size>0x10</size>
         <alignment>0x1</alignment>
         <input_file_ref idref="fl-5"/>
      </object_component>
      <object_component id="oc-70">
         <name>AdcResultFile</name>
         <uninitialized>true</uninitialized>
         <readwrite>true</readwrite>
         <run_address>0xb00</run_address>
         <size>0x10</size>
         <alignment>0x1</alignment>
         <input_file_ref idref="fl-5"/>
      </object_component>
      <object_component id="oc-6b">
         <name>CpuTimer0RegsFile</name>
         <uninitialized>true</uninitialized>
         <readwrite>true</readwrite>
         <run_address>0xc00</run_address>
         <size>0x8</size>
         <alignment>0x2</alignment>
         <input_file_ref idref="fl-5"/>
      </object_component>
      <object_component id="oc-6c">
         <name>CpuTimer1RegsFile</name>
         <uninitialized>true</uninitialized>
         <readwrite>true</readwrite>
         <run_address>0xc08</run_address>
         <size>0x8</size>
         <alignment>0x2</alignment>
         <input_file_ref idref="fl-5"/>
      </object_component>
      <object_component id="oc-6d">
         <name>CpuTimer2RegsFile</name>
         <uninitialized>true</uninitialized>
         <readwrite>true</readwrite>
         <run_address>0xc10</run_address>
         <size>0x8</size>
         <alignment>0x2</alignment>
         <input_file_ref idref="fl-5"/>
      </object_component>
      <object_component id="oc-7b">
         <name>PieCtrlRegsFile</name>
         <uninitialized>true</uninitialized>
         <readwrite>true</readwrite>
         <run_address>0xce0</run_address>
         <size>0x1a</size>
         <alignment>0x1</alignment>
         <input_file_ref idref="fl-5"/>
      </object_component>
      <object_component id="oc-8b">
         <name>Cla1RegsFile</name>
         <uninitialized>true</uninitialized>
         <readwrite>true</readwrite>
         <run_address>0x1400</run_address>
         <size>0x40</size>
         <alignment>0x2</alignment>
         <input_file_ref idref="fl-5"/>
      </object_component>
      <object_component id="oc-99">
         <name>DmaRegsFile</name>
         <uninitialized>true</uninitialized>
         <readwrite>true</readwrite>
         <run_address>0x1000</run_address>
         <size>0xe0</size>
         <alignment>0x2</alignment>
         <input_file_ref idref="fl-5"/>
      </object_component>
      <object_component id="oc-8a">
         <name>ECanaRegsFile</name>
         <uninitialized>true</uninitialized>
         <readwrite>true</readwrite>
         <run_address>0x6000</run_address>
         <size>0x34</size>
         <alignment>0x2</alignment>
         <input_file_ref idref="fl-5"/>
      </object_component>
      <object_component id="oc-8c">
         <name>ECanaLAMRegsFile</name>
         <uninitialized>true</uninitialized>
         <readwrite>true</readwrite>
         <run_address>0x6040</run_address>
         <size>0x40</size>
         <alignment>0x2</alignment>
         <input_file_ref idref="fl-5"/>
      </object_component>
      <object_component id="oc-9a">
         <name>ECanaMboxesFile</name>
         <uninitialized>true</uninitialized>
         <readwrite>true</readwrite>
         <run_address>0x6100</run_address>
         <size>0x100</size>
         <alignment>0x2</alignment>
         <input_file_ref idref="fl-5"/>
      </object_component>
      <object_component id="oc-8d">
         <name>ECanaMOTSRegsFile</name>
         <uninitialized>true</uninitialized>
         <readwrite>true</readwrite>
         <run_address>0x6080</run_address>
         <size>0x40</size>
         <alignment>0x2</alignment>
         <input_file_ref idref="fl-5"/>
      </object_component>
      <object_component id="oc-8e">
         <name>ECanaMOTORegsFile</name>
         <uninitialized>true</uninitialized>
         <readwrite>true</readwrite>
         <run_address>0x60c0</run_address>
         <size>0x40</size>
         <alignment>0x2</alignment>
         <input_file_ref idref="fl-5"/>
      </object_component>
      <object_component id="oc-7c">
         <name>ECap1RegsFile</name>
         <uninitialized>true</uninitialized>
         <readwrite>true</readwrite>
         <run_address>0x6a00</run_address>
         <size>0x20</size>
         <alignment>0x2</alignment>
         <input_file_ref idref="fl-5"/>
      </object_component>
      <object_component id="oc-7d">
         <name>ECap2RegsFile</name>
         <uninitialized>true</uninitialized>
         <readwrite>true</readwrite>
         <run_address>0x6a20</run_address>
         <size>0x20</size>
         <alignment>0x2</alignment>
         <input_file_ref idref="fl-5"/>
      </object_component>
      <object_component id="oc-7e">
         <name>ECap3RegsFile</name>
         <uninitialized>true</uninitialized>
         <readwrite>true</readwrite>
         <run_address>0x6a40</run_address>
         <size>0x20</size>
         <alignment>0x2</alignment>
         <input_file_ref idref="fl-5"/>
      </object_component>
      <object_component id="oc-85">
         <name>EQep1RegsFile</name>
         <uninitialized>true</uninitialized>
         <readwrite>true</readwrite>
         <run_address>0x6b00</run_address>
         <size>0x22</size>
         <alignment>0x2</alignment>
         <input_file_ref idref="fl-5"/>
      </object_component>
      <object_component id="oc-86">
         <name>EQep2RegsFile</name>
         <uninitialized>true</uninitialized>
         <readwrite>true</readwrite>
         <run_address>0x6b40</run_address>
         <size>0x22</size>
         <alignment>0x2</alignment>
         <input_file_ref idref="fl-5"/>
      </object_component>
      <object_component id="oc-97">
         <name>GpioCtrlRegsFile</name>
         <uninitialized>true</uninitialized>
         <readwrite>true</readwrite>
         <run_address>0x6f80</run_address>
         <size>0x40</size>
         <alignment>0x2</alignment>
         <input_file_ref idref="fl-5"/>
      </object_component>
      <object_component id="oc-7f">
         <name>GpioDataRegsFile</name>
         <uninitialized>true</uninitialized>
         <readwrite>true</readwrite>
         <run_address>0x6fc0</run_address>
         <size>0x20</size>
         <alignment>0x2</alignment>
         <input_file_ref idref="fl-5"/>
      </object_component>
      <object_component id="oc-80">
         <name>GpioIntRegsFile</name>
         <uninitialized>true</uninitialized>
         <readwrite>true</readwrite>
         <run_address>0x6fe0</run_address>
         <size>0x20</size>
         <alignment>0x2</alignment>
         <input_file_ref idref="fl-5"/>
      </object_component>
      <object_component id="oc-81">
         <name>HRCap1RegsFile</name>
         <uninitialized>true</uninitialized>
         <readwrite>true</readwrite>
         <run_address>0x6ac0</run_address>
         <size>0x20</size>
         <alignment>0x1</alignment>
         <input_file_ref idref="fl-5"/>
      </object_component>
      <object_component id="oc-82">
         <name>HRCap2RegsFile</name>
         <uninitialized>true</uninitialized>
         <readwrite>true</readwrite>
         <run_address>0x6ae0</run_address>
         <size>0x20</size>
         <alignment>0x1</alignment>
         <input_file_ref idref="fl-5"/>
      </object_component>
      <object_component id="oc-83">
         <name>HRCap3RegsFile</name>
         <uninitialized>true</uninitialized>
         <readwrite>true</readwrite>
         <run_address>0x6c80</run_address>
         <size>0x20</size>
         <alignment>0x1</alignment>
         <input_file_ref idref="fl-5"/>
      </object_component>
      <object_component id="oc-84">
         <name>HRCap4RegsFile</name>
         <uninitialized>true</uninitialized>
         <readwrite>true</readwrite>
         <run_address>0x6ca0</run_address>
         <size>0x20</size>
         <alignment>0x1</alignment>
         <input_file_ref idref="fl-5"/>
      </object_component>
      <object_component id="oc-89">
         <name>SysCtrlRegsFile</name>
         <uninitialized>true</uninitialized>
         <readwrite>true</readwrite>
         <run_address>0x7010</run_address>
         <size>0x30</size>
         <alignment>0x1</alignment>
         <input_file_ref idref="fl-5"/>
      </object_component>
      <object_component id="oc-75">
         <name>SpiaRegsFile</name>
         <uninitialized>true</uninitialized>
         <readwrite>true</readwrite>
         <run_address>0x7040</run_address>
         <size>0x10</size>
         <alignment>0x1</alignment>
         <input_file_ref idref="fl-5"/>
      </object_component>
      <object_component id="oc-76">
         <name>SpibRegsFile</name>
         <uninitialized>true</uninitialized>
         <readwrite>true</readwrite>
         <run_address>0x7740</run_address>
         <size>0x10</size>
         <alignment>0x1</alignment>
         <input_file_ref idref="fl-5"/>
      </object_component>
      <object_component id="oc-73">
         <name>SciaRegsFile</name>
         <uninitialized>true</uninitialized>
         <readwrite>true</readwrite>
         <run_address>0x7050</run_address>
         <size>0x10</size>
         <alignment>0x1</alignment>
         <input_file_ref idref="fl-5"/>
      </object_component>
      <object_component id="oc-74">
         <name>ScibRegsFile</name>
         <uninitialized>true</uninitialized>
         <readwrite>true</readwrite>
         <run_address>0x7750</run_address>
         <size>0x10</size>
         <alignment>0x1</alignment>
         <input_file_ref idref="fl-5"/>
      </object_component>
      <object_component id="oc-72">
         <name>NmiIntruptRegsFile</name>
         <uninitialized>true</uninitialized>
         <readwrite>true</readwrite>
         <run_address>0x7060</run_address>
         <size>0x10</size>
         <alignment>0x1</alignment>
         <input_file_ref idref="fl-5"/>
      </object_component>
      <object_component id="oc-77">
         <name>XIntruptRegsFile</name>
         <uninitialized>true</uninitialized>
         <readwrite>true</readwrite>
         <run_address>0x7070</run_address>
         <size>0x10</size>
         <alignment>0x1</alignment>
         <input_file_ref idref="fl-5"/>
      </object_component>
      <object_component id="oc-98">
         <name>AdcRegsFile</name>
         <uninitialized>true</uninitialized>
         <readwrite>true</readwrite>
         <run_address>0x7100</run_address>
         <size>0x50</size>
         <alignment>0x1</alignment>
         <input_file_ref idref="fl-5"/>
      </object_component>
      <object_component id="oc-87">
         <name>I2caRegsFile</name>
         <uninitialized>true</uninitialized>
         <readwrite>true</readwrite>
         <run_address>0x7900</run_address>
         <size>0x22</size>
         <alignment>0x1</alignment>
         <input_file_ref idref="fl-5"/>
      </object_component>
      <object_component id="oc-78">
         <name>Comp1RegsFile</name>
         <uninitialized>true</uninitialized>
         <readwrite>true</readwrite>
         <run_address>0x6400</run_address>
         <size>0x14</size>
         <alignment>0x1</alignment>
         <input_file_ref idref="fl-5"/>
      </object_component>
      <object_component id="oc-79">
         <name>Comp2RegsFile</name>
         <uninitialized>true</uninitialized>
         <readwrite>true</readwrite>
         <run_address>0x6420</run_address>
         <size>0x14</size>
         <alignment>0x1</alignment>
         <input_file_ref idref="fl-5"/>
      </object_component>
      <object_component id="oc-7a">
         <name>Comp3RegsFile</name>
         <uninitialized>true</uninitialized>
         <readwrite>true</readwrite>
         <run_address>0x6440</run_address>
         <size>0x14</size>
         <alignment>0x1</alignment>
         <input_file_ref idref="fl-5"/>
      </object_component>
      <object_component id="oc-8f">
         <name>EPwm1RegsFile</name>
         <uninitialized>true</uninitialized>
         <readwrite>true</readwrite>
         <run_address>0x6800</run_address>
         <size>0x40</size>
         <alignment>0x2</alignment>
         <input_file_ref idref="fl-5"/>
      </object_component>
      <object_component id="oc-90">
         <name>EPwm2RegsFile</name>
         <uninitialized>true</uninitialized>
         <readwrite>true</readwrite>
         <run_address>0x6840</run_address>
         <size>0x40</size>
         <alignment>0x2</alignment>
         <input_file_ref idref="fl-5"/>
      </object_component>
      <object_component id="oc-91">
         <name>EPwm3RegsFile</name>
         <uninitialized>true</uninitialized>
         <readwrite>true</readwrite>
         <run_address>0x6880</run_address>
         <size>0x40</size>
         <alignment>0x2</alignment>
         <input_file_ref idref="fl-5"/>
      </object_component>
      <object_component id="oc-92">
         <name>EPwm4RegsFile</name>
         <uninitialized>true</uninitialized>
         <readwrite>true</readwrite>
         <run_address>0x68c0</run_address>
         <size>0x40</size>
         <alignment>0x2</alignment>
         <input_file_ref idref="fl-5"/>
      </object_component>
      <object_component id="oc-93">
         <name>EPwm5RegsFile</name>
         <uninitialized>true</uninitialized>
         <readwrite>true</readwrite>
         <run_address>0x6900</run_address>
         <size>0x40</size>
         <alignment>0x2</alignment>
         <input_file_ref idref="fl-5"/>
      </object_component>
      <object_component id="oc-94">
         <name>EPwm6RegsFile</name>
         <uninitialized>true</uninitialized>
         <readwrite>true</readwrite>
         <run_address>0x6940</run_address>
         <size>0x40</size>
         <alignment>0x2</alignment>
         <input_file_ref idref="fl-5"/>
      </object_component>
      <object_component id="oc-95">
         <name>EPwm7RegsFile</name>
         <uninitialized>true</uninitialized>
         <readwrite>true</readwrite>
         <run_address>0x6980</run_address>
         <size>0x40</size>
         <alignment>0x2</alignment>
         <input_file_ref idref="fl-5"/>
      </object_component>
      <object_component id="oc-96">
         <name>EPwm8RegsFile</name>
         <uninitialized>true</uninitialized>
         <readwrite>true</readwrite>
         <run_address>0x69c0</run_address>
         <size>0x40</size>
         <alignment>0x2</alignment>
         <input_file_ref idref="fl-5"/>
      </object_component>
      <object_component id="oc-88">
         <name>McbspaRegsFile</name>
         <uninitialized>true</uninitialized>
         <readwrite>true</readwrite>
         <run_address>0x5000</run_address>
         <size>0x24</size>
         <alignment>0x1</alignment>
         <input_file_ref idref="fl-5"/>
      </object_component>
      <object_component id="oc-9c">
         <name>Usb0RegsFile</name>
         <uninitialized>true</uninitialized>
         <readwrite>true</readwrite>
         <run_address>0x4000</run_address>
         <size>0x454</size>
         <alignment>0x2</alignment>
         <input_file_ref idref="fl-5"/>
      </object_component>
      <object_component id="oc-6e">
         <name>CsmPwlFile</name>
         <uninitialized>true</uninitialized>
         <readwrite>true</readwrite>
         <run_address>0x3f7ff8</run_address>
         <size>0x8</size>
         <alignment>0x1</alignment>
         <input_file_ref idref="fl-5"/>
      </object_component>
      <object_component id="oc-64">
         <name>PartIdRegsFile</name>
         <uninitialized>true</uninitialized>
         <readwrite>true</readwrite>
         <run_address>0x3d7e80</run_address>
         <size>0x1</size>
         <alignment>0x1</alignment>
         <input_file_ref idref="fl-5"/>
      </object_component>
      <object_component id="oc-53">
         <name>.debug_line</name>
         <load_address>0x0</load_address>
         <run_address>0x0</run_address>
         <size>0x5f</size>
         <alignment>0x1</alignment>
         <input_file_ref idref="fl-2"/>
      </object_component>
      <object_component id="oc-5a">
         <name>.debug_line</name>
         <load_address>0x5f</load_address>
         <run_address>0x5f</run_address>
         <size>0x36</size>
         <alignment>0x1</alignment>
         <input_file_ref idref="fl-3"/>
      </object_component>
      <object_component id="oc-60">
         <name>.debug_line</name>
         <load_address>0x95</load_address>
         <run_address>0x95</run_address>
         <size>0x878</size>
         <alignment>0x1</alignment>
         <input_file_ref idref="fl-4"/>
      </object_component>
      <object_component id="oc-a0">
         <name>.debug_line</name>
         <load_address>0x90d</load_address>
         <run_address>0x90d</run_address>
         <size>0x58</size>
         <alignment>0x1</alignment>
         <input_file_ref idref="fl-6"/>
      </object_component>
      <object_component id="oc-a5">
         <name>.debug_line</name>
         <load_address>0x965</load_address>
         <run_address>0x965</run_address>
         <size>0x86</size>
         <alignment>0x1</alignment>
         <input_file_ref idref="fl-7"/>
      </object_component>
      <object_component id="oc-aa">
         <name>.debug_line</name>
         <load_address>0x9eb</load_address>
         <run_address>0x9eb</run_address>
         <size>0x68</size>
         <alignment>0x1</alignment>
         <input_file_ref idref="fl-8"/>
      </object_component>
      <object_component id="oc-af">
         <name>.debug_line</name>
         <load_address>0xa53</load_address>
         <run_address>0xa53</run_address>
         <size>0x1f6</size>
         <alignment>0x1</alignment>
         <input_file_ref idref="fl-9"/>
      </object_component>
      <object_component id="oc-b3">
         <name>.debug_line</name>
         <load_address>0xc49</load_address>
         <run_address>0xc49</run_address>
         <size>0x49</size>
         <alignment>0x1</alignment>
         <input_file_ref idref="fl-a"/>
      </object_component>
      <object_component id="oc-bc">
         <name>.debug_line</name>
         <load_address>0xc92</load_address>
         <run_address>0xc92</run_address>
         <size>0x169</size>
         <alignment>0x1</alignment>
         <input_file_ref idref="fl-b"/>
      </object_component>
      <object_component id="oc-c1">
         <name>.debug_line</name>
         <load_address>0xdfb</load_address>
         <run_address>0xdfb</run_address>
         <size>0x88</size>
         <alignment>0x1</alignment>
         <input_file_ref idref="fl-c"/>
      </object_component>
      <object_component id="oc-c9">
         <name>.debug_line</name>
         <load_address>0xe83</load_address>
         <run_address>0xe83</run_address>
         <size>0x99</size>
         <alignment>0x1</alignment>
         <input_file_ref idref="fl-d"/>
      </object_component>
      <object_component id="oc-d0">
         <name>.debug_line</name>
         <load_address>0xf1c</load_address>
         <run_address>0xf1c</run_address>
         <size>0x7b</size>
         <alignment>0x1</alignment>
         <input_file_ref idref="fl-e"/>
      </object_component>
      <object_component id="oc-d7">
         <name>.debug_line</name>
         <load_address>0xf97</load_address>
         <run_address>0xf97</run_address>
         <size>0xe5</size>
         <alignment>0x1</alignment>
         <input_file_ref idref="fl-f"/>
      </object_component>
      <object_component id="oc-de">
         <name>.debug_line</name>
         <load_address>0x107c</load_address>
         <run_address>0x107c</run_address>
         <size>0x78</size>
         <alignment>0x1</alignment>
         <input_file_ref idref="fl-10"/>
      </object_component>
      <object_component id="oc-e4">
         <name>.debug_line</name>
         <load_address>0x10f4</load_address>
         <run_address>0x10f4</run_address>
         <size>0x7e</size>
         <alignment>0x1</alignment>
         <input_file_ref idref="fl-21"/>
      </object_component>
      <object_component id="oc-e9">
         <name>.debug_line</name>
         <load_address>0x1172</load_address>
         <run_address>0x1172</run_address>
         <size>0xad</size>
         <alignment>0x1</alignment>
         <input_file_ref idref="fl-22"/>
      </object_component>
      <object_component id="oc-ee">
         <name>.debug_line</name>
         <load_address>0x121f</load_address>
         <run_address>0x121f</run_address>
         <size>0x69</size>
         <alignment>0x1</alignment>
         <input_file_ref idref="fl-23"/>
      </object_component>
      <object_component id="oc-f3">
         <name>.debug_line</name>
         <load_address>0x1288</load_address>
         <run_address>0x1288</run_address>
         <size>0x8e</size>
         <alignment>0x1</alignment>
         <input_file_ref idref="fl-24"/>
      </object_component>
      <object_component id="oc-f8">
         <name>.debug_line</name>
         <load_address>0x1316</load_address>
         <run_address>0x1316</run_address>
         <size>0x50</size>
         <alignment>0x1</alignment>
         <input_file_ref idref="fl-25"/>
      </object_component>
      <object_component id="oc-fd">
         <name>.debug_line</name>
         <load_address>0x1366</load_address>
         <run_address>0x1366</run_address>
         <size>0x56</size>
         <alignment>0x1</alignment>
         <input_file_ref idref="fl-26"/>
      </object_component>
      <object_component id="oc-102">
         <name>.debug_line</name>
         <load_address>0x13bc</load_address>
         <run_address>0x13bc</run_address>
         <size>0x3e</size>
         <alignment>0x1</alignment>
         <input_file_ref idref="fl-27"/>
      </object_component>
      <object_component id="oc-107">
         <name>.debug_line</name>
         <load_address>0x13fa</load_address>
         <run_address>0x13fa</run_address>
         <size>0x3a</size>
         <alignment>0x1</alignment>
         <input_file_ref idref="fl-28"/>
      </object_component>
      <object_component id="oc-10e">
         <name>.debug_line</name>
         <load_address>0x1434</load_address>
         <run_address>0x1434</run_address>
         <size>0x65</size>
         <alignment>0x1</alignment>
         <input_file_ref idref="fl-29"/>
      </object_component>
      <object_component id="oc-113">
         <name>.debug_line</name>
         <load_address>0x1499</load_address>
         <run_address>0x1499</run_address>
         <size>0x5e</size>
         <alignment>0x1</alignment>
         <input_file_ref idref="fl-2a"/>
      </object_component>
      <object_component id="oc-118">
         <name>.debug_line</name>
         <load_address>0x14f7</load_address>
         <run_address>0x14f7</run_address>
         <size>0x4f</size>
         <alignment>0x1</alignment>
         <input_file_ref idref="fl-2b"/>
      </object_component>
      <object_component id="oc-54">
         <name>.debug_info</name>
         <load_address>0x0</load_address>
         <run_address>0x0</run_address>
         <size>0x116</size>
         <alignment>0x1</alignment>
         <input_file_ref idref="fl-2"/>
      </object_component>
      <object_component id="oc-57">
         <name>.debug_info</name>
         <load_address>0x116</load_address>
         <run_address>0x116</run_address>
         <size>0x810</size>
         <alignment>0x1</alignment>
         <input_file_ref idref="fl-3"/>
      </object_component>
      <object_component id="oc-5d">
         <name>.debug_info</name>
         <load_address>0x926</load_address>
         <run_address>0x926</run_address>
         <size>0x2393</size>
         <alignment>0x1</alignment>
         <input_file_ref idref="fl-4"/>
      </object_component>
      <object_component id="oc-63">
         <name>.debug_info</name>
         <load_address>0x2cb9</load_address>
         <run_address>0x2cb9</run_address>
         <size>0x1b026</size>
         <alignment>0x1</alignment>
         <input_file_ref idref="fl-5"/>
      </object_component>
      <object_component id="oc-9e">
         <name>.debug_info</name>
         <load_address>0x1dcdf</load_address>
         <run_address>0x1dcdf</run_address>
         <size>0x18bd</size>
         <alignment>0x1</alignment>
         <input_file_ref idref="fl-6"/>
      </object_component>
      <object_component id="oc-a3">
         <name>.debug_info</name>
         <load_address>0x1f59c</load_address>
         <run_address>0x1f59c</run_address>
         <size>0xb16</size>
         <alignment>0x1</alignment>
         <input_file_ref idref="fl-7"/>
      </object_component>
      <object_component id="oc-a8">
         <name>.debug_info</name>
         <load_address>0x200b2</load_address>
         <run_address>0x200b2</run_address>
         <size>0x2457</size>
         <alignment>0x1</alignment>
         <input_file_ref idref="fl-8"/>
      </object_component>
      <object_component id="oc-ad">
         <name>.debug_info</name>
         <load_address>0x22509</load_address>
         <run_address>0x22509</run_address>
         <size>0x288f</size>
         <alignment>0x1</alignment>
         <input_file_ref idref="fl-9"/>
      </object_component>
      <object_component id="oc-b4">
         <name>.debug_info</name>
         <load_address>0x24d98</load_address>
         <run_address>0x24d98</run_address>
         <size>0xe3</size>
         <alignment>0x1</alignment>
         <input_file_ref idref="fl-a"/>
      </object_component>
      <object_component id="oc-b7">
         <name>.debug_info</name>
         <load_address>0x24e7b</load_address>
         <run_address>0x24e7b</run_address>
         <size>0x4c3d</size>
         <alignment>0x1</alignment>
         <input_file_ref idref="fl-b"/>
      </object_component>
      <object_component id="oc-bf">
         <name>.debug_info</name>
         <load_address>0x29ab8</load_address>
         <run_address>0x29ab8</run_address>
         <size>0x18bd</size>
         <alignment>0x1</alignment>
         <input_file_ref idref="fl-c"/>
      </object_component>
      <object_component id="oc-c4">
         <name>.debug_info</name>
         <load_address>0x2b375</load_address>
         <run_address>0x2b375</run_address>
         <size>0x2012</size>
         <alignment>0x1</alignment>
         <input_file_ref idref="fl-d"/>
      </object_component>
      <object_component id="oc-cc">
         <name>.debug_info</name>
         <load_address>0x2d387</load_address>
         <run_address>0x2d387</run_address>
         <size>0xf9e</size>
         <alignment>0x1</alignment>
         <input_file_ref idref="fl-e"/>
      </object_component>
      <object_component id="oc-d3">
         <name>.debug_info</name>
         <load_address>0x2e325</load_address>
         <run_address>0x2e325</run_address>
         <size>0x999</size>
         <alignment>0x1</alignment>
         <input_file_ref idref="fl-f"/>
      </object_component>
      <object_component id="oc-da">
         <name>.debug_info</name>
         <load_address>0x2ecbe</load_address>
         <run_address>0x2ecbe</run_address>
         <size>0x24cd</size>
         <alignment>0x1</alignment>
         <input_file_ref idref="fl-10"/>
      </object_component>
      <object_component id="oc-e3">
         <name>.debug_info</name>
         <load_address>0x3118b</load_address>
         <run_address>0x3118b</run_address>
         <size>0x15c</size>
         <alignment>0x1</alignment>
         <input_file_ref idref="fl-21"/>
      </object_component>
      <object_component id="oc-e8">
         <name>.debug_info</name>
         <load_address>0x312e7</load_address>
         <run_address>0x312e7</run_address>
         <size>0xfd</size>
         <alignment>0x1</alignment>
         <input_file_ref idref="fl-22"/>
      </object_component>
      <object_component id="oc-ed">
         <name>.debug_info</name>
         <load_address>0x313e4</load_address>
         <run_address>0x313e4</run_address>
         <size>0x12a</size>
         <alignment>0x1</alignment>
         <input_file_ref idref="fl-23"/>
      </object_component>
      <object_component id="oc-f2">
         <name>.debug_info</name>
         <load_address>0x3150e</load_address>
         <run_address>0x3150e</run_address>
         <size>0x18e</size>
         <alignment>0x1</alignment>
         <input_file_ref idref="fl-24"/>
      </object_component>
      <object_component id="oc-f6">
         <name>.debug_info</name>
         <load_address>0x3169c</load_address>
         <run_address>0x3169c</run_address>
         <size>0x54a</size>
         <alignment>0x1</alignment>
         <input_file_ref idref="fl-25"/>
      </object_component>
      <object_component id="oc-fb">
         <name>.debug_info</name>
         <load_address>0x31be6</load_address>
         <run_address>0x31be6</run_address>
         <size>0x423</size>
         <alignment>0x1</alignment>
         <input_file_ref idref="fl-26"/>
      </object_component>
      <object_component id="oc-100">
         <name>.debug_info</name>
         <load_address>0x32009</load_address>
         <run_address>0x32009</run_address>
         <size>0x396</size>
         <alignment>0x1</alignment>
         <input_file_ref idref="fl-27"/>
      </object_component>
      <object_component id="oc-105">
         <name>.debug_info</name>
         <load_address>0x3239f</load_address>
         <run_address>0x3239f</run_address>
         <size>0x393</size>
         <alignment>0x1</alignment>
         <input_file_ref idref="fl-28"/>
      </object_component>
      <object_component id="oc-10a">
         <name>.debug_info</name>
         <load_address>0x32732</load_address>
         <run_address>0x32732</run_address>
         <size>0x52d</size>
         <alignment>0x1</alignment>
         <input_file_ref idref="fl-29"/>
      </object_component>
      <object_component id="oc-111">
         <name>.debug_info</name>
         <load_address>0x32c5f</load_address>
         <run_address>0x32c5f</run_address>
         <size>0x4b5</size>
         <alignment>0x1</alignment>
         <input_file_ref idref="fl-2a"/>
      </object_component>
      <object_component id="oc-116">
         <name>.debug_info</name>
         <load_address>0x33114</load_address>
         <run_address>0x33114</run_address>
         <size>0x450</size>
         <alignment>0x1</alignment>
         <input_file_ref idref="fl-2b"/>
      </object_component>
      <object_component id="oc-18d">
         <name>.debug_info</name>
         <load_address>0x33564</load_address>
         <run_address>0x33564</run_address>
         <size>0x9e</size>
         <alignment>0x1</alignment>
      </object_component>
      <object_component id="oc-55">
         <name>.debug_abbrev</name>
         <load_address>0x0</load_address>
         <run_address>0x0</run_address>
         <size>0x21</size>
         <alignment>0x1</alignment>
         <input_file_ref idref="fl-2"/>
      </object_component>
      <object_component id="oc-5b">
         <name>.debug_abbrev</name>
         <load_address>0x21</load_address>
         <run_address>0x21</run_address>
         <size>0xfd</size>
         <alignment>0x1</alignment>
         <input_file_ref idref="fl-3"/>
      </object_component>
      <object_component id="oc-61">
         <name>.debug_abbrev</name>
         <load_address>0x11e</load_address>
         <run_address>0x11e</run_address>
         <size>0xde</size>
         <alignment>0x1</alignment>
         <input_file_ref idref="fl-4"/>
      </object_component>
      <object_component id="oc-9d">
         <name>.debug_abbrev</name>
         <load_address>0x1fc</load_address>
         <run_address>0x1fc</run_address>
         <size>0xc4</size>
         <alignment>0x1</alignment>
         <input_file_ref idref="fl-5"/>
      </object_component>
      <object_component id="oc-a1">
         <name>.debug_abbrev</name>
         <load_address>0x2c0</load_address>
         <run_address>0x2c0</run_address>
         <size>0xdc</size>
         <alignment>0x1</alignment>
         <input_file_ref idref="fl-6"/>
      </object_component>
      <object_component id="oc-a6">
         <name>.debug_abbrev</name>
         <load_address>0x39c</load_address>
         <run_address>0x39c</run_address>
         <size>0xc8</size>
         <alignment>0x1</alignment>
         <input_file_ref idref="fl-7"/>
      </object_component>
      <object_component id="oc-ab">
         <name>.debug_abbrev</name>
         <load_address>0x464</load_address>
         <run_address>0x464</run_address>
         <size>0x116</size>
         <alignment>0x1</alignment>
         <input_file_ref idref="fl-8"/>
      </object_component>
      <object_component id="oc-b0">
         <name>.debug_abbrev</name>
         <load_address>0x57a</load_address>
         <run_address>0x57a</run_address>
         <size>0x1a3</size>
         <alignment>0x1</alignment>
         <input_file_ref idref="fl-9"/>
      </object_component>
      <object_component id="oc-b5">
         <name>.debug_abbrev</name>
         <load_address>0x71d</load_address>
         <run_address>0x71d</run_address>
         <size>0x2f</size>
         <alignment>0x1</alignment>
         <input_file_ref idref="fl-a"/>
      </object_component>
      <object_component id="oc-bd">
         <name>.debug_abbrev</name>
         <load_address>0x74c</load_address>
         <run_address>0x74c</run_address>
         <size>0x197</size>
         <alignment>0x1</alignment>
         <input_file_ref idref="fl-b"/>
      </object_component>
      <object_component id="oc-c2">
         <name>.debug_abbrev</name>
         <load_address>0x8e3</load_address>
         <run_address>0x8e3</run_address>
         <size>0xdc</size>
         <alignment>0x1</alignment>
         <input_file_ref idref="fl-c"/>
      </object_component>
      <object_component id="oc-ca">
         <name>.debug_abbrev</name>
         <load_address>0x9bf</load_address>
         <run_address>0x9bf</run_address>
         <size>0x139</size>
         <alignment>0x1</alignment>
         <input_file_ref idref="fl-d"/>
      </object_component>
      <object_component id="oc-d1">
         <name>.debug_abbrev</name>
         <load_address>0xaf8</load_address>
         <run_address>0xaf8</run_address>
         <size>0x14d</size>
         <alignment>0x1</alignment>
         <input_file_ref idref="fl-e"/>
      </object_component>
      <object_component id="oc-d8">
         <name>.debug_abbrev</name>
         <load_address>0xc45</load_address>
         <run_address>0xc45</run_address>
         <size>0x109</size>
         <alignment>0x1</alignment>
         <input_file_ref idref="fl-f"/>
      </object_component>
      <object_component id="oc-df">
         <name>.debug_abbrev</name>
         <load_address>0xd4e</load_address>
         <run_address>0xd4e</run_address>
         <size>0xec</size>
         <alignment>0x1</alignment>
         <input_file_ref idref="fl-10"/>
      </object_component>
      <object_component id="oc-e5">
         <name>.debug_abbrev</name>
         <load_address>0xe3a</load_address>
         <run_address>0xe3a</run_address>
         <size>0x46</size>
         <alignment>0x1</alignment>
         <input_file_ref idref="fl-21"/>
      </object_component>
      <object_component id="oc-ea">
         <name>.debug_abbrev</name>
         <load_address>0xe80</load_address>
         <run_address>0xe80</run_address>
         <size>0x38</size>
         <alignment>0x1</alignment>
         <input_file_ref idref="fl-22"/>
      </object_component>
      <object_component id="oc-ef">
         <name>.debug_abbrev</name>
         <load_address>0xeb8</load_address>
         <run_address>0xeb8</run_address>
         <size>0x38</size>
         <alignment>0x1</alignment>
         <input_file_ref idref="fl-23"/>
      </object_component>
      <object_component id="oc-f4">
         <name>.debug_abbrev</name>
         <load_address>0xef0</load_address>
         <run_address>0xef0</run_address>
         <size>0x38</size>
         <alignment>0x1</alignment>
         <input_file_ref idref="fl-24"/>
      </object_component>
      <object_component id="oc-f9">
         <name>.debug_abbrev</name>
         <load_address>0xf28</load_address>
         <run_address>0xf28</run_address>
         <size>0xe3</size>
         <alignment>0x1</alignment>
         <input_file_ref idref="fl-25"/>
      </object_component>
      <object_component id="oc-fe">
         <name>.debug_abbrev</name>
         <load_address>0x100b</load_address>
         <run_address>0x100b</run_address>
         <size>0xa8</size>
         <alignment>0x1</alignment>
         <input_file_ref idref="fl-26"/>
      </object_component>
      <object_component id="oc-103">
         <name>.debug_abbrev</name>
         <load_address>0x10b3</load_address>
         <run_address>0x10b3</run_address>
         <size>0x68</size>
         <alignment>0x1</alignment>
         <input_file_ref idref="fl-27"/>
      </object_component>
      <object_component id="oc-108">
         <name>.debug_abbrev</name>
         <load_address>0x111b</load_address>
         <run_address>0x111b</run_address>
         <size>0x66</size>
         <alignment>0x1</alignment>
         <input_file_ref idref="fl-28"/>
      </object_component>
      <object_component id="oc-10f">
         <name>.debug_abbrev</name>
         <load_address>0x1181</load_address>
         <run_address>0x1181</run_address>
         <size>0x130</size>
         <alignment>0x1</alignment>
         <input_file_ref idref="fl-29"/>
      </object_component>
      <object_component id="oc-114">
         <name>.debug_abbrev</name>
         <load_address>0x12b1</load_address>
         <run_address>0x12b1</run_address>
         <size>0xb2</size>
         <alignment>0x1</alignment>
         <input_file_ref idref="fl-2a"/>
      </object_component>
      <object_component id="oc-119">
         <name>.debug_abbrev</name>
         <load_address>0x1363</load_address>
         <run_address>0x1363</run_address>
         <size>0xee</size>
         <alignment>0x1</alignment>
         <input_file_ref idref="fl-2b"/>
      </object_component>
      <object_component id="oc-18e">
         <name>.debug_abbrev</name>
         <load_address>0x1451</load_address>
         <run_address>0x1451</run_address>
         <size>0xf</size>
         <alignment>0x1</alignment>
      </object_component>
      <object_component id="oc-56">
         <name>.debug_aranges</name>
         <load_address>0x0</load_address>
         <run_address>0x0</run_address>
         <size>0x28</size>
         <alignment>0x1</alignment>
         <input_file_ref idref="fl-2"/>
      </object_component>
      <object_component id="oc-5c">
         <name>.debug_aranges</name>
         <load_address>0x28</load_address>
         <run_address>0x28</run_address>
         <size>0x18</size>
         <alignment>0x1</alignment>
         <input_file_ref idref="fl-3"/>
      </object_component>
      <object_component id="oc-62">
         <name>.debug_aranges</name>
         <load_address>0x40</load_address>
         <run_address>0x40</run_address>
         <size>0x2f8</size>
         <alignment>0x1</alignment>
         <input_file_ref idref="fl-4"/>
      </object_component>
      <object_component id="oc-a2">
         <name>.debug_aranges</name>
         <load_address>0x338</load_address>
         <run_address>0x338</run_address>
         <size>0x20</size>
         <alignment>0x1</alignment>
         <input_file_ref idref="fl-6"/>
      </object_component>
      <object_component id="oc-a7">
         <name>.debug_aranges</name>
         <load_address>0x358</load_address>
         <run_address>0x358</run_address>
         <size>0x28</size>
         <alignment>0x1</alignment>
         <input_file_ref idref="fl-7"/>
      </object_component>
      <object_component id="oc-ac">
         <name>.debug_aranges</name>
         <load_address>0x380</load_address>
         <run_address>0x380</run_address>
         <size>0x20</size>
         <alignment>0x1</alignment>
         <input_file_ref idref="fl-8"/>
      </object_component>
      <object_component id="oc-b1">
         <name>.debug_aranges</name>
         <load_address>0x3a0</load_address>
         <run_address>0x3a0</run_address>
         <size>0x70</size>
         <alignment>0x1</alignment>
         <input_file_ref idref="fl-9"/>
      </object_component>
      <object_component id="oc-b6">
         <name>.debug_aranges</name>
         <load_address>0x410</load_address>
         <run_address>0x410</run_address>
         <size>0x20</size>
         <alignment>0x1</alignment>
         <input_file_ref idref="fl-a"/>
      </object_component>
      <object_component id="oc-be">
         <name>.debug_aranges</name>
         <load_address>0x430</load_address>
         <run_address>0x430</run_address>
         <size>0x38</size>
         <alignment>0x1</alignment>
         <input_file_ref idref="fl-b"/>
      </object_component>
      <object_component id="oc-c3">
         <name>.debug_aranges</name>
         <load_address>0x468</load_address>
         <run_address>0x468</run_address>
         <size>0x20</size>
         <alignment>0x1</alignment>
         <input_file_ref idref="fl-c"/>
      </object_component>
      <object_component id="oc-cb">
         <name>.debug_aranges</name>
         <load_address>0x488</load_address>
         <run_address>0x488</run_address>
         <size>0x30</size>
         <alignment>0x1</alignment>
         <input_file_ref idref="fl-d"/>
      </object_component>
      <object_component id="oc-d2">
         <name>.debug_aranges</name>
         <load_address>0x4b8</load_address>
         <run_address>0x4b8</run_address>
         <size>0x28</size>
         <alignment>0x1</alignment>
         <input_file_ref idref="fl-e"/>
      </object_component>
      <object_component id="oc-d9">
         <name>.debug_aranges</name>
         <load_address>0x4e0</load_address>
         <run_address>0x4e0</run_address>
         <size>0x40</size>
         <alignment>0x1</alignment>
         <input_file_ref idref="fl-f"/>
      </object_component>
      <object_component id="oc-e0">
         <name>.debug_aranges</name>
         <load_address>0x520</load_address>
         <run_address>0x520</run_address>
         <size>0x20</size>
         <alignment>0x1</alignment>
         <input_file_ref idref="fl-10"/>
      </object_component>
      <object_component id="oc-e6">
         <name>.debug_aranges</name>
         <load_address>0x540</load_address>
         <run_address>0x540</run_address>
         <size>0x20</size>
         <alignment>0x1</alignment>
         <input_file_ref idref="fl-21"/>
      </object_component>
      <object_component id="oc-eb">
         <name>.debug_aranges</name>
         <load_address>0x560</load_address>
         <run_address>0x560</run_address>
         <size>0x20</size>
         <alignment>0x1</alignment>
         <input_file_ref idref="fl-22"/>
      </object_component>
      <object_component id="oc-f0">
         <name>.debug_aranges</name>
         <load_address>0x580</load_address>
         <run_address>0x580</run_address>
         <size>0x28</size>
         <alignment>0x1</alignment>
         <input_file_ref idref="fl-23"/>
      </object_component>
      <object_component id="oc-f5">
         <name>.debug_aranges</name>
         <load_address>0x5a8</load_address>
         <run_address>0x5a8</run_address>
         <size>0x38</size>
         <alignment>0x1</alignment>
         <input_file_ref idref="fl-24"/>
      </object_component>
      <object_component id="oc-fa">
         <name>.debug_aranges</name>
         <load_address>0x5e0</load_address>
         <run_address>0x5e0</run_address>
         <size>0x20</size>
         <alignment>0x1</alignment>
         <input_file_ref idref="fl-25"/>
      </object_component>
      <object_component id="oc-ff">
         <name>.debug_aranges</name>
         <load_address>0x600</load_address>
         <run_address>0x600</run_address>
         <size>0x20</size>
         <alignment>0x1</alignment>
         <input_file_ref idref="fl-26"/>
      </object_component>
      <object_component id="oc-104">
         <name>.debug_aranges</name>
         <load_address>0x620</load_address>
         <run_address>0x620</run_address>
         <size>0x20</size>
         <alignment>0x1</alignment>
         <input_file_ref idref="fl-27"/>
      </object_component>
      <object_component id="oc-109">
         <name>.debug_aranges</name>
         <load_address>0x640</load_address>
         <run_address>0x640</run_address>
         <size>0x20</size>
         <alignment>0x1</alignment>
         <input_file_ref idref="fl-28"/>
      </object_component>
      <object_component id="oc-110">
         <name>.debug_aranges</name>
         <load_address>0x660</load_address>
         <run_address>0x660</run_address>
         <size>0x28</size>
         <alignment>0x1</alignment>
         <input_file_ref idref="fl-29"/>
      </object_component>
      <object_component id="oc-115">
         <name>.debug_aranges</name>
         <load_address>0x688</load_address>
         <run_address>0x688</run_address>
         <size>0x30</size>
         <alignment>0x1</alignment>
         <input_file_ref idref="fl-2a"/>
      </object_component>
      <object_component id="oc-11a">
         <name>.debug_aranges</name>
         <load_address>0x6b8</load_address>
         <run_address>0x6b8</run_address>
         <size>0x20</size>
         <alignment>0x1</alignment>
         <input_file_ref idref="fl-2b"/>
      </object_component>
      <object_component id="oc-59">
         <name>.debug_frame</name>
         <load_address>0x0</load_address>
         <run_address>0x0</run_address>
         <size>0x28</size>
         <alignment>0x4</alignment>
         <input_file_ref idref="fl-3"/>
      </object_component>
      <object_component id="oc-5f">
         <name>.debug_frame</name>
         <load_address>0x28</load_address>
         <run_address>0x28</run_address>
         <size>0xbb0</size>
         <alignment>0x4</alignment>
         <input_file_ref idref="fl-4"/>
      </object_component>
      <object_component id="oc-9f">
         <name>.debug_frame</name>
         <load_address>0xbd8</load_address>
         <run_address>0xbd8</run_address>
         <size>0x40</size>
         <alignment>0x4</alignment>
         <input_file_ref idref="fl-6"/>
      </object_component>
      <object_component id="oc-a4">
         <name>.debug_frame</name>
         <load_address>0xc18</load_address>
         <run_address>0xc18</run_address>
         <size>0x58</size>
         <alignment>0x4</alignment>
         <input_file_ref idref="fl-7"/>
      </object_component>
      <object_component id="oc-a9">
         <name>.debug_frame</name>
         <load_address>0xc70</load_address>
         <run_address>0xc70</run_address>
         <size>0x44</size>
         <alignment>0x4</alignment>
         <input_file_ref idref="fl-8"/>
      </object_component>
      <object_component id="oc-ae">
         <name>.debug_frame</name>
         <load_address>0xcb4</load_address>
         <run_address>0xcb4</run_address>
         <size>0x13c</size>
         <alignment>0x4</alignment>
         <input_file_ref idref="fl-9"/>
      </object_component>
      <object_component id="oc-bb">
         <name>.debug_frame</name>
         <load_address>0xdf0</load_address>
         <run_address>0xdf0</run_address>
         <size>0x104</size>
         <alignment>0x4</alignment>
         <input_file_ref idref="fl-b"/>
      </object_component>
      <object_component id="oc-c0">
         <name>.debug_frame</name>
         <load_address>0xef4</load_address>
         <run_address>0xef4</run_address>
         <size>0x40</size>
         <alignment>0x4</alignment>
         <input_file_ref idref="fl-c"/>
      </object_component>
      <object_component id="oc-c8">
         <name>.debug_frame</name>
         <load_address>0xf34</load_address>
         <run_address>0xf34</run_address>
         <size>0x84</size>
         <alignment>0x4</alignment>
         <input_file_ref idref="fl-d"/>
      </object_component>
      <object_component id="oc-cf">
         <name>.debug_frame</name>
         <load_address>0xfb8</load_address>
         <run_address>0xfb8</run_address>
         <size>0x5c</size>
         <alignment>0x4</alignment>
         <input_file_ref idref="fl-e"/>
      </object_component>
      <object_component id="oc-d6">
         <name>.debug_frame</name>
         <load_address>0x1014</load_address>
         <run_address>0x1014</run_address>
         <size>0xbc</size>
         <alignment>0x4</alignment>
         <input_file_ref idref="fl-f"/>
      </object_component>
      <object_component id="oc-dd">
         <name>.debug_frame</name>
         <load_address>0x10d0</load_address>
         <run_address>0x10d0</run_address>
         <size>0x40</size>
         <alignment>0x4</alignment>
         <input_file_ref idref="fl-10"/>
      </object_component>
      <object_component id="oc-f7">
         <name>.debug_frame</name>
         <load_address>0x1110</load_address>
         <run_address>0x1110</run_address>
         <size>0x60</size>
         <alignment>0x4</alignment>
         <input_file_ref idref="fl-25"/>
      </object_component>
      <object_component id="oc-fc">
         <name>.debug_frame</name>
         <load_address>0x1170</load_address>
         <run_address>0x1170</run_address>
         <size>0x40</size>
         <alignment>0x4</alignment>
         <input_file_ref idref="fl-26"/>
      </object_component>
      <object_component id="oc-101">
         <name>.debug_frame</name>
         <load_address>0x11b0</load_address>
         <run_address>0x11b0</run_address>
         <size>0x40</size>
         <alignment>0x4</alignment>
         <input_file_ref idref="fl-27"/>
      </object_component>
      <object_component id="oc-106">
         <name>.debug_frame</name>
         <load_address>0x11f0</load_address>
         <run_address>0x11f0</run_address>
         <size>0x40</size>
         <alignment>0x4</alignment>
         <input_file_ref idref="fl-28"/>
      </object_component>
      <object_component id="oc-10d">
         <name>.debug_frame</name>
         <load_address>0x1230</load_address>
         <run_address>0x1230</run_address>
         <size>0x60</size>
         <alignment>0x4</alignment>
         <input_file_ref idref="fl-29"/>
      </object_component>
      <object_component id="oc-112">
         <name>.debug_frame</name>
         <load_address>0x1290</load_address>
         <run_address>0x1290</run_address>
         <size>0x70</size>
         <alignment>0x4</alignment>
         <input_file_ref idref="fl-2a"/>
      </object_component>
      <object_component id="oc-117">
         <name>.debug_frame</name>
         <load_address>0x1300</load_address>
         <run_address>0x1300</run_address>
         <size>0x40</size>
         <alignment>0x4</alignment>
         <input_file_ref idref="fl-2b"/>
      </object_component>
   </object_component_list>
   <logical_group_list>
      <logical_group id="lg-2" display="no" color="cyan">
         <name>codestart</name>
         <load_address>0x0</load_address>
         <run_address>0x0</run_address>
         <size>0x2</size>
         <contents>
            <object_component_ref idref="oc-52"/>
         </contents>
      </logical_group>
      <logical_group id="lg-3" display="no" color="cyan">
         <name>.TI.ramfunc</name>
         <load_address>0x8b75</load_address>
         <run_address>0x8b75</run_address>
         <size>0xd9</size>
         <contents>
            <object_component_ref idref="oc-ba"/>
            <object_component_ref idref="oc-c7"/>
            <object_component_ref idref="oc-b2"/>
         </contents>
      </logical_group>
      <logical_group id="lg-4" display="no" color="cyan">
         <name>.text</name>
         <load_address>0x8000</load_address>
         <run_address>0x8000</run_address>
         <size>0xb75</size>
         <contents>
            <object_component_ref idref="oc-5e"/>
            <object_component_ref idref="oc-129"/>
            <object_component_ref idref="oc-128"/>
            <object_component_ref idref="oc-122"/>
            <object_component_ref idref="oc-12d"/>
            <object_component_ref idref="oc-12e"/>
[...]
      <symbol id="sm-27e">
         <name>_XIntruptRegs</name>
         <value>0x7070</value>
         <object_component_ref idref="oc-77"/>
      </symbol>
      <symbol id="sm-27f">
         <name>_CpuTimer2Regs</name>
         <value>0xc10</value>
         <object_component_ref idref="oc-6d"/>
      </symbol>
      <symbol id="sm-280">
         <name>_HRCap1Regs</name>
         <value>0x6ac0</value>
         <object_component_ref idref="oc-81"/>
      </symbol>
      <symbol id="sm-281">
         <name>_PieCtrlRegs</name>
         <value>0xce0</value>
         <object_component_ref idref="oc-7b"/>
      </symbol>
      <symbol id="sm-282">
         <name>_SpibRegs</name>
         <value>0x7740</value>
         <object_component_ref idref="oc-76"/>
      </symbol>
      <symbol id="sm-283">
         <name>_ECanaRegs</name>
         <value>0x6000</value>
         <object_component_ref idref="oc-8a"/>
      </symbol>
      <symbol id="sm-284">
         <name>_Comp3Regs</name>
         <value>0x6440</value>
         <object_component_ref idref="oc-7a"/>
      </symbol>
      <symbol id="sm-285">
         <name>_ECap1Regs</name>
         <value>0x6a00</value>
         <object_component_ref idref="oc-7c"/>
      </symbol>
      <symbol id="sm-286">
         <name>_EmuKey</name>
         <value>0xd00</value>
         <object_component_ref idref="oc-65"/>
      </symbol>
      <symbol id="sm-287">
         <name>_Cla1Regs</name>
         <value>0x1400</value>
         <object_component_ref idref="oc-8b"/>
      </symbol>
      <symbol id="sm-288">
         <name>_EQep1Regs</name>
         <value>0x6b00</value>
         <object_component_ref idref="oc-85"/>
      </symbol>
      <symbol id="sm-289">
         <name>_McbspaRegs</name>
         <value>0x5000</value>
         <object_component_ref idref="oc-88"/>
      </symbol>
      <symbol id="sm-28a">
         <name>_EPwm1Regs</name>
         <value>0x6800</value>
         <object_component_ref idref="oc-8f"/>
      </symbol>
      <symbol id="sm-28b">
         <name>_ScibRegs</name>
         <value>0x7750</value>
         <object_component_ref idref="oc-74"/>
      </symbol>
      <symbol id="sm-28c">
         <name>_ECap2Regs</name>
         <value>0x6a20</value>
         <object_component_ref idref="oc-7d"/>
      </symbol>
      <symbol id="sm-28d">
         <name>_GpioIntRegs</name>
         <value>0x6fe0</value>
         <object_component_ref idref="oc-80"/>
      </symbol>
      <symbol id="sm-28e">
         <name>_EQep2Regs</name>
         <value>0x6b40</value>
         <object_component_ref idref="oc-86"/>
      </symbol>
      <symbol id="sm-28f">
         <name>_PartIdRegs</name>
         <value>0x3d7e80</value>
         <object_component_ref idref="oc-64"/>
      </symbol>
      <symbol id="sm-290">
         <name>_HRCap3Regs</name>
         <value>0x6c80</value>
         <object_component_ref idref="oc-83"/>
      </symbol>
      <symbol id="sm-291">
         <name>_EPwm8Regs</name>
         <value>0x69c0</value>
         <object_component_ref idref="oc-96"/>
      </symbol>
      <symbol id="sm-292">
         <name>_Flash_CPUScaleFactor</name>
         <value>0xd04</value>
         <object_component_ref idref="oc-67"/>
      </symbol>
      <symbol id="sm-293">
         <name>_EPwm2Regs</name>
         <value>0x6840</value>
         <object_component_ref idref="oc-90"/>
      </symbol>
      <symbol id="sm-294">
         <name>_ECanaMboxes</name>
         <value>0x6100</value>
         <object_component_ref idref="oc-9a"/>
      </symbol>
      <symbol id="sm-295">
         <name>_ECap3Regs</name>
         <value>0x6a40</value>
         <object_component_ref idref="oc-7e"/>
      </symbol>
      <symbol id="sm-296">
         <name>_HRCap2Regs</name>
         <value>0x6ae0</value>
         <object_component_ref idref="oc-82"/>
      </symbol>
      <symbol id="sm-297">
         <name>_NmiIntruptRegs</name>
         <value>0x7060</value>
         <object_component_ref idref="oc-72"/>
      </symbol>
      <symbol id="sm-298">
         <name>_ECanaMOTORegs</name>
         <value>0x60c0</value>
         <object_component_ref idref="oc-8e"/>
      </symbol>
      <symbol id="sm-299">
         <name>_Flash_CallbackPtr</name>
         <value>0xd02</value>
         <object_component_ref idref="oc-68"/>
      </symbol>
      <symbol id="sm-29a">
         <name>_EPwm3Regs</name>
         <value>0x6880</value>
         <object_component_ref idref="oc-91"/>
      </symbol>
      <symbol id="sm-29b">
         <name>_I2caRegs</name>
         <value>0x7900</value>
         <object_component_ref idref="oc-87"/>
      </symbol>
      <symbol id="sm-2a7">
         <name>_InitGpio</name>
         <value>0x8b3a</value>
         <object_component_ref idref="oc-12a"/>
      </symbol>
      <symbol id="sm-2b4">
         <name>_InitPieCtrl</name>
         <value>0x8a86</value>
         <object_component_ref idref="oc-12b"/>
      </symbol>
      <symbol id="sm-2b6">
         <name>_EnableInterrupts</name>
         <value>0x8aa5</value>
         <object_component_ref idref="oc-12b"/>
      </symbol>
      <symbol id="sm-2c7">
         <name>_PieVectTableInit</name>
         <value>0xc000</value>
         <object_component_ref idref="oc-133"/>
      </symbol>
      <symbol id="sm-2c8">
         <name>_InitPieVectTable</name>
         <value>0x8aae</value>
         <object_component_ref idref="oc-12c"/>
      </symbol>
      <symbol id="sm-2e0">
         <name>_InitPll</name>
         <value>0x83c7</value>
         <object_component_ref idref="oc-129"/>
      </symbol>
      <symbol id="sm-2e2">
         <name>_IntOsc1Sel</name>
         <value>0x84d0</value>
         <object_component_ref idref="oc-129"/>
      </symbol>
      <symbol id="sm-2e4">
         <name>_ExtOscSel</name>
         <value>0x8515</value>
         <object_component_ref idref="oc-129"/>
      </symbol>
      <symbol id="sm-2e6">
         <name>_DisableDog</name>
         <value>0x83bf</value>
         <object_component_ref idref="oc-129"/>
      </symbol>
      <symbol id="sm-2e8">
         <name>_InitPeripheralClocks</name>
         <value>0x8449</value>
         <object_component_ref idref="oc-129"/>
      </symbol>
      <symbol id="sm-2ea">
         <name>_IntOsc2Sel</name>
         <value>0x84e0</value>
         <object_component_ref idref="oc-129"/>
      </symbol>
      <symbol id="sm-2ec">
         <name>_CsmUnlock</name>
         <value>0x849f</value>
         <object_component_ref idref="oc-129"/>
      </symbol>
      <symbol id="sm-2ee">
         <name>_InitPll2</name>
         <value>0x841b</value>
         <object_component_ref idref="oc-129"/>
      </symbol>
      <symbol id="sm-2f0">
         <name>_ServiceDog</name>
         <value>0x83b5</value>
         <object_component_ref idref="oc-129"/>
      </symbol>
      <symbol id="sm-2f2">
         <name>_XtalOscSel</name>
         <value>0x84fa</value>
         <object_component_ref idref="oc-129"/>
      </symbol>
      <symbol id="sm-2f4">
         <name>_InitSysCtrl</name>
         <value>0x839b</value>
         <object_component_ref idref="oc-129"/>
      </symbol>
      <symbol id="sm-301">
         <name>_DSP28x_usDelay</name>
         <value>0x8c4a</value>
         <object_component_ref idref="oc-b2"/>
      </symbol>
      <symbol id="sm-32f">
         <name>_InitAdcRegs</name>
         <value>0x86ee</value>
         <object_component_ref idref="oc-122"/>
      </symbol>
      <symbol id="sm-331">
         <name>_mean</name>
         <value>0x8661</value>
         <object_component_ref idref="oc-122"/>
      </symbol>
      <symbol id="sm-333">
         <name>_tempADC</name>
         <value>0xc172</value>
         <object_component_ref idref="oc-120"/>
      </symbol>
      <symbol id="sm-334">
         <name>_loop</name>
         <value>0xc1d6</value>
         <object_component_ref idref="oc-b9"/>
      </symbol>
      <symbol id="sm-335">
         <name>_Hall_A</name>
         <value>0xc1d7</value>
         <object_component_ref idref="oc-b9"/>
      </symbol>
      <symbol id="sm-336">
         <name>_Hall_C</name>
         <value>0xc1d9</value>
         <object_component_ref idref="oc-b9"/>
      </symbol>
      <symbol id="sm-337">
         <name>_Hall_B</name>
         <value>0xc1d8</value>
         <object_component_ref idref="oc-b9"/>
      </symbol>
      <symbol id="sm-338">
         <name>_mn</name>
         <value>0xc1d5</value>
         <object_component_ref idref="oc-b9"/>
      </symbol>
      <symbol id="sm-339">
         <name>_md</name>
         <value>0xc1d4</value>
         <object_component_ref idref="oc-b9"/>
      </symbol>
      <symbol id="sm-33a">
         <name>_median</name>
         <value>0x867f</value>
         <object_component_ref idref="oc-122"/>
      </symbol>
      <symbol id="sm-33c">
         <name>_Hall</name>
         <value>0xc1da</value>
         <object_component_ref idref="oc-b9"/>
      </symbol>
      <symbol id="sm-33d">
         <name>_hallIndex</name>
         <value>0xc1d2</value>
         <object_component_ref idref="oc-b9"/>
      </symbol>
      <symbol id="sm-33e">
         <name>_duty</name>
         <value>0xc1db</value>
         <object_component_ref idref="oc-b9"/>
      </symbol>
      <symbol id="sm-33f">
         <name>_hallBuffer</name>
         <value>0xc140</value>
         <object_component_ref idref="oc-121"/>
      </symbol>
      <symbol id="sm-340">
         <name>_ISRadc</name>
         <value>0x8b75</value>
         <object_component_ref idref="oc-ba"/>
      </symbol>
      <symbol id="sm-342">
         <name>_potValue</name>
         <value>0xc1dc</value>
         <object_component_ref idref="oc-b9"/>
      </symbol>
      <symbol id="sm-343">
         <name>_i</name>
         <value>0xc1d3</value>
         <object_component_ref idref="oc-b9"/>
      </symbol>
      <symbol id="sm-344">
         <name>_count</name>
         <value>0xc180</value>
         <object_component_ref idref="oc-127"/>
      </symbol>
      <symbol id="sm-350">
         <name>_InitGPIO</name>
         <value>0x8792</value>
         <object_component_ref idref="oc-12d"/>
      </symbol>
      <symbol id="sm-363">
         <name>_dir</name>
         <value>0xc1c1</value>
         <object_component_ref idref="oc-c6"/>
      </symbol>
      <symbol id="sm-364">
         <name>_eQepPosCntReadRaw</name>
         <value>0xc1c4</value>
         <object_component_ref idref="oc-c6"/>
      </symbol>
      <symbol id="sm-365">
         <name>_fRpm</name>
         <value>0xc1c6</value>
         <object_component_ref idref="oc-c6"/>
      </symbol>
      <symbol id="sm-366">
         <name>_InitInterrupts</name>
         <value>0x89b1</value>
         <object_component_ref idref="oc-12f"/>
      </symbol>
      <symbol id="sm-368">
         <name>_fRpmRaw</name>
         <value>0xc1c8</value>
         <object_component_ref idref="oc-c6"/>
      </symbol>
      <symbol id="sm-369">
         <name>_initTimer0</name>
         <value>0x89cf</value>
         <object_component_ref idref="oc-12f"/>
      </symbol>
      <symbol id="sm-36b">
         <name>_eQepDirection</name>
         <value>0xc1c0</value>
         <object_component_ref idref="oc-c6"/>
      </symbol>
      <symbol id="sm-36c">
         <name>_diffPosRaw</name>
         <value>0xc1ce</value>
         <object_component_ref idref="oc-c6"/>
      </symbol>
      <symbol id="sm-36d">
         <name>_diffPos</name>
         <value>0xc1cc</value>
         <object_component_ref idref="oc-c6"/>
      </symbol>
      <symbol id="sm-36e">
         <name>_timerISR</name>
         <value>0x8c31</value>
         <object_component_ref idref="oc-c7"/>
      </symbol>
      <symbol id="sm-370">
         <name>_eQepPosCntRead</name>
         <value>0xc1c2</value>
         <object_component_ref idref="oc-c6"/>
      </symbol>
      <symbol id="sm-371">
         <name>_fPosEoffset</name>
         <value>0xc1ca</value>
         <object_component_ref idref="oc-c6"/>
      </symbol>
      <symbol id="sm-372">
         <name>_pPosVal</name>
         <value>0xc1d0</value>
         <object_component_ref idref="oc-c6"/>
      </symbol>
      <symbol id="sm-383">
         <name>_main</name>
         <value>0x8a00</value>
         <object_component_ref idref="oc-124"/>
      </symbol>
      <symbol id="sm-385">
         <name>_loopToggle</name>
         <value>0xc1ba</value>
         <object_component_ref idref="oc-ce"/>
      </symbol>
      <symbol id="sm-386">
         <name>_test</name>
         <value>0x89fc</value>
         <object_component_ref idref="oc-124"/>
      </symbol>
      <symbol id="sm-388">
         <name>_loopCnt</name>
         <value>0xc1b8</value>
         <object_component_ref idref="oc-ce"/>
      </symbol>
      <symbol id="sm-39e">
         <name>_dataIndex</name>
         <value>0xc100</value>
         <object_component_ref idref="oc-d5"/>
      </symbol>
      <symbol id="sm-39f">
         <name>_initAllPIDs</name>
         <value>0x85c2</value>
         <object_component_ref idref="oc-128"/>
      </symbol>
      <symbol id="sm-3a1">
         <name>_initPID</name>
         <value>0x852b</value>
         <object_component_ref idref="oc-128"/>
      </symbol>
      <symbol id="sm-3a3">
         <name>_dataBuf</name>
         <value>0xc1e8</value>
         <object_component_ref idref="oc-132"/>
      </symbol>
      <symbol id="sm-3a4">
         <name>_stepPIDs</name>
         <value>0x85d7</value>
         <object_component_ref idref="oc-128"/>
      </symbol>
      <symbol id="sm-3a6">
         <name>_getCV</name>
         <value>0x8567</value>
         <object_component_ref idref="oc-128"/>
      </symbol>
      <symbol id="sm-3a8">
         <name>_position</name>
         <value>0xc102</value>
         <object_component_ref idref="oc-d5"/>
      </symbol>
      <symbol id="sm-3a9">
         <name>_updatePID</name>
         <value>0x8553</value>
         <object_component_ref idref="oc-128"/>
      </symbol>
      <symbol id="sm-3ab">
         <name>_acceleration</name>
         <value>0xc126</value>
         <object_component_ref idref="oc-d5"/>
      </symbol>
      <symbol id="sm-3ac">
         <name>_velocity</name>
         <value>0xc114</value>
         <object_component_ref idref="oc-d5"/>
      </symbol>
      <symbol id="sm-3bc">
         <name>_pwmPeriodHalf</name>
         <value>0xc1e2</value>
         <object_component_ref idref="oc-dc"/>
      </symbol>
      <symbol id="sm-3bd">
         <name>_pwmPeriod</name>
         <value>0xc1dd</value>
         <object_component_ref idref="oc-dc"/>
      </symbol>
      <symbol id="sm-3be">
         <name>_pwmCmd1</name>
         <value>0xc1e3</value>
         <object_component_ref idref="oc-dc"/>
      </symbol>
      <symbol id="sm-3bf">
         <name>_pwmCmd3</name>
         <value>0xc1e5</value>
         <object_component_ref idref="oc-dc"/>
      </symbol>
      <symbol id="sm-3c0">
         <name>_pwmCmd2</name>
         <value>0xc1e4</value>
         <object_component_ref idref="oc-dc"/>
      </symbol>
      <symbol id="sm-3c1">
         <name>_pwmCmd4</name>
         <value>0xc1e6</value>
         <object_component_ref idref="oc-dc"/>
      </symbol>
      <symbol id="sm-3c2">
         <name>_pwmPeriod1</name>
         <value>0xc1de</value>
         <object_component_ref idref="oc-dc"/>
      </symbol>
      <symbol id="sm-3c3">
         <name>_pwmPeriod2</name>
         <value>0xc1df</value>
         <object_component_ref idref="oc-dc"/>
      </symbol>
      <symbol id="sm-3c4">
         <name>_pwmPeriod3</name>
         <value>0xc1e0</value>
         <object_component_ref idref="oc-dc"/>
      </symbol>
      <symbol id="sm-3c5">
         <name>_pwmPeriod4</name>
         <value>0xc1e1</value>
         <object_component_ref idref="oc-dc"/>
      </symbol>
      <symbol id="sm-3c6">
         <name>_InitEPwm</name>
         <value>0x8834</value>
         <object_component_ref idref="oc-12e"/>
      </symbol>
      <symbol id="sm-3e2">
         <name>_c_int00</name>
         <value>0x895b</value>
         <object_component_ref idref="oc-50"/>
      </symbol>
      <symbol id="sm-3e3">
         <name>__stack</name>
         <value>0x400</value>
         <object_component_ref idref="oc-e1"/>
      </symbol>
      <symbol id="sm-3f4">
         <name>FS$$DIV</name>
         <value>0x88d3</value>
         <object_component_ref idref="oc-e7"/>
      </symbol>
      <symbol id="sm-402">
         <name>I$$MOD</name>
         <value>0x8b09</value>
         <object_component_ref idref="oc-ec"/>
      </symbol>
      <symbol id="sm-403">
         <name>I$$DIV</name>
         <value>0x8af8</value>
         <object_component_ref idref="oc-ec"/>
      </symbol>
      <symbol id="sm-40f">
         <name>UL$$MOD</name>
         <value>0x8a57</value>
         <object_component_ref idref="oc-f1"/>
      </symbol>
      <symbol id="sm-410">
         <name>L$$MOD</name>
         <value>0x8a42</value>
         <object_component_ref idref="oc-f1"/>
      </symbol>
      <symbol id="sm-411">
         <name>L$$DIV</name>
         <value>0x8a33</value>
         <object_component_ref idref="oc-f1"/>
      </symbol>
      <symbol id="sm-412">
         <name>UL$$DIV</name>
         <value>0x8a50</value>
         <object_component_ref idref="oc-f1"/>
      </symbol>
      <symbol id="sm-421">
         <name>_copy_in</name>
         <value>0x8ad4</value>
         <object_component_ref idref="oc-11c"/>
      </symbol>
      <symbol id="sm-433">
         <name>_memcpy</name>
         <value>0x8b1a</value>
         <object_component_ref idref="oc-123"/>
      </symbol>
      <symbol id="sm-440">
         <name>__system_pre_init</name>
         <value>0x8b72</value>
         <object_component_ref idref="oc-11b"/>
      </symbol>
      <symbol id="sm-44e">
         <name>__system_post_cinit</name>
         <value>0x8b74</value>
         <object_component_ref idref="oc-11d"/>
      </symbol>
      <symbol id="sm-463">
         <name>C$$EXIT</name>
         <value>0x8a5d</value>
         <object_component_ref idref="oc-11f"/>
      </symbol>
      <symbol id="sm-464">
         <name>_exit</name>
         <value>0x8a5f</value>
         <object_component_ref idref="oc-11f"/>
      </symbol>
      <symbol id="sm-466">
         <name>___TI_cleanup_ptr</name>
         <value>0xc13a</value>
         <object_component_ref idref="oc-10c"/>
      </symbol>
      <symbol id="sm-467">
         <name>___TI_enable_exit_profile_output</name>
         <value>0xc138</value>
         <object_component_ref idref="oc-10c"/>
      </symbol>
      <symbol id="sm-468">
         <name>_abort</name>
         <value>0x8a5d</value>
         <object_component_ref idref="oc-11f"/>
      </symbol>
      <symbol id="sm-46a">
         <name>___TI_dtors_ptr</name>
         <value>0xc13c</value>
         <object_component_ref idref="oc-10c"/>
      </symbol>
      <symbol id="sm-47e">
         <name>__unlock</name>
         <value>0xc1bc</value>
         <object_component_ref idref="oc-134"/>
      </symbol>
      <symbol id="sm-47f">
         <name>__lock</name>
         <value>0xc13e</value>
         <object_component_ref idref="oc-125"/>
      </symbol>
      <symbol id="sm-480">
         <name>__register_lock</name>
         <value>0x8b65</value>
         <object_component_ref idref="oc-130"/>
      </symbol>
      <symbol id="sm-482">
         <name>__nop</name>
         <value>0x8b69</value>
         <object_component_ref idref="oc-130"/>
      </symbol>
      <symbol id="sm-484">
         <name>__register_unlock</name>
         <value>0x8b61</value>
         <object_component_ref idref="oc-130"/>
      </symbol>
      <symbol id="sm-494">
         <name>__args_main</name>
         <value>0x8b4f</value>
         <object_component_ref idref="oc-11e"/>
      </symbol>
   </symbol_table>
   <title>Link successful</title>
</link_info>
