******************************************************************************
             TMS320C2000 Linker PC v22.6.1                     
******************************************************************************
>> Linked Fri Mar 20 11:26:33 2026

OUTPUT FILE NAME:   <BLDC.out>
ENTRY POINT SYMBOL: "_c_int00"  address: 003f47bf


MEMORY CONFIGURATION

         name            origin    length      used     unused   attr    fill
----------------------  --------  ---------  --------  --------  ----  --------
PAGE 0:
  RAML0_4               00008000   00004000  0000019e  00003e62  RWIX
  OTP                   003d7800   00000400  00000000  00000400  RWIX
  FLASHH                003d8000   00004000  00000000  00004000  RWIX
  FLASHG                003dc000   00004000  00000000  00004000  RWIX
  FLASHF                003e0000   00004000  00000000  00004000  RWIX
  FLASHE                003e4000   00004000  00000000  00004000  RWIX
  FLASHD                003e8000   00004000  0000019e  00003e62  RWIX
  FLASHC                003ec000   00004000  00000000  00004000  RWIX
  FLASHA                003f4000   00003f80  00000b0a  00003476  RWIX
  CSM_RSVD              003f7f80   00000076  00000000  00000076  RWIX
  BEGIN                 003f7ff6   00000002  00000002  00000000  RWIX
  CSM_PWL_P0            003f7ff8   00000008  00000000  00000008  RWIX
  FPUTABLES             003fd860   000006a0  00000000  000006a0  RWIX
  IQTABLES              003fdf00   00000b50  00000000  00000b50  RWIX
  IQTABLES2             003fea50   0000008c  00000000  0000008c  RWIX
  IQTABLES3             003feadc   000000aa  00000000  000000aa  RWIX
  ROM                   003ff3b0   00000c10  00000000  00000c10  RWIX
  RESET                 003fffc0   00000002  00000000  00000002  RWIX
  VECTORS               003fffc2   0000003e  00000000  0000003e  RWIX

PAGE 1:
  BOOT_RSVD             00000000   00000050  00000000  00000050  RWIX
  RAMM0                 00000050   000003b0  00000300  000000b0  RWIX
  RAMM1                 00000400   00000400  00000000  00000400  RWIX
  DEV_EMU               00000880   00000105  00000004  00000101  RWIX
  SYS_PWR_CTL           00000985   00000003  00000003  00000000  RWIX
  FLASH_REGS            00000a80   00000060  00000008  00000058  RWIX
  CSM                   00000ae0   00000020  00000010  00000010  RWIX
  ADC_RESULT            00000b00   00000020  00000010  00000010  RWIX
  CPU_TIMER0            00000c00   00000008  00000008  00000000  RWIX
  CPU_TIMER1            00000c08   00000008  00000008  00000000  RWIX
  CPU_TIMER2            00000c10   00000008  00000008  00000000  RWIX
  PIE_CTRL              00000ce0   00000020  0000001a  00000006  RWIX
  PIE_VECT              00000d00   00000100  00000100  00000000  RWIX
  DMA                   00001000   00000200  000000e0  00000120  RWIX
  CLA1                  00001400   00000080  00000040  00000040  RWIX
  USB0                  00004000   00001000  00000454  00000bac  RWIX
  McBSPA                00005000   00000040  00000024  0000001c  RWIX
  ECANA                 00006000   00000040  00000034  0000000c  RWIX
  ECANA_LAM             00006040   00000040  00000040  00000000  RWIX
  ECANA_MOTS            00006080   00000040  00000040  00000000  RWIX
  ECANA_MOTO            000060c0   00000040  00000040  00000000  RWIX
  ECANA_MBOX            00006100   00000100  00000100  00000000  RWIX
  COMP1                 00006400   00000020  00000014  0000000c  RWIX
  COMP2                 00006420   00000020  00000014  0000000c  RWIX
  COMP3                 00006440   00000020  00000014  0000000c  RWIX
  EPWM1                 00006800   00000040  00000040  00000000  RWIX
  EPWM2                 00006840   00000040  00000040  00000000  RWIX
  EPWM3                 00006880   00000040  00000040  00000000  RWIX
  EPWM4                 000068c0   00000040  00000040  00000000  RWIX
  EPWM5                 00006900   00000040  00000040  00000000  RWIX
  EPWM6                 00006940   00000040  00000040  00000000  RWIX
  EPWM7                 00006980   00000040  00000040  00000000  RWIX
  EPWM8                 000069c0   00000040  00000040  00000000  RWIX
  ECAP1                 00006a00   00000020  00000020  00000000  RWIX
  ECAP2                 00006a20   00000020  00000020  00000000  RWIX
  ECAP3                 00006a40   00000020  00000020  00000000  RWIX
  HRCAP1                00006ac0   00000020  00000020  00000000  RWIX
  HRCAP2                00006ae0   00000020  00000020  00000000  RWIX
  EQEP1                 00006b00   00000040  00000022  0000001e  RWIX
  EQEP2                 00006b40   00000040  00000022  0000001e  RWIX
  HRCAP3                00006c80   00000020  00000020  00000000  RWIX
  HRCAP4                00006ca0   00000020  00000020  00000000  RWIX
  GPIOCTRL              00006f80   00000040  00000040  00000000  RWIX
  GPIODAT               00006fc0   00000020  00000020  00000000  RWIX
  GPIOINT               00006fe0   00000020  00000020  00000000  RWIX
  SYSTEM                00007010   00000030  00000030  00000000  RWIX
  SPIA                  00007040   00000010  00000010  00000000  RWIX
  SCIA                  00007050   00000010  00000010  00000000  RWIX
  NMIINTRUPT            00007060   00000010  00000010  00000000  RWIX
  XINTRUPT              00007070   00000010  00000010  00000000  RWIX
  ADC                   00007100   00000080  00000050  00000030  RWIX
  SPIB                  00007740   00000010  00000010  00000000  RWIX
  SCIB                  00007750   00000010  00000010  00000000  RWIX
  I2CA                  00007900   00000040  00000022  0000001e  RWIX
  RAML5                 0000c000   00002000  00000056  00001faa  RWIX
  RAML6                 0000e000   00002000  00000000  00002000  RWIX
  RAML7                 00010000   00002000  00000000  00002000  RWIX
  RAML8                 00012000   00002000  00000000  00002000  RWIX
  USB_RAM               00040000   00000800  00000000  00000800  RWIX
  PARTID                003d7e80   00000001  00000001  00000000  RWIX
  FLASHB                003f0000   00004000  00000000  00004000  RWIX
  CSM_PWL               003f7ff8   00000008  00000008  00000000  RWIX


SECTION ALLOCATION MAP

 output                                  attributes/
section   page    origin      length       input sections
--------  ----  ----------  ----------   ----------------
.cinit     0    003f4abc    0000004f     
                  003f4abc    00000014     BLDC_pwm.obj (.cinit)
                  003f4ad0    00000013     BLDC_interrupts.obj (.cinit)
                  003f4ae3    0000000e     rts2800_fpu32.lib : exit.c.obj (.cinit)
                  003f4af1    0000000a     BLDC_main.obj (.cinit)
                  003f4afb    00000005     rts2800_fpu32.lib : _lock.c.obj (.cinit:__lock)
                  003f4b00    00000005                       : _lock.c.obj (.cinit:__unlock)
                  003f4b05    00000004     BLDC_adc.obj (.cinit)
                  003f4b09    00000002     --HOLE-- [fill = 0]

.pinit     0    003f4000    00000000     UNINITIALIZED

.TI.ramfunc 
*          0    003e8000    0000019e     RUN ADDR = 00008000
                  003e8000    0000011c     BLDC_adc.obj (.TI.ramfunc:retain)
                  003e811c    0000007e     BLDC_interrupts.obj (.TI.ramfunc:retain)
                  003e819a    00000004     F2806x_usDelay.obj (.TI.ramfunc)

.text      0    003f4000    000009bb     
                  003f4000    0000039b     F2806x_DefaultIsr.obj (.text:retain)
                  003f439b    00000192     F2806x_SysCtrl.obj (.text)
                  003f452d    000000e6     BLDC_pwm.obj (.text)
                  003f4613    000000c1     BLDC_gpio.obj (.text)
                  003f46d4    00000088     rts2800_fpu32.lib : fs_div28.asm.obj (.text)
                  003f475c    00000063     BLDC_adc.obj (.text)
                  003f47bf    00000056     rts2800_fpu32.lib : boot28.asm.obj (.text)
                  003f4815    00000044     BLDC_main.obj (.text)
                  003f4859    00000041     BLDC_qep.obj (.text)
                  003f489a    0000003d     BLDC_interrupts.obj (.text)
                  003f48d7    00000029     rts2800_fpu32.lib : exit.c.obj (.text)
                  003f4900    00000028     F2806x_PieCtrl.obj (.text)
                  003f4928    00000024     rts2800_fpu32.lib : cpy_tbl.c.obj (.text)
                  003f494c    0000001d                       : memcpy.c.obj (.text)
                  003f4969    0000001b     F2806x_Gpio.obj (.text)
                  003f4984    00000012     rts2800_fpu32.lib : args_main.c.obj (.text)
                  003f4996    00000011     F2806x_PieVect.obj (.text)
                  003f49a7    00000009     rts2800_fpu32.lib : _lock.c.obj (.text)
                  003f49b0    00000008     F2806x_CodeStartBranch.obj (.text)
                  003f49b8    00000002     rts2800_fpu32.lib : pre_init.c.obj (.text)
                  003f49ba    00000001                       : startup.c.obj (.text)

codestart 
*          0    003f7ff6    00000002     
                  003f7ff6    00000002     F2806x_CodeStartBranch.obj (codestart)

.stack     1    00000050    00000300     UNINITIALIZED
                  00000050    00000300     --HOLE--

.ebss      1    0000c000    00000056     UNINITIALIZED
                  0000c000    00000018     F2806x_CpuTimers.obj (.ebss)
                  0000c018    00000012     BLDC_interrupts.obj (.ebss)
                  0000c02a    0000000e     BLDC_adc.obj (.ebss:_tempADC)
                  0000c038    00000006     BLDC_adc.obj (.ebss)
                  0000c03e    00000002     rts2800_fpu32.lib : _lock.c.obj (.ebss:__lock)
                  0000c040    0000000a     BLDC_pwm.obj (.ebss)
                  0000c04a    00000006     rts2800_fpu32.lib : exit.c.obj (.ebss)
                  0000c050    00000004     BLDC_main.obj (.ebss)
                  0000c054    00000002     rts2800_fpu32.lib : _lock.c.obj (.ebss:__unlock)

.econst    0    003f49bc    00000100     
                  003f49bc    00000100     F2806x_PieVect.obj (.econst:_PieVectTableInit)

.reset     0    003fffc0    00000002     DSECT
                  003fffc0    00000002     rts2800_fpu32.lib : boot28.asm.obj (.reset)

vectors    0    003fffc2    00000000     DSECT

DevEmuRegsFile 
*          1    00000880    00000004     UNINITIALIZED
                  00000880    00000004     F2806x_GlobalVariableDefs.obj (DevEmuRegsFile)

SysPwrCtrlRegsFile 
*          1    00000985    00000003     UNINITIALIZED
                  00000985    00000003     F2806x_GlobalVariableDefs.obj (SysPwrCtrlRegsFile)

FlashRegsFile 
*          1    00000a80    00000008     UNINITIALIZED
                  00000a80    00000008     F2806x_GlobalVariableDefs.obj (FlashRegsFile)

CsmRegsFile 
*          1    00000ae0    00000010     UNINITIALIZED
                  00000ae0    00000010     F2806x_GlobalVariableDefs.obj (CsmRegsFile)

AdcResultFile 
*          1    00000b00    00000010     UNINITIALIZED
                  00000b00    00000010     F2806x_GlobalVariableDefs.obj (AdcResultFile)

CpuTimer0RegsFile 
*          1    00000c00    00000008     UNINITIALIZED
                  00000c00    00000008     F2806x_GlobalVariableDefs.obj (CpuTimer0RegsFile)

CpuTimer1RegsFile 
*          1    00000c08    00000008     UNINITIALIZED
                  00000c08    00000008     F2806x_GlobalVariableDefs.obj (CpuTimer1RegsFile)

CpuTimer2RegsFile 
*          1    00000c10    00000008     UNINITIALIZED
                  00000c10    00000008     F2806x_GlobalVariableDefs.obj (CpuTimer2RegsFile)

PieCtrlRegsFile 
*          1    00000ce0    0000001a     UNINITIALIZED
                  00000ce0    0000001a     F2806x_GlobalVariableDefs.obj (PieCtrlRegsFile)

PieVectTableFile 
*          1    00000d00    00000100     UNINITIALIZED
                  00000d00    00000100     F2806x_GlobalVariableDefs.obj (PieVectTableFile)

EmuKeyVar 
*          1    00000d00    00000001     UNINITIALIZED
                  00000d00    00000001     F2806x_GlobalVariableDefs.obj (EmuKeyVar)

EmuBModeVar 
*          1    00000d01    00000001     UNINITIALIZED
                  00000d01    00000001     F2806x_GlobalVariableDefs.obj (EmuBModeVar)

FlashCallbackVar 
*          1    00000d02    00000002     UNINITIALIZED
                  00000d02    00000002     F2806x_GlobalVariableDefs.obj (FlashCallbackVar)

FlashScalingVar 
*          1    00000d04    00000002     UNINITIALIZED
                  00000d04    00000002     F2806x_GlobalVariableDefs.obj (FlashScalingVar)

DmaRegsFile 
*          1    00001000    000000e0     UNINITIALIZED
                  00001000    000000e0     F2806x_GlobalVariableDefs.obj (DmaRegsFile)

Cla1RegsFile 
*          1    00001400    00000040     UNINITIALIZED
                  00001400    00000040     F2806x_GlobalVariableDefs.obj (Cla1RegsFile)

Usb0RegsFile 
*          1    00004000    00000454     UNINITIALIZED
                  00004000    00000454     F2806x_GlobalVariableDefs.obj (Usb0RegsFile)

McbspaRegsFile 
*          1    00005000    00000024     UNINITIALIZED
                  00005000    00000024     F2806x_GlobalVariableDefs.obj (McbspaRegsFile)

ECanaRegsFile 
*          1    00006000    00000034     UNINITIALIZED
                  00006000    00000034     F2806x_GlobalVariableDefs.obj (ECanaRegsFile)

ECanaLAMRegsFile 
*          1    00006040    00000040     UNINITIALIZED
                  00006040    00000040     F2806x_GlobalVariableDefs.obj (ECanaLAMRegsFile)

ECanaMOTSRegsFile 
*          1    00006080    00000040     UNINITIALIZED
                  00006080    00000040     F2806x_GlobalVariableDefs.obj (ECanaMOTSRegsFile)

ECanaMOTORegsFile 
*          1    000060c0    00000040     UNINITIALIZED
                  000060c0    00000040     F2806x_GlobalVariableDefs.obj (ECanaMOTORegsFile)

ECanaMboxesFile 
*          1    00006100    00000100     UNINITIALIZED
                  00006100    00000100     F2806x_GlobalVariableDefs.obj (ECanaMboxesFile)

Comp1RegsFile 
*          1    00006400    00000014     UNINITIALIZED
                  00006400    00000014     F2806x_GlobalVariableDefs.obj (Comp1RegsFile)

Comp2RegsFile 
*          1    00006420    00000014     UNINITIALIZED
                  00006420    00000014     F2806x_GlobalVariableDefs.obj (Comp2RegsFile)

Comp3RegsFile 
*          1    00006440    00000014     UNINITIALIZED
                  00006440    00000014     F2806x_GlobalVariableDefs.obj (Comp3RegsFile)

EPwm1RegsFile 
*          1    00006800    00000040     UNINITIALIZED
                  00006800    00000040     F2806x_GlobalVariableDefs.obj (EPwm1RegsFile)

EPwm2RegsFile 
*          1    00006840    00000040     UNINITIALIZED
                  00006840    00000040     F2806x_GlobalVariableDefs.obj (EPwm2RegsFile)

EPwm3RegsFile 
*          1    00006880    00000040     UNINITIALIZED
                  00006880    00000040     F2806x_GlobalVariableDefs.obj (EPwm3RegsFile)

EPwm4RegsFile 
*          1    000068c0    00000040     UNINITIALIZED
                  000068c0    00000040     F2806x_GlobalVariableDefs.obj (EPwm4RegsFile)

EPwm5RegsFile 
*          1    00006900    00000040     UNINITIALIZED
                  00006900    00000040     F2806x_GlobalVariableDefs.obj (EPwm5RegsFile)

EPwm6RegsFile 
*          1    00006940    00000040     UNINITIALIZED
                  00006940    00000040     F2806x_GlobalVariableDefs.obj (EPwm6RegsFile)

EPwm7RegsFile 
*          1    00006980    00000040     UNINITIALIZED
                  00006980    00000040     F2806x_GlobalVariableDefs.obj (EPwm7RegsFile)

EPwm8RegsFile 
*          1    000069c0    00000040     UNINITIALIZED
                  000069c0    00000040     F2806x_GlobalVariableDefs.obj (EPwm8RegsFile)

ECap1RegsFile 
*          1    00006a00    00000020     UNINITIALIZED
                  00006a00    00000020     F2806x_GlobalVariableDefs.obj (ECap1RegsFile)

ECap2RegsFile 
*          1    00006a20    00000020     UNINITIALIZED
                  00006a20    00000020     F2806x_GlobalVariableDefs.obj (ECap2RegsFile)

ECap3RegsFile 
*          1    00006a40    00000020     UNINITIALIZED
                  00006a40    00000020     F2806x_GlobalVariableDefs.obj (ECap3RegsFile)

HRCap1RegsFile 
*          1    00006ac0    00000020     UNINITIALIZED
                  00006ac0    00000020     F2806x_GlobalVariableDefs.obj (HRCap1RegsFile)

HRCap2RegsFile 
*          1    00006ae0    00000020     UNINITIALIZED
                  00006ae0    00000020     F2806x_GlobalVariableDefs.obj (HRCap2RegsFile)

EQep1RegsFile 
*          1    00006b00    00000022     UNINITIALIZED
                  00006b00    00000022     F2806x_GlobalVariableDefs.obj (EQep1RegsFile)

EQep2RegsFile 
*          1    00006b40    00000022     UNINITIALIZED
                  00006b40    00000022     F2806x_GlobalVariableDefs.obj (EQep2RegsFile)

HRCap3RegsFile 
*          1    00006c80    00000020     UNINITIALIZED
                  00006c80    00000020     F2806x_GlobalVariableDefs.obj (HRCap3RegsFile)

HRCap4RegsFile 
*          1    00006ca0    00000020     UNINITIALIZED
                  00006ca0    00000020     F2806x_GlobalVariableDefs.obj (HRCap4RegsFile)

GpioCtrlRegsFile 
*          1    00006f80    00000040     UNINITIALIZED
                  00006f80    00000040     F2806x_GlobalVariableDefs.obj (GpioCtrlRegsFile)

GpioDataRegsFile 
*          1    00006fc0    00000020     UNINITIALIZED
                  00006fc0    00000020     F2806x_GlobalVariableDefs.obj (GpioDataRegsFile)

GpioIntRegsFile 
*          1    00006fe0    00000020     UNINITIALIZED
                  00006fe0    00000020     F2806x_GlobalVariableDefs.obj (GpioIntRegsFile)

SysCtrlRegsFile 
*          1    00007010    00000030     UNINITIALIZED
                  00007010    00000030     F2806x_GlobalVariableDefs.obj (SysCtrlRegsFile)

SpiaRegsFile 
*          1    00007040    00000010     UNINITIALIZED
                  00007040    00000010     F2806x_GlobalVariableDefs.obj (SpiaRegsFile)

SciaRegsFile 
*          1    00007050    00000010     UNINITIALIZED
                  00007050    00000010     F2806x_GlobalVariableDefs.obj (SciaRegsFile)

NmiIntruptRegsFile 
*          1    00007060    00000010     UNINITIALIZED
                  00007060    00000010     F2806x_GlobalVariableDefs.obj (NmiIntruptRegsFile)

XIntruptRegsFile 
*          1    00007070    00000010     UNINITIALIZED
                  00007070    00000010     F2806x_GlobalVariableDefs.obj (XIntruptRegsFile)

AdcRegsFile 
*          1    00007100    00000050     UNINITIALIZED
                  00007100    00000050     F2806x_GlobalVariableDefs.obj (AdcRegsFile)

SpibRegsFile 
*          1    00007740    00000010     UNINITIALIZED
                  00007740    00000010     F2806x_GlobalVariableDefs.obj (SpibRegsFile)

ScibRegsFile 
*          1    00007750    00000010     UNINITIALIZED
                  00007750    00000010     F2806x_GlobalVariableDefs.obj (ScibRegsFile)

I2caRegsFile 
*          1    00007900    00000022     UNINITIALIZED
                  00007900    00000022     F2806x_GlobalVariableDefs.obj (I2caRegsFile)

PartIdRegsFile 
*          1    003d7e80    00000001     UNINITIALIZED
                  003d7e80    00000001     F2806x_GlobalVariableDefs.obj (PartIdRegsFile)

CsmPwlFile 
*          1    003f7ff8    00000008     UNINITIALIZED
                  003f7ff8    00000008     F2806x_GlobalVariableDefs.obj (CsmPwlFile)

MODULE SUMMARY

       Module                          code   initialized data   uninitialized data
       ------                          ----   ----------------   ------------------
    .\
       F2806x_GlobalVariableDefs.obj   0      0                  3550              
       F2806x_DefaultIsr.obj           923    0                  0                 
       BLDC_adc.obj                    667    4                  20                
       F2806x_SysCtrl.obj              402    0                  0                 
       BLDC_interrupts.obj             313    19                 18                
       F2806x_PieVect.obj              17     256                0                 
       BLDC_pwm.obj                    230    20                 10                
       BLDC_gpio.obj                   193    0                  0                 
       BLDC_main.obj                   68     10                 4                 
       BLDC_qep.obj                    65     0                  0                 
       F2806x_PieCtrl.obj              40     0                  0                 
       F2806x_Gpio.obj                 27     0                  0                 
       F2806x_CpuTimers.obj            0      0                  24                
       F2806x_CodeStartBranch.obj      10     0                  0                 
       F2806x_usDelay.obj              8      0                  0                 
    +--+-------------------------------+------+------------------+--------------------+
       Total:                          2963   309                3626              
                                                                                   
    C:\ti\ccs1281\ccs\tools\compiler\ti-cgt-c2000_22.6.1.LTS\lib\rts2800_fpu32.lib
       fs_div28.asm.obj                136    0                  0                 
       boot28.asm.obj                  86     0                  0                 
       exit.c.obj                      41     14                 6                 
       cpy_tbl.c.obj                   36     0                  0                 
       memcpy.c.obj                    29     0                  0                 
       _lock.c.obj                     9      10                 4                 
       args_main.c.obj                 18     0                  0                 
       pre_init.c.obj                  2      0                  0                 
       startup.c.obj                   1      0                  0                 
    +--+-------------------------------+------+------------------+--------------------+
       Total:                          358    24                 10                
                                                                                   
       Stack:                          0      0                  768               
    +--+-------------------------------+------+------------------+--------------------+
       Grand Total:                    3321   333                4404              


GLOBAL DATA SYMBOLS: SORTED BY DATA PAGE

address     data page           name
--------    ----------------    ----
00000050       1 (00000040)     __stack

00000880      22 (00000880)     _DevEmuRegs

00000985      26 (00000980)     _SysPwrCtrlRegs

00000a80      2a (00000a80)     _FlashRegs

00000ae0      2b (00000ac0)     _CsmRegs

00000b00      2c (00000b00)     _AdcResult

00000c00      30 (00000c00)     _CpuTimer0Regs
00000c08      30 (00000c00)     _CpuTimer1Regs
00000c10      30 (00000c00)     _CpuTimer2Regs

00000ce0      33 (00000cc0)     _PieCtrlRegs

00000d00      34 (00000d00)     _EmuKey
00000d00      34 (00000d00)     _PieVectTable
00000d01      34 (00000d00)     _EmuBMode
00000d02      34 (00000d00)     _Flash_CallbackPtr
00000d04      34 (00000d00)     _Flash_CPUScaleFactor

00001000      40 (00001000)     _DmaRegs

00001400      50 (00001400)     _Cla1Regs

00004000     100 (00004000)     _Usb0Regs

00005000     140 (00005000)     _McbspaRegs

00006000     180 (00006000)     _ECanaRegs

00006040     181 (00006040)     _ECanaLAMRegs

00006080     182 (00006080)     _ECanaMOTSRegs

000060c0     183 (000060c0)     _ECanaMOTORegs

00006100     184 (00006100)     _ECanaMboxes

00006400     190 (00006400)     _Comp1Regs
00006420     190 (00006400)     _Comp2Regs

00006440     191 (00006440)     _Comp3Regs

00006800     1a0 (00006800)     _EPwm1Regs

00006840     1a1 (00006840)     _EPwm2Regs

00006880     1a2 (00006880)     _EPwm3Regs

000068c0     1a3 (000068c0)     _EPwm4Regs

00006900     1a4 (00006900)     _EPwm5Regs

00006940     1a5 (00006940)     _EPwm6Regs

00006980     1a6 (00006980)     _EPwm7Regs

000069c0     1a7 (000069c0)     _EPwm8Regs

00006a00     1a8 (00006a00)     _ECap1Regs
00006a20     1a8 (00006a00)     _ECap2Regs

00006a40     1a9 (00006a40)     _ECap3Regs

00006ac0     1ab (00006ac0)     _HRCap1Regs
00006ae0     1ab (00006ac0)     _HRCap2Regs

00006b00     1ac (00006b00)     _EQep1Regs

00006b40     1ad (00006b40)     _EQep2Regs

00006c80     1b2 (00006c80)     _HRCap3Regs
00006ca0     1b2 (00006c80)     _HRCap4Regs

00006f80     1be (00006f80)     _GpioCtrlRegs

00006fc0     1bf (00006fc0)     _GpioDataRegs
00006fe0     1bf (00006fc0)     _GpioIntRegs

00007010     1c0 (00007000)     _SysCtrlRegs

00007040     1c1 (00007040)     _SpiaRegs
00007050     1c1 (00007040)     _SciaRegs
00007060     1c1 (00007040)     _NmiIntruptRegs
00007070     1c1 (00007040)     _XIntruptRegs

00007100     1c4 (00007100)     _AdcRegs

00007740     1dd (00007740)     _SpibRegs
00007750     1dd (00007740)     _ScibRegs

00007900     1e4 (00007900)     _I2caRegs

0000c000     300 (0000c000)     _CpuTimer0
0000c008     300 (0000c000)     _CpuTimer1
0000c010     300 (0000c000)     _CpuTimer2
0000c018     300 (0000c000)     _eQepDirection
0000c019     300 (0000c000)     _dir
0000c01a     300 (0000c000)     _eQepPosCntRead
0000c01c     300 (0000c000)     _eQepPosCntReadRaw
0000c01e     300 (0000c000)     _fRpm
0000c020     300 (0000c000)     _fRpmRaw
0000c022     300 (0000c000)     _fPosEoffset
0000c024     300 (0000c000)     _diffPos
0000c026     300 (0000c000)     _diffPosRaw
0000c028     300 (0000c000)     _pPosVal
0000c02a     300 (0000c000)     _tempADC
0000c038     300 (0000c000)     _Hall_A
0000c039     300 (0000c000)     _Hall_B
0000c03a     300 (0000c000)     _Hall_C
0000c03b     300 (0000c000)     _Hall
0000c03c     300 (0000c000)     _duty
0000c03d     300 (0000c000)     _potValue
0000c03e     300 (0000c000)     __lock

0000c040     301 (0000c040)     _pwmPeriod
0000c041     301 (0000c040)     _pwmPeriod1
0000c042     301 (0000c040)     _pwmPeriod2
0000c043     301 (0000c040)     _pwmPeriod3
0000c044     301 (0000c040)     _pwmPeriod4
0000c045     301 (0000c040)     _pwmPeriodHalf
0000c046     301 (0000c040)     _pwmCmd1
0000c047     301 (0000c040)     _pwmCmd2
0000c048     301 (0000c040)     _pwmCmd3
0000c049     301 (0000c040)     _pwmCmd4
0000c04a     301 (0000c040)     ___TI_enable_exit_profile_output
0000c04c     301 (0000c040)     ___TI_cleanup_ptr
0000c04e     301 (0000c040)     ___TI_dtors_ptr
0000c050     301 (0000c040)     _loopCnt
0000c052     301 (0000c040)     _loopToggle
0000c054     301 (0000c040)     __unlock

003d7e80    f5fa (003d7e80)     _PartIdRegs

003f49bc    fd26 (003f4980)     _PieVectTableInit

003f7ff8    fdff (003f7fc0)     _CsmPwl


GLOBAL SYMBOLS: SORTED ALPHABETICALLY BY Name 

page  address   name                            
----  -------   ----                            
0     003f4000  .text                           
0     003f48d7  C$$EXIT                         
0     003f46d4  FS$$DIV                         
0     003f4391  _ADCINT1_ISR                    
0     003f4387  _ADCINT2_ISR                    
0     003f437d  _ADCINT3_ISR                    
0     003f4373  _ADCINT4_ISR                    
0     003f4369  _ADCINT5_ISR                    
0     003f435f  _ADCINT6_ISR                    
0     003f4355  _ADCINT7_ISR                    
0     003f434b  _ADCINT8_ISR                    
0     003f4341  _ADCINT9_ISR                    
1     00007100  _AdcRegs                        
1     00000b00  _AdcResult                      
0     003f4337  _CLA1_INT1_ISR                  
0     003f432d  _CLA1_INT2_ISR                  
0     003f4323  _CLA1_INT3_ISR                  
0     003f4319  _CLA1_INT4_ISR                  
0     003f430f  _CLA1_INT5_ISR                  
0     003f4305  _CLA1_INT6_ISR                  
0     003f42fb  _CLA1_INT7_ISR                  
0     003f42f1  _CLA1_INT8_ISR                  
1     00001400  _Cla1Regs                       
1     00006400  _Comp1Regs                      
1     00006420  _Comp2Regs                      
1     00006440  _Comp3Regs                      
1     0000c000  _CpuTimer0                      
1     00000c00  _CpuTimer0Regs                  
1     0000c008  _CpuTimer1                      
1     00000c08  _CpuTimer1Regs                  
1     0000c010  _CpuTimer2                      
1     00000c10  _CpuTimer2Regs                  
1     003f7ff8  _CsmPwl                         
1     00000ae0  _CsmRegs                        
0     003f44ff  _CsmUnlock                      
0     003f42e7  _DATALOG_ISR                    
0     003f42dd  _DINTCH1_ISR                    
0     003f42d3  _DINTCH2_ISR                    
0     003f42c9  _DINTCH3_ISR                    
0     003f42bf  _DINTCH4_ISR                    
0     003f42b5  _DINTCH5_ISR                    
0     003f42ab  _DINTCH6_ISR                    
0     0000819a  _DSP28x_usDelay                 
1     00000880  _DevEmuRegs                     
0     003f43ea  _DisableDog                     
1     00001000  _DmaRegs                        
0     003f42a1  _ECAN0INTA_ISR                  
0     003f4297  _ECAN1INTA_ISR                  
0     003f428d  _ECAP1_INT_ISR                  
0     003f4283  _ECAP2_INT_ISR                  
0     003f4279  _ECAP3_INT_ISR                  
1     00006040  _ECanaLAMRegs                   
1     000060c0  _ECanaMOTORegs                  
1     00006080  _ECanaMOTSRegs                  
1     00006100  _ECanaMboxes                    
1     00006000  _ECanaRegs                      
1     00006a00  _ECap1Regs                      
1     00006a20  _ECap2Regs                      
1     00006a40  _ECap3Regs                      
0     003f426c  _EMPTY_ISR                      
0     003f4262  _EMUINT_ISR                     
0     003f4258  _EPWM1_INT_ISR                  
0     003f424e  _EPWM1_TZINT_ISR                
0     003f4244  _EPWM2_INT_ISR                  
0     003f423a  _EPWM2_TZINT_ISR                
0     003f4230  _EPWM3_INT_ISR                  
0     003f4226  _EPWM3_TZINT_ISR                
0     003f421c  _EPWM4_INT_ISR                  
0     003f4212  _EPWM4_TZINT_ISR                
0     003f4208  _EPWM5_INT_ISR                  
0     003f41fe  _EPWM5_TZINT_ISR                
0     003f41f4  _EPWM6_INT_ISR                  
0     003f41ea  _EPWM6_TZINT_ISR                
0     003f41e0  _EPWM7_INT_ISR                  
0     003f41d6  _EPWM7_TZINT_ISR                
0     003f41cc  _EPWM8_INT_ISR                  
0     003f41c2  _EPWM8_TZINT_ISR                
1     00006800  _EPwm1Regs                      
1     00006840  _EPwm2Regs                      
1     00006880  _EPwm3Regs                      
1     000068c0  _EPwm4Regs                      
1     00006900  _EPwm5Regs                      
1     00006940  _EPwm6Regs                      
1     00006980  _EPwm7Regs                      
1     000069c0  _EPwm8Regs                      
0     003f41b8  _EQEP1_INT_ISR                  
0     003f41ae  _EQEP2_INT_ISR                  
1     00006b00  _EQep1Regs                      
1     00006b40  _EQep2Regs                      
1     00000d01  _EmuBMode                       
1     00000d00  _EmuKey                         
0     003f491f  _EnableInterrupts               
0     003f44e7  _ExtOscSel                      
1     00000a80  _FlashRegs                      
1     00000d04  _Flash_CPUScaleFactor           
1     00000d02  _Flash_CallbackPtr              
1     00006f80  _GpioCtrlRegs                   
1     00006fc0  _GpioDataRegs                   
1     00006fe0  _GpioIntRegs                    
0     003f41a4  _HRCAP1_INT_ISR                 
0     003f419a  _HRCAP2_INT_ISR                 
0     003f4190  _HRCAP3_INT_ISR                 
0     003f4186  _HRCAP4_INT_ISR                 
1     00006ac0  _HRCap1Regs                     
1     00006ae0  _HRCap2Regs                     
1     00006c80  _HRCap3Regs                     
1     00006ca0  _HRCap4Regs                     
1     0000c03b  _Hall                           
1     0000c038  _Hall_A                         
1     0000c039  _Hall_B                         
1     0000c03a  _Hall_C                         
0     003f417c  _I2CINT1A_ISR                   
0     003f4172  _I2CINT2A_ISR                   
1     00007900  _I2caRegs                       
0     003f4168  _ILLEGAL_ISR                    
0     003f415e  _INT13_ISR                      
0     003f4154  _INT14_ISR                      
0     00008000  _ISRadc                         
0     003f475c  _InitAdcRegs                    
0     003f452d  _InitEPwm                       
0     003f4859  _InitEQep2Regs                  
0     003f4613  _InitGPIO                       
0     003f4969  _InitGpio                       
0     003f48b9  _InitInterrupts                 
0     003f4443  _InitPeripheralClocks           
0     003f4900  _InitPieCtrl                    
0     003f4996  _InitPieVectTable               
0     003f43f2  _InitPll                        
0     003f44ba  _InitPll2                       
0     003f44a2  _InitSysCtrl                    
0     003f43da  _IntOsc1Sel                     
0     003f43c0  _IntOsc2Sel                     
0     003f414a  _LUF_ISR                        
0     003f4140  _LVF_ISR                        
0     003f4136  _MRINTA_ISR                     
0     003f412c  _MXINTA_ISR                     
1     00005000  _McbspaRegs                     
0     003f4122  _NMI_ISR                        
1     00007060  _NmiIntruptRegs                 
0     003f4118  _PIE_RESERVED                   
1     003d7e80  _PartIdRegs                     
1     00000ce0  _PieCtrlRegs                    
1     00000d00  _PieVectTable                   
0     003f49bc  _PieVectTableInit               
0     003f410e  _RTOSINT_ISR                    
0     003e819e  _RamfuncsLoadEnd                
abs   0000019e  _RamfuncsLoadSize               
0     003e8000  _RamfuncsLoadStart              
0     00008000  _RamfuncsRunStart               
0     003f4104  _SCIRXINTA_ISR                  
0     003f40fa  _SCIRXINTB_ISR                  
0     003f40f0  _SCITXINTA_ISR                  
0     003f40e6  _SCITXINTB_ISR                  
0     003f40dc  _SPIRXINTA_ISR                  
0     003f40d2  _SPIRXINTB_ISR                  
0     003f40c8  _SPITXINTA_ISR                  
0     003f40be  _SPITXINTB_ISR                  
1     00007050  _SciaRegs                       
1     00007750  _ScibRegs                       
0     003f43b6  _ServiceDog                     
1     00007040  _SpiaRegs                       
1     00007740  _SpibRegs                       
1     00007010  _SysCtrlRegs                    
1     00000985  _SysPwrCtrlRegs                 
0     003f40b4  _TINT0_ISR                      
0     003f40aa  _USB0_INT_ISR                   
0     003f40a0  _USER10_ISR                     
0     003f4096  _USER11_ISR                     
0     003f408c  _USER12_ISR                     
0     003f4082  _USER1_ISR                      
0     003f4078  _USER2_ISR                      
0     003f406e  _USER3_ISR                      
0     003f4064  _USER4_ISR                      
0     003f405a  _USER5_ISR                      
0     003f4050  _USER6_ISR                      
0     003f4046  _USER7_ISR                      
0     003f403c  _USER8_ISR                      
0     003f4032  _USER9_ISR                      
1     00004000  _Usb0Regs                       
0     003f4028  _WAKEINT_ISR                    
0     003f401e  _XINT1_ISR                      
0     003f4014  _XINT2_ISR                      
0     003f400a  _XINT3_ISR                      
1     00007070  _XIntruptRegs                   
0     003f439b  _XtalOscSel                     
1     00000350  __STACK_END                     
abs   00000300  __STACK_SIZE                    
1     0000c04c  ___TI_cleanup_ptr               
1     0000c04e  ___TI_dtors_ptr                 
1     0000c04a  ___TI_enable_exit_profile_output
abs   ffffffff  ___TI_pprof_out_hndl            
abs   ffffffff  ___TI_prof_data_size            
abs   ffffffff  ___TI_prof_data_start           
abs   ffffffff  ___binit__                      
abs   ffffffff  ___c_args__                     
0     003f4abc  ___cinit__                      
0     003f49bb  ___etext__                      
abs   ffffffff  ___pinit__                      
0     003f4000  ___text__                       
0     003f4984  __args_main                     
1     0000c03e  __lock                          
0     003f49af  __nop                           
0     003f49ab  __register_lock                 
0     003f49a7  __register_unlock               
1     00000050  __stack                         
0     003f49ba  __system_post_cinit             
0     003f49b8  __system_pre_init               
1     0000c054  __unlock                        
0     003f48d7  _abort                          
0     003f47bf  _c_int00                        
0     003f4928  _copy_in                        
1     0000c024  _diffPos                        
1     0000c026  _diffPosRaw                     
1     0000c019  _dir                            
1     0000c03c  _duty                           
1     0000c018  _eQepDirection                  
1     0000c01a  _eQepPosCntRead                 
1     0000c01c  _eQepPosCntReadRaw              
0     003f48d9  _exit                           
1     0000c022  _fPosEoffset                    
1     0000c01e  _fRpm                           
1     0000c020  _fRpmRaw                        
0     003f489a  _initTimer0                     
1     0000c050  _loopCnt                        
1     0000c052  _loopToggle                     
0     003f4815  _main                           
0     003f494c  _memcpy                         
1     0000c028  _pPosVal                        
1     0000c03d  _potValue                       
1     0000c046  _pwmCmd1                        
1     0000c047  _pwmCmd2                        
1     0000c048  _pwmCmd3                        
1     0000c049  _pwmCmd4                        
1     0000c040  _pwmPeriod                      
1     0000c041  _pwmPeriod1                     
1     0000c042  _pwmPeriod2                     
1     0000c043  _pwmPeriod3                     
1     0000c044  _pwmPeriod4                     
1     0000c045  _pwmPeriodHalf                  
0     003f4000  _rsvd_ISR                       
1     0000c02a  _tempADC                        
0     0000811c  _timerISR                       
abs   ffffffff  binit                           
0     003f4abc  cinit                           
0     003f7ff6  code_start                      
0     003f49bb  etext                           
abs   ffffffff  pinit                           


GLOBAL SYMBOLS: SORTED BY Symbol Address 

page  address   name                            
----  -------   ----                            
0     00008000  _ISRadc                         
0     00008000  _RamfuncsRunStart               
0     0000811c  _timerISR                       
0     0000819a  _DSP28x_usDelay                 
0     003e8000  _RamfuncsLoadStart              
0     003e819e  _RamfuncsLoadEnd                
0     003f4000  .text                           
0     003f4000  ___text__                       
0     003f4000  _rsvd_ISR                       
0     003f400a  _XINT3_ISR                      
0     003f4014  _XINT2_ISR                      
0     003f401e  _XINT1_ISR                      
0     003f4028  _WAKEINT_ISR                    
0     003f4032  _USER9_ISR                      
0     003f403c  _USER8_ISR                      
0     003f4046  _USER7_ISR                      
0     003f4050  _USER6_ISR                      
0     003f405a  _USER5_ISR                      
0     003f4064  _USER4_ISR                      
0     003f406e  _USER3_ISR                      
0     003f4078  _USER2_ISR                      
0     003f4082  _USER1_ISR                      
0     003f408c  _USER12_ISR                     
0     003f4096  _USER11_ISR                     
0     003f40a0  _USER10_ISR                     
0     003f40aa  _USB0_INT_ISR                   
0     003f40b4  _TINT0_ISR                      
0     003f40be  _SPITXINTB_ISR                  
0     003f40c8  _SPITXINTA_ISR                  
0     003f40d2  _SPIRXINTB_ISR                  
0     003f40dc  _SPIRXINTA_ISR                  
0     003f40e6  _SCITXINTB_ISR                  
0     003f40f0  _SCITXINTA_ISR                  
0     003f40fa  _SCIRXINTB_ISR                  
0     003f4104  _SCIRXINTA_ISR                  
0     003f410e  _RTOSINT_ISR                    
0     003f4118  _PIE_RESERVED                   
0     003f4122  _NMI_ISR                        
0     003f412c  _MXINTA_ISR                     
0     003f4136  _MRINTA_ISR                     
0     003f4140  _LVF_ISR                        
0     003f414a  _LUF_ISR                        
0     003f4154  _INT14_ISR                      
0     003f415e  _INT13_ISR                      
0     003f4168  _ILLEGAL_ISR                    
0     003f4172  _I2CINT2A_ISR                   
0     003f417c  _I2CINT1A_ISR                   
0     003f4186  _HRCAP4_INT_ISR                 
0     003f4190  _HRCAP3_INT_ISR                 
0     003f419a  _HRCAP2_INT_ISR                 
0     003f41a4  _HRCAP1_INT_ISR                 
0     003f41ae  _EQEP2_INT_ISR                  
0     003f41b8  _EQEP1_INT_ISR                  
0     003f41c2  _EPWM8_TZINT_ISR                
0     003f41cc  _EPWM8_INT_ISR                  
0     003f41d6  _EPWM7_TZINT_ISR                
0     003f41e0  _EPWM7_INT_ISR                  
0     003f41ea  _EPWM6_TZINT_ISR                
0     003f41f4  _EPWM6_INT_ISR                  
0     003f41fe  _EPWM5_TZINT_ISR                
0     003f4208  _EPWM5_INT_ISR                  
0     003f4212  _EPWM4_TZINT_ISR                
0     003f421c  _EPWM4_INT_ISR                  
0     003f4226  _EPWM3_TZINT_ISR                
0     003f4230  _EPWM3_INT_ISR                  
0     003f423a  _EPWM2_TZINT_ISR                
0     003f4244  _EPWM2_INT_ISR                  
0     003f424e  _EPWM1_TZINT_ISR                
0     003f4258  _EPWM1_INT_ISR                  
0     003f4262  _EMUINT_ISR                     
0     003f426c  _EMPTY_ISR                      
0     003f4279  _ECAP3_INT_ISR                  
0     003f4283  _ECAP2_INT_ISR                  
0     003f428d  _ECAP1_INT_ISR                  
0     003f4297  _ECAN1INTA_ISR                  
0     003f42a1  _ECAN0INTA_ISR                  
0     003f42ab  _DINTCH6_ISR                    
0     003f42b5  _DINTCH5_ISR                    
0     003f42bf  _DINTCH4_ISR                    
0     003f42c9  _DINTCH3_ISR                    
0     003f42d3  _DINTCH2_ISR                    
0     003f42dd  _DINTCH1_ISR                    
0     003f42e7  _DATALOG_ISR                    
0     003f42f1  _CLA1_INT8_ISR                  
0     003f42fb  _CLA1_INT7_ISR                  
0     003f4305  _CLA1_INT6_ISR                  
0     003f430f  _CLA1_INT5_ISR                  
0     003f4319  _CLA1_INT4_ISR                  
0     003f4323  _CLA1_INT3_ISR                  
0     003f432d  _CLA1_INT2_ISR                  
0     003f4337  _CLA1_INT1_ISR                  
0     003f4341  _ADCINT9_ISR                    
0     003f434b  _ADCINT8_ISR                    
0     003f4355  _ADCINT7_ISR                    
0     003f435f  _ADCINT6_ISR                    
0     003f4369  _ADCINT5_ISR                    
0     003f4373  _ADCINT4_ISR                    
0     003f437d  _ADCINT3_ISR                    
0     003f4387  _ADCINT2_ISR                    
0     003f4391  _ADCINT1_ISR                    
0     003f439b  _XtalOscSel                     
0     003f43b6  _ServiceDog                     
0     003f43c0  _IntOsc2Sel                     
0     003f43da  _IntOsc1Sel                     
0     003f43ea  _DisableDog                     
0     003f43f2  _InitPll                        
0     003f4443  _InitPeripheralClocks           
0     003f44a2  _InitSysCtrl                    
0     003f44ba  _InitPll2                       
0     003f44e7  _ExtOscSel                      
0     003f44ff  _CsmUnlock                      
0     003f452d  _InitEPwm                       
0     003f4613  _InitGPIO                       
0     003f46d4  FS$$DIV                         
0     003f475c  _InitAdcRegs                    
0     003f47bf  _c_int00                        
0     003f4815  _main                           
0     003f4859  _InitEQep2Regs                  
0     003f489a  _initTimer0                     
0     003f48b9  _InitInterrupts                 
0     003f48d7  C$$EXIT                         
0     003f48d7  _abort                          
0     003f48d9  _exit                           
0     003f4900  _InitPieCtrl                    
0     003f491f  _EnableInterrupts               
0     003f4928  _copy_in                        
0     003f494c  _memcpy                         
0     003f4969  _InitGpio                       
0     003f4984  __args_main                     
0     003f4996  _InitPieVectTable               
0     003f49a7  __register_unlock               
0     003f49ab  __register_lock                 
0     003f49af  __nop                           
0     003f49b8  __system_pre_init               
0     003f49ba  __system_post_cinit             
0     003f49bb  ___etext__                      
0     003f49bb  etext                           
0     003f49bc  _PieVectTableInit               
0     003f4abc  ___cinit__                      
0     003f4abc  cinit                           
0     003f7ff6  code_start                      
1     00000050  __stack                         
1     00000350  __STACK_END                     
1     00000880  _DevEmuRegs                     
1     00000985  _SysPwrCtrlRegs                 
1     00000a80  _FlashRegs                      
1     00000ae0  _CsmRegs                        
1     00000b00  _AdcResult                      
1     00000c00  _CpuTimer0Regs                  
1     00000c08  _CpuTimer1Regs                  
1     00000c10  _CpuTimer2Regs                  
1     00000ce0  _PieCtrlRegs                    
1     00000d00  _EmuKey                         
1     00000d00  _PieVectTable                   
1     00000d01  _EmuBMode                       
1     00000d02  _Flash_CallbackPtr              
1     00000d04  _Flash_CPUScaleFactor           
1     00001000  _DmaRegs                        
1     00001400  _Cla1Regs                       
1     00004000  _Usb0Regs                       
1     00005000  _McbspaRegs                     
1     00006000  _ECanaRegs                      
1     00006040  _ECanaLAMRegs                   
1     00006080  _ECanaMOTSRegs                  
1     000060c0  _ECanaMOTORegs                  
1     00006100  _ECanaMboxes                    
1     00006400  _Comp1Regs                      
1     00006420  _Comp2Regs                      
1     00006440  _Comp3Regs                      
1     00006800  _EPwm1Regs                      
1     00006840  _EPwm2Regs                      
1     00006880  _EPwm3Regs                      
1     000068c0  _EPwm4Regs                      
1     00006900  _EPwm5Regs                      
1     00006940  _EPwm6Regs                      
1     00006980  _EPwm7Regs                      
1     000069c0  _EPwm8Regs                      
1     00006a00  _ECap1Regs                      
1     00006a20  _ECap2Regs                      
1     00006a40  _ECap3Regs                      
1     00006ac0  _HRCap1Regs                     
1     00006ae0  _HRCap2Regs                     
1     00006b00  _EQep1Regs                      
1     00006b40  _EQep2Regs                      
1     00006c80  _HRCap3Regs                     
1     00006ca0  _HRCap4Regs                     
1     00006f80  _GpioCtrlRegs                   
1     00006fc0  _GpioDataRegs                   
1     00006fe0  _GpioIntRegs                    
1     00007010  _SysCtrlRegs                    
1     00007040  _SpiaRegs                       
1     00007050  _SciaRegs                       
1     00007060  _NmiIntruptRegs                 
1     00007070  _XIntruptRegs                   
1     00007100  _AdcRegs                        
1     00007740  _SpibRegs                       
1     00007750  _ScibRegs                       
1     00007900  _I2caRegs                       
1     0000c000  _CpuTimer0                      
1     0000c008  _CpuTimer1                      
1     0000c010  _CpuTimer2                      
1     0000c018  _eQepDirection                  
1     0000c019  _dir                            
1     0000c01a  _eQepPosCntRead                 
1     0000c01c  _eQepPosCntReadRaw              
1     0000c01e  _fRpm                           
1     0000c020  _fRpmRaw                        
1     0000c022  _fPosEoffset                    
1     0000c024  _diffPos                        
1     0000c026  _diffPosRaw                     
1     0000c028  _pPosVal                        
1     0000c02a  _tempADC                        
1     0000c038  _Hall_A                         
1     0000c039  _Hall_B                         
1     0000c03a  _Hall_C                         
1     0000c03b  _Hall                           
1     0000c03c  _duty                           
1     0000c03d  _potValue                       
1     0000c03e  __lock                          
1     0000c040  _pwmPeriod                      
1     0000c041  _pwmPeriod1                     
1     0000c042  _pwmPeriod2                     
1     0000c043  _pwmPeriod3                     
1     0000c044  _pwmPeriod4                     
1     0000c045  _pwmPeriodHalf                  
1     0000c046  _pwmCmd1                        
1     0000c047  _pwmCmd2                        
1     0000c048  _pwmCmd3                        
1     0000c049  _pwmCmd4                        
1     0000c04a  ___TI_enable_exit_profile_output
1     0000c04c  ___TI_cleanup_ptr               
1     0000c04e  ___TI_dtors_ptr                 
1     0000c050  _loopCnt                        
1     0000c052  _loopToggle                     
1     0000c054  __unlock                        
1     003d7e80  _PartIdRegs                     
1     003f7ff8  _CsmPwl                         
abs   0000019e  _RamfuncsLoadSize               
abs   00000300  __STACK_SIZE                    
abs   ffffffff  ___TI_pprof_out_hndl            
abs   ffffffff  ___TI_prof_data_size            
abs   ffffffff  ___TI_prof_data_start           
abs   ffffffff  ___binit__                      
abs   ffffffff  ___c_args__                     
abs   ffffffff  ___pinit__                      
abs   ffffffff  binit                           
abs   ffffffff  pinit                           

[247 symbols]
