******************************************************************************
             TMS320C2000 Linker PC v22.6.0                     
******************************************************************************
>> Linked Mon Aug 19 16:47:14 2024

OUTPUT FILE NAME:   <Ex_13_0.out>
ENTRY POINT SYMBOL: "_c_int00"  address: 003f6928


MEMORY CONFIGURATION

         name            origin    length      used     unused   attr    fill
----------------------  --------  ---------  --------  --------  ----  --------
PAGE 0:
  RAML0_4               00008000   00004000  000004eb  00003b15  RWIX
  OTP                   003d7800   00000400  00000000  00000400  RWIX
  FLASHH                003d8000   00004000  00000000  00004000  RWIX
  FLASHG                003dc000   00004000  00000000  00004000  RWIX
  FLASHF                003e0000   00004000  00000000  00004000  RWIX
  FLASHE                003e4000   00004000  00000000  00004000  RWIX
  FLASHD                003e8000   00004000  000004eb  00003b15  RWIX
  FLASHC                003ec000   00004000  00000000  00004000  RWIX
  FLASHA                003f4000   00003f80  000031bd  00000dc3  RWIX
  CSM_RSVD              003f7f80   00000076  00000000  00000076  RWIX
  BEGIN                 003f7ff6   00000002  00000002  00000000  RWIX
  CSM_PWL_P0            003f7ff8   00000008  00000000  00000008  RWIX
  FPUTABLES             003fd860   000006a0  00000000  000006a0  RWIX
  IQTABLES              003fdf00   00000b50  00000000  00000b50  RWIX
  IQTABLES2             003fea50   0000008c  00000000  0000008c  RWIX
  IQTABLES3             003feadc   000000aa  00000000  000000aa  RWIX
  ROM                   003ff3b0   00000c10  00000000  00000c10  RWIX
  RESET                 003fffc0   00000002  00000000  00000002  RWIX
  VECTORS               003fffc2   0000003e  00000000  0000003e  RWIX

PAGE 1:
  BOOT_RSVD             00000000   00000050  00000000  00000050  RWIX
  RAMM0                 00000050   000003b0  00000300  000000b0  RWIX
  RAMM1                 00000400   00000400  00000000  00000400  RWIX
  DEV_EMU               00000880   00000105  00000004  00000101  RWIX
  SYS_PWR_CTL           00000985   00000003  00000003  00000000  RWIX
  FLASH_REGS            00000a80   00000060  00000008  00000058  RWIX
  CSM                   00000ae0   00000020  00000010  00000010  RWIX
  ADC_RESULT            00000b00   00000020  00000010  00000010  RWIX
  CPU_TIMER0            00000c00   00000008  00000008  00000000  RWIX
  CPU_TIMER1            00000c08   00000008  00000008  00000000  RWIX
  CPU_TIMER2            00000c10   00000008  00000008  00000000  RWIX
  PIE_CTRL              00000ce0   00000020  0000001a  00000006  RWIX
  PIE_VECT              00000d00   00000100  00000100  00000000  RWIX
  DMA                   00001000   00000200  000000e0  00000120  RWIX
  CLA1                  00001400   00000080  00000040  00000040  RWIX
  USB0                  00004000   00001000  00000454  00000bac  RWIX
  McBSPA                00005000   00000040  00000024  0000001c  RWIX
  ECANA                 00006000   00000040  00000034  0000000c  RWIX
  ECANA_LAM             00006040   00000040  00000040  00000000  RWIX
  ECANA_MOTS            00006080   00000040  00000040  00000000  RWIX
  ECANA_MOTO            000060c0   00000040  00000040  00000000  RWIX
  ECANA_MBOX            00006100   00000100  00000100  00000000  RWIX
  COMP1                 00006400   00000020  00000014  0000000c  RWIX
  COMP2                 00006420   00000020  00000014  0000000c  RWIX
  COMP3                 00006440   00000020  00000014  0000000c  RWIX
  EPWM1                 00006800   00000040  00000040  00000000  RWIX
  EPWM2                 00006840   00000040  00000040  00000000  RWIX
  EPWM3                 00006880   00000040  00000040  00000000  RWIX
  EPWM4                 000068c0   00000040  00000040  00000000  RWIX
  EPWM5                 00006900   00000040  00000040  00000000  RWIX
  EPWM6                 00006940   00000040  00000040  00000000  RWIX
  EPWM7                 00006980   00000040  00000040  00000000  RWIX
  EPWM8                 000069c0   00000040  00000040  00000000  RWIX
  ECAP1                 00006a00   00000020  00000020  00000000  RWIX
  ECAP2                 00006a20   00000020  00000020  00000000  RWIX
  ECAP3                 00006a40   00000020  00000020  00000000  RWIX
  HRCAP1                00006ac0   00000020  00000020  00000000  RWIX
  HRCAP2                00006ae0   00000020  00000020  00000000  RWIX
  EQEP1                 00006b00   00000040  00000022  0000001e  RWIX
  EQEP2                 00006b40   00000040  00000022  0000001e  RWIX
  HRCAP3                00006c80   00000020  00000020  00000000  RWIX
  HRCAP4                00006ca0   00000020  00000020  00000000  RWIX
  GPIOCTRL              00006f80   00000040  00000040  00000000  RWIX
  GPIODAT               00006fc0   00000020  00000020  00000000  RWIX
  GPIOINT               00006fe0   00000020  00000020  00000000  RWIX
  SYSTEM                00007010   00000030  00000030  00000000  RWIX
  SPIA                  00007040   00000010  00000010  00000000  RWIX
  SCIA                  00007050   00000010  00000010  00000000  RWIX
  NMIINTRUPT            00007060   00000010  00000010  00000000  RWIX
  XINTRUPT              00007070   00000010  00000010  00000000  RWIX
  ADC                   00007100   00000080  00000050  00000030  RWIX
  SPIB                  00007740   00000010  00000010  00000000  RWIX
  SCIB                  00007750   00000010  00000010  00000000  RWIX
  I2CA                  00007900   00000040  00000022  0000001e  RWIX
  RAML5                 0000c000   00002000  000002b1  00001d4f  RWIX
  RAML6                 0000e000   00002000  00000000  00002000  RWIX
  RAML7                 00010000   00002000  00000000  00002000  RWIX
  RAML8                 00012000   00002000  00000000  00002000  RWIX
  USB_RAM               00040000   00000800  00000000  00000800  RWIX
  PARTID                003d7e80   00000001  00000001  00000000  RWIX
  FLASHB                003f0000   00004000  00000000  00004000  RWIX
  CSM_PWL               003f7ff8   00000008  00000008  00000000  RWIX


SECTION ALLOCATION MAP

 output                                  attributes/
section   page    origin      length       input sections
--------  ----  ----------  ----------   ----------------
.cinit     0    003f70fc    000000a1     
                  003f70fc    00000030     Ex_13_0_interrupts.obj (.cinit)
                  003f712c    00000028     Ex_13_0_stepMotor.obj (.cinit)
                  003f7154    00000014     Ex_13_0_pwm.obj (.cinit)
                  003f7168    0000000e     rts2800_fpu32.lib : exit.c.obj (.cinit)
                  003f7176    0000000a     Ex_13_0_command.obj (.cinit)
                  003f7180    00000008     Ex_13_0_sci.obj (.cinit)
                  003f7188    00000005     Ex_13_0.obj (.cinit)
                  003f718d    00000005     rts2800_fpu32.lib : _lock.c.obj (.cinit:__lock)
                  003f7192    00000005                       : _lock.c.obj (.cinit:__unlock)
                  003f7197    00000004                       : errno.c.obj (.cinit)
                  003f719b    00000002     --HOLE-- [fill = 0]

.pinit     0    003f4000    00000000     UNINITIALIZED

.TI.ramfunc 
*          0    003e8000    000004eb     RUN ADDR = 00008000
                  003e8000    000002ef     Ex_13_0_stepMotor.obj (.TI.ramfunc:retain)
                  003e82ef    00000123     Ex_13_0_interrupts.obj (.TI.ramfunc:retain)
                  003e8412    00000072     Ex_13_0_sci.obj (.TI.ramfunc:retain)
                  003e8484    00000063     Ex_13_0_command.obj (.TI.ramfunc)
                  003e84e7    00000004     F2806x_usDelay.obj (.TI.ramfunc)

.text      0    003f4000    00002d3e     
                  003f4000    000007d0     rts2800_fpu32.lib : _scanfi.c.obj (.text)
                  003f47d0    000006d0                       : _printfi.c.obj (.text)
                  003f4ea0    000005f5                       : _printfi.c.obj (.text:__TI_printfi)
                  003f5495    0000039b     F2806x_DefaultIsr.obj (.text:retain)
                  003f5830    00000283     rts2800_fpu32.lib : strtold.c.obj (.text)
                  003f5ab3    000001ff                       : strtod.c.obj (.text)
                  003f5cb2    00000192     F2806x_SysCtrl.obj (.text)
                  003f5e44    0000013f     rts2800_fpu32.lib : strtoll.c.obj (.text)
                  003f5f83    00000107                       : ll_div28.asm.obj (.text)
                  003f608a    00000102                       : strtoull.c.obj (.text)
                  003f618c    000000d3                       : strtol.c.obj (.text)
                  003f625f    000000b1                       : strtoul.c.obj (.text)
                  003f6310    000000a9                       : s_scalbn.c.obj (.text)
                  003f63b9    0000009d     Ex_13_0_pwm.obj (.text)
                  003f6456    0000009c     rts2800_fpu32.lib : fd_add28.asm.obj (.text)
                  003f64f2    00000093     Ex_13_0_gpio.obj (.text)
                  003f6585    0000008b     rts2800_fpu32.lib : fd_div28.asm.obj (.text)
                  003f6610    00000088     Ex_13_0.obj (.text)
                  003f6698    00000088     rts2800_fpu32.lib : fs_div28.asm.obj (.text)
                  003f6720    00000083                       : fd_mpy28.asm.obj (.text)
                  003f67a3    0000006d                       : sscanf.c.obj (.text)
                  003f6810    00000066     Ex_13_0_adc.obj (.text)
                  003f6876    0000005a     rts2800_fpu32.lib : s_frexp.c.obj (.text)
                  003f68d0    00000058                       : s_scalbnf.c.obj (.text)
                  003f6928    00000056                       : boot28.asm.obj (.text)
                  003f697e    00000046     Ex_13_0_interrupts.obj (.text)
                  003f69c4    00000036     Ex_13_0_sci.obj (.text)
                  003f69fa    00000032     rts2800_fpu32.lib : sprintf.c.obj (.text)
                  003f6a2c    00000031                       : atoi.c.obj (.text)
                  003f6a5d    00000030                       : _ltoa.c.obj (.text)
                  003f6a8d    0000002a                       : fd_cmp28.asm.obj (.text)
                  003f6ab7    0000002a                       : l_div28.asm.obj (.text)
                  003f6ae1    00000029                       : exit.c.obj (.text)
                  003f6b0a    00000028     F2806x_PieCtrl.obj (.text)
                  003f6b32    00000024     rts2800_fpu32.lib : cpy_tbl.c.obj (.text)
                  003f6b56    00000024                       : s_copysign.c.obj (.text)
                  003f6b7a    00000021                       : fd_toi28.asm.obj (.text)
                  003f6b9b    0000001f                       : fd_tol28.asm.obj (.text)
                  003f6bba    0000001e                       : ll_cmp28.asm.obj (.text)
                  003f6bd8    0000001d                       : i_tofd28.asm.obj (.text)
                  003f6bf5    0000001d                       : memcpy.c.obj (.text)
                  003f6c12    0000001c                       : fs_tofdfpu32.asm.obj (.text)
                  003f6c2e    0000001c                       : l_tofd28.asm.obj (.text)
                  003f6c4a    0000001b     F2806x_Gpio.obj (.text)
                  003f6c65    00000018     rts2800_fpu32.lib : ll_aox28.asm.obj (.text)
                  003f6c7d    00000014                       : ll_mpy28.asm.obj (.text)
                  003f6c91    00000012                       : args_main.c.obj (.text)
                  003f6ca3    00000011     F2806x_PieVect.obj (.text)
                  003f6cb4    00000011     rts2800_fpu32.lib : s_copysignf.c.obj (.text)
                  003f6cc5    00000010                       : memccpy.c.obj (.text)
                  003f6cd5    0000000e                       : fd_sub28.asm.obj (.text)
                  003f6ce3    0000000c                       : strchr.c.obj (.text)
                  003f6cef    0000000b                       : strrchr.c.obj (.text)
                  003f6cfa    0000000a                       : strcmp.c.obj (.text)
                  003f6d04    00000009                       : _lock.c.obj (.text)
                  003f6d0d    00000009                       : fd_neg28.asm.obj (.text)
                  003f6d16    00000009                       : wcslen.c.obj (.text)
                  003f6d1f    00000008     F2806x_CodeStartBranch.obj (.text)
                  003f6d27    00000008     rts2800_fpu32.lib : strlen.c.obj (.text)
                  003f6d2f    00000007                       : memset.c.obj (.text)
                  003f6d36    00000005                       : strcpy.c.obj (.text)
                  003f6d3b    00000002                       : pre_init.c.obj (.text)
                  003f6d3d    00000001                       : startup.c.obj (.text)

codestart 
*          0    003f7ff6    00000002     
                  003f7ff6    00000002     F2806x_CodeStartBranch.obj (codestart)

.stack     1    00000050    00000300     UNINITIALIZED
                  00000050    00000300     --HOLE--

.ebss      1    0000c000    000002b1     UNINITIALIZED
                  0000c000    000001f4     Ex_13_0_sci.obj (.ebss:_sciaCmdIn)
                  0000c1f4    0000000c     Ex_13_0_interrupts.obj (.ebss)
                  0000c200    00000032     Ex_13_0_sci.obj (.ebss:_cmdStr)
                  0000c232    0000000e     Ex_13_0_stepMotor.obj (.ebss:_tempADC)
                  0000c240    00000032     Ex_13_0_command.obj (.ebss:_tmpStr)
                  0000c272    0000000a     Ex_13_0_pwm.obj (.ebss)
                  0000c27c    00000004     Ex_13_0_command.obj (.ebss)
                  0000c280    00000018     F2806x_CpuTimers.obj (.ebss)
                  0000c298    0000000a     Ex_13_0_stepMotor.obj (.ebss)
                  0000c2a2    00000006     rts2800_fpu32.lib : exit.c.obj (.ebss)
                  0000c2a8    00000002     Ex_13_0.obj (.ebss)
                  0000c2aa    00000002     Ex_13_0_sci.obj (.ebss)
                  0000c2ac    00000002     rts2800_fpu32.lib : _lock.c.obj (.ebss:__lock)
                  0000c2ae    00000002                       : _lock.c.obj (.ebss:__unlock)
                  0000c2b0    00000001                       : errno.c.obj (.ebss)

.econst    0    003f6d3e    000003be     
                  003f6d3e    00000101     rts2800_fpu32.lib : ctype.c.obj (.econst:.string:__ctypes_)
                  003f6e3f    00000001     --HOLE-- [fill = 0]
                  003f6e40    00000100     F2806x_PieVect.obj (.econst:_PieVectTableInit)
                  003f6f40    00000067     Ex_13_0_command.obj (.econst:.string)
                  003f6fa7    00000001     --HOLE-- [fill = 0]
                  003f6fa8    00000040     rts2800_fpu32.lib : strtold.c.obj (.econst:_digits)
                  003f6fe8    0000002f     Ex_13_0.obj (.econst:.string)
                  003f7017    00000001     --HOLE-- [fill = 0]
                  003f7018    00000026     rts2800_fpu32.lib : _printfi.c.obj (.econst:.string)
                  003f703e    00000024                       : strtold.c.obj (.econst:_powerof10)
                  003f7062    00000020                       : strtod.c.obj (.econst:_digits)
                  003f7082    0000001c                       : _printfi.c.obj (.econst)
                  003f709e    0000001c                       : s_scalbn.c.obj (.econst)
                  003f70ba    0000000e                       : _scanfi.c.obj (.econst:.string)
                  003f70c8    0000000c                       : strtod.c.obj (.econst:_powerof10)
                  003f70d4    0000000c                       : strtold.c.obj (.econst)
                  003f70e0    00000008                       : s_frexp.c.obj (.econst)
                  003f70e8    00000007                       : _scanfi.c.obj (.econst:.string:_flit$1)
                  003f70ef    00000006                       : _scanfi.c.obj (.econst:.string:_barr$2)
                  003f70f5    00000001     --HOLE-- [fill = 0]
                  003f70f6    00000006                       : s_scalbnf.c.obj (.econst)

.switch    0    003f719e    00000020     
                  003f719e    00000020     Ex_13_0_stepMotor.obj (.switch:_ISRadc)

.reset     0    003fffc0    00000002     DSECT
                  003fffc0    00000002     rts2800_fpu32.lib : boot28.asm.obj (.reset)

vectors    0    003fffc2    00000000     DSECT

DevEmuRegsFile 
*          1    00000880    00000004     UNINITIALIZED
                  00000880    00000004     F2806x_GlobalVariableDefs.obj (DevEmuRegsFile)

SysPwrCtrlRegsFile 
*          1    00000985    00000003     UNINITIALIZED
                  00000985    00000003     F2806x_GlobalVariableDefs.obj (SysPwrCtrlRegsFile)

FlashRegsFile 
*          1    00000a80    00000008     UNINITIALIZED
                  00000a80    00000008     F2806x_GlobalVariableDefs.obj (FlashRegsFile)

CsmRegsFile 
*          1    00000ae0    00000010     UNINITIALIZED
                  00000ae0    00000010     F2806x_GlobalVariableDefs.obj (CsmRegsFile)

AdcResultFile 
*          1    00000b00    00000010     UNINITIALIZED
                  00000b00    00000010     F2806x_GlobalVariableDefs.obj (AdcResultFile)

CpuTimer0RegsFile 
*          1    00000c00    00000008     UNINITIALIZED
                  00000c00    00000008     F2806x_GlobalVariableDefs.obj (CpuTimer0RegsFile)

CpuTimer1RegsFile 
*          1    00000c08    00000008     UNINITIALIZED
                  00000c08    00000008     F2806x_GlobalVariableDefs.obj (CpuTimer1RegsFile)

CpuTimer2RegsFile 
*          1    00000c10    00000008     UNINITIALIZED
                  00000c10    00000008     F2806x_GlobalVariableDefs.obj (CpuTimer2RegsFile)

PieCtrlRegsFile 
*          1    00000ce0    0000001a     UNINITIALIZED
                  00000ce0    0000001a     F2806x_GlobalVariableDefs.obj (PieCtrlRegsFile)

PieVectTableFile 
*          1    00000d00    00000100     UNINITIALIZED
                  00000d00    00000100     F2806x_GlobalVariableDefs.obj (PieVectTableFile)

EmuKeyVar 
*          1    00000d00    00000001     UNINITIALIZED
                  00000d00    00000001     F2806x_GlobalVariableDefs.obj (EmuKeyVar)

EmuBModeVar 
*          1    00000d01    00000001     UNINITIALIZED
                  00000d01    00000001     F2806x_GlobalVariableDefs.obj (EmuBModeVar)

FlashCallbackVar 
*          1    00000d02    00000002     UNINITIALIZED
                  00000d02    00000002     F2806x_GlobalVariableDefs.obj (FlashCallbackVar)

FlashScalingVar 
*          1    00000d04    00000002     UNINITIALIZED
                  00000d04    00000002     F2806x_GlobalVariableDefs.obj (FlashScalingVar)

DmaRegsFile 
*          1    00001000    000000e0     UNINITIALIZED
                  00001000    000000e0     F2806x_GlobalVariableDefs.obj (DmaRegsFile)

Cla1RegsFile 
*          1    00001400    00000040     UNINITIALIZED
                  00001400    00000040     F2806x_GlobalVariableDefs.obj (Cla1RegsFile)

Usb0RegsFile 
*          1    00004000    00000454     UNINITIALIZED
                  00004000    00000454     F2806x_GlobalVariableDefs.obj (Usb0RegsFile)

McbspaRegsFile 
*          1    00005000    00000024     UNINITIALIZED
                  00005000    00000024     F2806x_GlobalVariableDefs.obj (McbspaRegsFile)

ECanaRegsFile 
*          1    00006000    00000034     UNINITIALIZED
                  00006000    00000034     F2806x_GlobalVariableDefs.obj (ECanaRegsFile)

ECanaLAMRegsFile 
*          1    00006040    00000040     UNINITIALIZED
                  00006040    00000040     F2806x_GlobalVariableDefs.obj (ECanaLAMRegsFile)

ECanaMOTSRegsFile 
*          1    00006080    00000040     UNINITIALIZED
                  00006080    00000040     F2806x_GlobalVariableDefs.obj (ECanaMOTSRegsFile)

ECanaMOTORegsFile 
*          1    000060c0    00000040     UNINITIALIZED
                  000060c0    00000040     F2806x_GlobalVariableDefs.obj (ECanaMOTORegsFile)

ECanaMboxesFile 
*          1    00006100    00000100     UNINITIALIZED
                  00006100    00000100     F2806x_GlobalVariableDefs.obj (ECanaMboxesFile)

Comp1RegsFile 
*          1    00006400    00000014     UNINITIALIZED
                  00006400    00000014     F2806x_GlobalVariableDefs.obj (Comp1RegsFile)

Comp2RegsFile 
*          1    00006420    00000014     UNINITIALIZED
                  00006420    00000014     F2806x_GlobalVariableDefs.obj (Comp2RegsFile)

Comp3RegsFile 
*          1    00006440    00000014     UNINITIALIZED
                  00006440    00000014     F2806x_GlobalVariableDefs.obj (Comp3RegsFile)

EPwm1RegsFile 
*          1    00006800    00000040     UNINITIALIZED
                  00006800    00000040     F2806x_GlobalVariableDefs.obj (EPwm1RegsFile)

EPwm2RegsFile 
*          1    00006840    00000040     UNINITIALIZED
                  00006840    00000040     F2806x_GlobalVariableDefs.obj (EPwm2RegsFile)

EPwm3RegsFile 
*          1    00006880    00000040     UNINITIALIZED
                  00006880    00000040     F2806x_GlobalVariableDefs.obj (EPwm3RegsFile)

EPwm4RegsFile 
*          1    000068c0    00000040     UNINITIALIZED
                  000068c0    00000040     F2806x_GlobalVariableDefs.obj (EPwm4RegsFile)

EPwm5RegsFile 
*          1    00006900    00000040     UNINITIALIZED
                  00006900    00000040     F2806x_GlobalVariableDefs.obj (EPwm5RegsFile)

EPwm6RegsFile 
*          1    00006940    00000040     UNINITIALIZED
                  00006940    00000040     F2806x_GlobalVariableDefs.obj (EPwm6RegsFile)

EPwm7RegsFile 
*          1    00006980    00000040     UNINITIALIZED
                  00006980    00000040     F2806x_GlobalVariableDefs.obj (EPwm7RegsFile)

EPwm8RegsFile 
*          1    000069c0    00000040     UNINITIALIZED
                  000069c0    00000040     F2806x_GlobalVariableDefs.obj (EPwm8RegsFile)

ECap1RegsFile 
*          1    00006a00    00000020     UNINITIALIZED
                  00006a00    00000020     F2806x_GlobalVariableDefs.obj (ECap1RegsFile)

ECap2RegsFile 
*          1    00006a20    00000020     UNINITIALIZED
                  00006a20    00000020     F2806x_GlobalVariableDefs.obj (ECap2RegsFile)

ECap3RegsFile 
*          1    00006a40    00000020     UNINITIALIZED
                  00006a40    00000020     F2806x_GlobalVariableDefs.obj (ECap3RegsFile)

HRCap1RegsFile 
*          1    00006ac0    00000020     UNINITIALIZED
                  00006ac0    00000020     F2806x_GlobalVariableDefs.obj (HRCap1RegsFile)

HRCap2RegsFile 
*          1    00006ae0    00000020     UNINITIALIZED
                  00006ae0    00000020     F2806x_GlobalVariableDefs.obj (HRCap2RegsFile)

EQep1RegsFile 
*          1    00006b00    00000022     UNINITIALIZED
                  00006b00    00000022     F2806x_GlobalVariableDefs.obj (EQep1RegsFile)

EQep2RegsFile 
*          1    00006b40    00000022     UNINITIALIZED
                  00006b40    00000022     F2806x_GlobalVariableDefs.obj (EQep2RegsFile)

HRCap3RegsFile 
*          1    00006c80    00000020     UNINITIALIZED
                  00006c80    00000020     F2806x_GlobalVariableDefs.obj (HRCap3RegsFile)

HRCap4RegsFile 
*          1    00006ca0    00000020     UNINITIALIZED
                  00006ca0    00000020     F2806x_GlobalVariableDefs.obj (HRCap4RegsFile)

GpioCtrlRegsFile 
*          1    00006f80    00000040     UNINITIALIZED
                  00006f80    00000040     F2806x_GlobalVariableDefs.obj (GpioCtrlRegsFile)

GpioDataRegsFile 
*          1    00006fc0    00000020     UNINITIALIZED
                  00006fc0    00000020     F2806x_GlobalVariableDefs.obj (GpioDataRegsFile)

GpioIntRegsFile 
*          1    00006fe0    00000020     UNINITIALIZED
                  00006fe0    00000020     F2806x_GlobalVariableDefs.obj (GpioIntRegsFile)

SysCtrlRegsFile 
*          1    00007010    00000030     UNINITIALIZED
                  00007010    00000030     F2806x_GlobalVariableDefs.obj (SysCtrlRegsFile)

SpiaRegsFile 
*          1    00007040    00000010     UNINITIALIZED
                  00007040    00000010     F2806x_GlobalVariableDefs.obj (SpiaRegsFile)

SciaRegsFile 
*          1    00007050    00000010     UNINITIALIZED
                  00007050    00000010     F2806x_GlobalVariableDefs.obj (SciaRegsFile)

NmiIntruptRegsFile 
*          1    00007060    00000010     UNINITIALIZED
                  00007060    00000010     F2806x_GlobalVariableDefs.obj (NmiIntruptRegsFile)

XIntruptRegsFile 
*          1    00007070    00000010     UNINITIALIZED
                  00007070    00000010     F2806x_GlobalVariableDefs.obj (XIntruptRegsFile)

AdcRegsFile 
*          1    00007100    00000050     UNINITIALIZED
                  00007100    00000050     F2806x_GlobalVariableDefs.obj (AdcRegsFile)

SpibRegsFile 
*          1    00007740    00000010     UNINITIALIZED
                  00007740    00000010     F2806x_GlobalVariableDefs.obj (SpibRegsFile)

ScibRegsFile 
*          1    00007750    00000010     UNINITIALIZED
                  00007750    00000010     F2806x_GlobalVariableDefs.obj (ScibRegsFile)

I2caRegsFile 
*          1    00007900    00000022     UNINITIALIZED
                  00007900    00000022     F2806x_GlobalVariableDefs.obj (I2caRegsFile)

PartIdRegsFile 
*          1    003d7e80    00000001     UNINITIALIZED
                  003d7e80    00000001     F2806x_GlobalVariableDefs.obj (PartIdRegsFile)

CsmPwlFile 
*          1    003f7ff8    00000008     UNINITIALIZED
                  003f7ff8    00000008     F2806x_GlobalVariableDefs.obj (CsmPwlFile)

MODULE SUMMARY

       Module                          code    initialized data   uninitialized data
       ------                          ----    ----------------   ------------------
    .\
       F2806x_GlobalVariableDefs.obj   0       0                  3550              
       Ex_13_0_stepMotor.obj           1502    72                 24                
       F2806x_DefaultIsr.obj           923     0                  0                 
       Ex_13_0_sci.obj                 282     8                  552               
       Ex_13_0_interrupts.obj          652     48                 12                
       F2806x_SysCtrl.obj              402     0                  0                 
       Ex_13_0_command.obj             198     113                54                
       F2806x_PieVect.obj              17      256                0                 
       Ex_13_0.obj                     136     52                 2                 
       Ex_13_0_pwm.obj                 157     20                 10                
       Ex_13_0_gpio.obj                147     0                  0                 
       Ex_13_0_adc.obj                 102     0                  0                 
       F2806x_PieCtrl.obj              40      0                  0                 
       F2806x_Gpio.obj                 27      0                  0                 
       F2806x_CpuTimers.obj            0       0                  24                
       F2806x_CodeStartBranch.obj      10      0                  0                 
       F2806x_usDelay.obj              8       0                  0                 
    +--+-------------------------------+-------+------------------+--------------------+
       Total:                          4603    569                4228              
                                                                                    
    C:\ti\ccs1220\ccs\tools\compiler\ti-cgt-c2000_22.6.0.LTS\lib\rts2800_fpu32.lib
       _printfi.c.obj                  3269    66                 0                 
       _scanfi.c.obj                   2000    27                 0                 
       strtold.c.obj                   643     112                0                 
       strtod.c.obj                    511     44                 0                 
       strtoll.c.obj                   319     0                  0                 
       ll_div28.asm.obj                263     0                  0                 
       strtoull.c.obj                  258     0                  0                 
       ctype.c.obj                     0       257                0                 
       strtol.c.obj                    211     0                  0                 
       s_scalbn.c.obj                  169     28                 0                 
       strtoul.c.obj                   177     0                  0                 
       fd_add28.asm.obj                156     0                  0                 
       fd_div28.asm.obj                139     0                  0                 
       fs_div28.asm.obj                136     0                  0                 
       fd_mpy28.asm.obj                131     0                  0                 
       sscanf.c.obj                    109     0                  0                 
       s_frexp.c.obj                   90      8                  0                 
       s_scalbnf.c.obj                 88      6                  0                 
       boot28.asm.obj                  86      0                  0                 
       exit.c.obj                      41      14                 6                 
       sprintf.c.obj                   50      0                  0                 
       atoi.c.obj                      49      0                  0                 
       _ltoa.c.obj                     48      0                  0                 
       fd_cmp28.asm.obj                42      0                  0                 
       l_div28.asm.obj                 42      0                  0                 
       cpy_tbl.c.obj                   36      0                  0                 
       s_copysign.c.obj                36      0                  0                 
       fd_toi28.asm.obj                33      0                  0                 
       fd_tol28.asm.obj                31      0                  0                 
       ll_cmp28.asm.obj                30      0                  0                 
       i_tofd28.asm.obj                29      0                  0                 
       memcpy.c.obj                    29      0                  0                 
       fs_tofdfpu32.asm.obj            28      0                  0                 
       l_tofd28.asm.obj                28      0                  0                 
       ll_aox28.asm.obj                24      0                  0                 
       _lock.c.obj                     9       10                 4                 
       ll_mpy28.asm.obj                20      0                  0                 
       args_main.c.obj                 18      0                  0                 
       s_copysignf.c.obj               17      0                  0                 
       memccpy.c.obj                   16      0                  0                 
       fd_sub28.asm.obj                14      0                  0                 
       strchr.c.obj                    12      0                  0                 
       strrchr.c.obj                   11      0                  0                 
       strcmp.c.obj                    10      0                  0                 
       fd_neg28.asm.obj                9       0                  0                 
       wcslen.c.obj                    9       0                  0                 
       strlen.c.obj                    8       0                  0                 
       memset.c.obj                    7       0                  0                 
       errno.c.obj                     0       4                  1                 
       strcpy.c.obj                    5       0                  0                 
       pre_init.c.obj                  2       0                  0                 
       startup.c.obj                   1       0                  0                 
    +--+-------------------------------+-------+------------------+--------------------+
       Total:                          9499    576                11                
                                                                                    
       Stack:                          0       0                  768               
    +--+-------------------------------+-------+------------------+--------------------+
       Grand Total:                    14102   1145               5007              


GLOBAL DATA SYMBOLS: SORTED BY DATA PAGE

address     data page           name
--------    ----------------    ----
00000050       1 (00000040)     __stack

00000880      22 (00000880)     _DevEmuRegs

00000985      26 (00000980)     _SysPwrCtrlRegs

00000a80      2a (00000a80)     _FlashRegs

00000ae0      2b (00000ac0)     _CsmRegs

00000b00      2c (00000b00)     _AdcResult

00000c00      30 (00000c00)     _CpuTimer0Regs
00000c08      30 (00000c00)     _CpuTimer1Regs
00000c10      30 (00000c00)     _CpuTimer2Regs

00000ce0      33 (00000cc0)     _PieCtrlRegs

00000d00      34 (00000d00)     _EmuKey
00000d00      34 (00000d00)     _PieVectTable
00000d01      34 (00000d00)     _EmuBMode
00000d02      34 (00000d00)     _Flash_CallbackPtr
00000d04      34 (00000d00)     _Flash_CPUScaleFactor

00001000      40 (00001000)     _DmaRegs

00001400      50 (00001400)     _Cla1Regs

00004000     100 (00004000)     _Usb0Regs

00005000     140 (00005000)     _McbspaRegs

00006000     180 (00006000)     _ECanaRegs

00006040     181 (00006040)     _ECanaLAMRegs

00006080     182 (00006080)     _ECanaMOTSRegs

000060c0     183 (000060c0)     _ECanaMOTORegs

00006100     184 (00006100)     _ECanaMboxes

00006400     190 (00006400)     _Comp1Regs
00006420     190 (00006400)     _Comp2Regs

00006440     191 (00006440)     _Comp3Regs

00006800     1a0 (00006800)     _EPwm1Regs

00006840     1a1 (00006840)     _EPwm2Regs

00006880     1a2 (00006880)     _EPwm3Regs

000068c0     1a3 (000068c0)     _EPwm4Regs

00006900     1a4 (00006900)     _EPwm5Regs

00006940     1a5 (00006940)     _EPwm6Regs

00006980     1a6 (00006980)     _EPwm7Regs

000069c0     1a7 (000069c0)     _EPwm8Regs

00006a00     1a8 (00006a00)     _ECap1Regs
00006a20     1a8 (00006a00)     _ECap2Regs

00006a40     1a9 (00006a40)     _ECap3Regs

00006ac0     1ab (00006ac0)     _HRCap1Regs
00006ae0     1ab (00006ac0)     _HRCap2Regs

00006b00     1ac (00006b00)     _EQep1Regs

00006b40     1ad (00006b40)     _EQep2Regs

00006c80     1b2 (00006c80)     _HRCap3Regs
00006ca0     1b2 (00006c80)     _HRCap4Regs

00006f80     1be (00006f80)     _GpioCtrlRegs

00006fc0     1bf (00006fc0)     _GpioDataRegs
00006fe0     1bf (00006fc0)     _GpioIntRegs

00007010     1c0 (00007000)     _SysCtrlRegs

00007040     1c1 (00007040)     _SpiaRegs
00007050     1c1 (00007040)     _SciaRegs
00007060     1c1 (00007040)     _NmiIntruptRegs
00007070     1c1 (00007040)     _XIntruptRegs

00007100     1c4 (00007100)     _AdcRegs

00007740     1dd (00007740)     _SpibRegs
00007750     1dd (00007740)     _ScibRegs

00007900     1e4 (00007900)     _I2caRegs

0000c000     300 (0000c000)     _sciaCmdIn

0000c1f4     307 (0000c1c0)     _fBtnCnt
0000c1f5     307 (0000c1c0)     _rBtnCnt
0000c1f6     307 (0000c1c0)     _chtcnt
0000c1f7     307 (0000c1c0)     _fBtnOn
0000c1f8     307 (0000c1c0)     _rBtnOn
0000c1f9     307 (0000c1c0)     _newCmdCnt
0000c1fa     307 (0000c1c0)     _keyChkCnt
0000c1fb     307 (0000c1c0)     _slideA
0000c1fc     307 (0000c1c0)     _slideB
0000c1fd     307 (0000c1c0)     _slideAcnt
0000c1fe     307 (0000c1c0)     _slideBcnt
0000c1ff     307 (0000c1c0)     _stepDurationRaw

0000c200     308 (0000c200)     _cmdStr
0000c232     308 (0000c200)     _tempADC

0000c240     309 (0000c240)     _tmpStr
0000c272     309 (0000c240)     _pwmPeriod
0000c273     309 (0000c240)     _pwmPeriod1
0000c274     309 (0000c240)     _pwmPeriod2
0000c275     309 (0000c240)     _pwmPeriod3
0000c276     309 (0000c240)     _pwmPeriod4
0000c277     309 (0000c240)     _pwmPeriodHalf
0000c278     309 (0000c240)     _pwmCmd1
0000c279     309 (0000c240)     _pwmCmd2
0000c27a     309 (0000c240)     _pwmCmd3
0000c27b     309 (0000c240)     _pwmCmd4
0000c27c     309 (0000c240)     _Cnt_total
0000c27e     309 (0000c240)     _Cnt_on

0000c280     30a (0000c280)     _CpuTimer0
0000c288     30a (0000c280)     _CpuTimer1
0000c290     30a (0000c280)     _CpuTimer2
0000c298     30a (0000c280)     _pwmCmdVal
0000c299     30a (0000c280)     _stepMode
0000c29a     30a (0000c280)     _stepNo
0000c29b     30a (0000c280)     _stepRunStop
0000c29c     30a (0000c280)     _stepRunStopC
0000c29d     30a (0000c280)     _stepDuration
0000c29e     30a (0000c280)     _stepTimeUs
0000c29f     30a (0000c280)     _stepMax
0000c2a0     30a (0000c280)     _steps2run
0000c2a1     30a (0000c280)     _steps2runCnt
0000c2a2     30a (0000c280)     ___TI_enable_exit_profile_output
0000c2a4     30a (0000c280)     ___TI_cleanup_ptr
0000c2a6     30a (0000c280)     ___TI_dtors_ptr
0000c2a8     30a (0000c280)     _loopCnt
0000c2aa     30a (0000c280)     _cmdInCnt
0000c2ab     30a (0000c280)     _cmdEnteredFlag
0000c2ac     30a (0000c280)     __lock
0000c2ae     30a (0000c280)     __unlock
0000c2b0     30a (0000c280)     _errno

003d7e80    f5fa (003d7e80)     _PartIdRegs

003f6d3e    fdb4 (003f6d00)     __ctypes_

003f6e40    fdb9 (003f6e40)     _PieVectTableInit

003f7ff8    fdff (003f7fc0)     _CsmPwl


GLOBAL SYMBOLS: SORTED ALPHABETICALLY BY Name 

page  address   name                            
----  -------   ----                            
0     003f4000  .text                           
0     003f6ae1  C$$EXIT                         
0     003f6456  FD$$ADD                         
0     003f6a8d  FD$$CMP                         
0     003f6585  FD$$DIV                         
0     003f6720  FD$$MPY                         
0     003f6d0d  FD$$NEG                         
0     003f6cd5  FD$$SUB                         
0     003f6b7a  FD$$TOI                         
0     003f6b9b  FD$$TOL                         
0     003f6698  FS$$DIV                         
0     003f6c12  FS$$TOFD                        
0     003f6bd8  I$$TOFD                         
0     003f6ab7  L$$DIV                          
0     003f6ac6  L$$MOD                          
0     003f6c2e  L$$TOFD                         
0     003f6c65  LL$$AND                         
0     003f6bba  LL$$CMP                         
0     003f5f83  LL$$DIV                         
0     003f5fbf  LL$$MOD                         
0     003f6c7d  LL$$MPY                         
0     003f6c6d  LL$$OR                          
0     003f6c75  LL$$XOR                         
0     003f6ad4  UL$$DIV                         
0     003f6adb  UL$$MOD                         
0     003f6bcc  ULL$$CMP                        
0     003f5ff9  ULL$$DIV                        
0     003f6028  ULL$$MOD                        
0     003f5826  _ADCINT1_ISR                    
0     003f581c  _ADCINT2_ISR                    
0     003f5812  _ADCINT3_ISR                    
0     003f5808  _ADCINT4_ISR                    
0     003f57fe  _ADCINT5_ISR                    
0     003f57f4  _ADCINT6_ISR                    
0     003f57ea  _ADCINT7_ISR                    
0     003f57e0  _ADCINT8_ISR                    
0     003f57d6  _ADCINT9_ISR                    
1     00007100  _AdcRegs                        
1     00000b00  _AdcResult                      
0     003f57cc  _CLA1_INT1_ISR                  
0     003f57c2  _CLA1_INT2_ISR                  
0     003f57b8  _CLA1_INT3_ISR                  
0     003f57ae  _CLA1_INT4_ISR                  
0     003f57a4  _CLA1_INT5_ISR                  
0     003f579a  _CLA1_INT6_ISR                  
0     003f5790  _CLA1_INT7_ISR                  
0     003f5786  _CLA1_INT8_ISR                  
1     00001400  _Cla1Regs                       
1     0000c27e  _Cnt_on                         
1     0000c27c  _Cnt_total                      
1     00006400  _Comp1Regs                      
1     00006420  _Comp2Regs                      
1     00006440  _Comp3Regs                      
1     0000c280  _CpuTimer0                      
1     00000c00  _CpuTimer0Regs                  
1     0000c288  _CpuTimer1                      
1     00000c08  _CpuTimer1Regs                  
1     0000c290  _CpuTimer2                      
1     00000c10  _CpuTimer2Regs                  
1     003f7ff8  _CsmPwl                         
1     00000ae0  _CsmRegs                        
0     003f5e16  _CsmUnlock                      
0     003f577c  _DATALOG_ISR                    
0     003f5772  _DINTCH1_ISR                    
0     003f5768  _DINTCH2_ISR                    
0     003f575e  _DINTCH3_ISR                    
0     003f5754  _DINTCH4_ISR                    
0     003f574a  _DINTCH5_ISR                    
0     003f5740  _DINTCH6_ISR                    
0     000084e7  _DSP28x_usDelay                 
1     00000880  _DevEmuRegs                     
0     003f5d01  _DisableDog                     
1     00001000  _DmaRegs                        
0     003f5736  _ECAN0INTA_ISR                  
0     003f572c  _ECAN1INTA_ISR                  
0     003f5722  _ECAP1_INT_ISR                  
0     003f5718  _ECAP2_INT_ISR                  
0     003f570e  _ECAP3_INT_ISR                  
1     00006040  _ECanaLAMRegs                   
1     000060c0  _ECanaMOTORegs                  
1     00006080  _ECanaMOTSRegs                  
1     00006100  _ECanaMboxes                    
1     00006000  _ECanaRegs                      
1     00006a00  _ECap1Regs                      
1     00006a20  _ECap2Regs                      
1     00006a40  _ECap3Regs                      
0     003f5701  _EMPTY_ISR                      
0     003f56f7  _EMUINT_ISR                     
0     003f56ed  _EPWM1_INT_ISR                  
0     003f56e3  _EPWM1_TZINT_ISR                
0     003f56d9  _EPWM2_INT_ISR                  
0     003f56cf  _EPWM2_TZINT_ISR                
0     003f56c5  _EPWM3_INT_ISR                  
0     003f56bb  _EPWM3_TZINT_ISR                
0     003f56b1  _EPWM4_INT_ISR                  
0     003f56a7  _EPWM4_TZINT_ISR                
0     003f569d  _EPWM5_INT_ISR                  
0     003f5693  _EPWM5_TZINT_ISR                
0     003f5689  _EPWM6_INT_ISR                  
0     003f567f  _EPWM6_TZINT_ISR                
0     003f5675  _EPWM7_INT_ISR                  
0     003f566b  _EPWM7_TZINT_ISR                
0     003f5661  _EPWM8_INT_ISR                  
0     003f5657  _EPWM8_TZINT_ISR                
1     00006800  _EPwm1Regs                      
1     00006840  _EPwm2Regs                      
1     00006880  _EPwm3Regs                      
1     000068c0  _EPwm4Regs                      
1     00006900  _EPwm5Regs                      
1     00006940  _EPwm6Regs                      
1     00006980  _EPwm7Regs                      
1     000069c0  _EPwm8Regs                      
0     003f564d  _EQEP1_INT_ISR                  
0     003f5643  _EQEP2_INT_ISR                  
1     00006b00  _EQep1Regs                      
1     00006b40  _EQep2Regs                      
1     00000d01  _EmuBMode                       
1     00000d00  _EmuKey                         
0     003f6b29  _EnableInterrupts               
0     003f5dfe  _ExtOscSel                      
1     00000a80  _FlashRegs                      
1     00000d04  _Flash_CPUScaleFactor           
1     00000d02  _Flash_CallbackPtr              
1     00006f80  _GpioCtrlRegs                   
1     00006fc0  _GpioDataRegs                   
1     00006fe0  _GpioIntRegs                    
0     003f5639  _HRCAP1_INT_ISR                 
0     003f562f  _HRCAP2_INT_ISR                 
0     003f5625  _HRCAP3_INT_ISR                 
0     003f561b  _HRCAP4_INT_ISR                 
1     00006ac0  _HRCap1Regs                     
1     00006ae0  _HRCap2Regs                     
1     00006c80  _HRCap3Regs                     
1     00006ca0  _HRCap4Regs                     
0     003f5611  _I2CINT1A_ISR                   
0     003f5607  _I2CINT2A_ISR                   
1     00007900  _I2caRegs                       
0     003f55fd  _ILLEGAL_ISR                    
0     003f55f3  _INT13_ISR                      
0     003f55e9  _INT14_ISR                      
0     00008412  _ISRSciaReceive                 
0     00008000  _ISRadc                         
0     003f6810  _InitAdcRegs                    
0     003f63b9  _InitEPwm                       
0     003f64f2  _InitGPIO_Ex_13_0               
0     003f6c4a  _InitGpio                       
0     003f699d  _InitInterrupts_Ex_13_0         
0     003f5d5a  _InitPeripheralClocks           
0     003f6b0a  _InitPieCtrl                    
0     003f6ca3  _InitPieVectTable               
0     003f5d09  _InitPll                        
0     003f5dd1  _InitPll2                       
0     003f69d9  _InitScia                       
0     003f5db9  _InitSysCtrl                    
0     003f5cf1  _IntOsc1Sel                     
0     003f5cd7  _IntOsc2Sel                     
0     003f55df  _LUF_ISR                        
0     003f55d5  _LVF_ISR                        
0     003f55cb  _MRINTA_ISR                     
0     003f55c1  _MXINTA_ISR                     
1     00005000  _McbspaRegs                     
0     003f55b7  _NMI_ISR                        
1     00007060  _NmiIntruptRegs                 
0     003f55ad  _PIE_RESERVED                   
1     003d7e80  _PartIdRegs                     
1     00000ce0  _PieCtrlRegs                    
1     00000d00  _PieVectTable                   
0     003f6e40  _PieVectTableInit               
0     003f55a3  _RTOSINT_ISR                    
0     003e84eb  _RamfuncsLoadEnd                
abs   000004eb  _RamfuncsLoadSize               
0     003e8000  _RamfuncsLoadStart              
0     00008000  _RamfuncsRunStart               
0     003f5599  _SCIRXINTA_ISR                  
0     003f558f  _SCIRXINTB_ISR                  
0     003f5585  _SCITXINTA_ISR                  
0     003f557b  _SCITXINTB_ISR                  
0     003f5571  _SPIRXINTA_ISR                  
0     003f5567  _SPIRXINTB_ISR                  
0     003f555d  _SPITXINTA_ISR                  
0     003f5553  _SPITXINTB_ISR                  
1     00007050  _SciaRegs                       
1     00007750  _ScibRegs                       
0     003f5ccd  _ServiceDog                     
1     00007040  _SpiaRegs                       
1     00007740  _SpibRegs                       
1     00007010  _SysCtrlRegs                    
1     00000985  _SysPwrCtrlRegs                 
0     003f5549  _TINT0_ISR                      
0     003f553f  _USB0_INT_ISR                   
0     003f5535  _USER10_ISR                     
0     003f552b  _USER11_ISR                     
0     003f5521  _USER12_ISR                     
0     003f5517  _USER1_ISR                      
0     003f550d  _USER2_ISR                      
0     003f5503  _USER3_ISR                      
0     003f54f9  _USER4_ISR                      
0     003f54ef  _USER5_ISR                      
0     003f54e5  _USER6_ISR                      
0     003f54db  _USER7_ISR                      
0     003f54d1  _USER8_ISR                      
0     003f54c7  _USER9_ISR                      
1     00004000  _Usb0Regs                       
0     003f54bd  _WAKEINT_ISR                    
0     003f54b3  _XINT1_ISR                      
0     003f54a9  _XINT2_ISR                      
0     003f549f  _XINT3_ISR                      
1     00007070  _XIntruptRegs                   
0     003f5cb2  _XtalOscSel                     
1     00000350  __STACK_END                     
abs   00000300  __STACK_SIZE                    
1     0000c2a4  ___TI_cleanup_ptr               
1     0000c2a6  ___TI_dtors_ptr                 
1     0000c2a2  ___TI_enable_exit_profile_output
0     003f6a5d  ___TI_ltoa                      
abs   ffffffff  ___TI_pprof_out_hndl            
0     003f5310  ___TI_printfi                   
abs   ffffffff  ___TI_prof_data_size            
abs   ffffffff  ___TI_prof_data_start           
0     003f44d9  ___TI_scanfi                    
abs   ffffffff  ___binit__                      
abs   ffffffff  ___c_args__                     
0     003f70fc  ___cinit__                      
0     003f6d3e  ___etext__                      
abs   ffffffff  ___pinit__                      
0     003f4000  ___text__                       
0     003f6c91  __args_main                     
0     003f6d3e  __ctypes_                       
1     0000c2ac  __lock                          
0     003f6d0c  __nop                           
0     003f6d08  __register_lock                 
0     003f6d04  __register_unlock               
1     00000050  __stack                         
0     003f6d3d  __system_post_cinit             
0     003f6d3b  __system_pre_init               
1     0000c2ae  __unlock                        
0     003f6ae1  _abort                          
0     003f6a2c  _atoi                           
0     003f6928  _c_int00                        
1     0000c1f6  _chtcnt                         
1     0000c2ab  _cmdEnteredFlag                 
1     0000c2aa  _cmdInCnt                       
1     0000c200  _cmdStr                         
0     003f6b32  _copy_in                        
0     003f6cb4  _copysign                       
0     003f6cb4  _copysignf                      
0     003f6b56  _copysignl                      
1     0000c2b0  _errno                          
0     003f6ae3  _exit                           
1     0000c1f4  _fBtnCnt                        
1     0000c1f7  _fBtnOn                         
0     003f6876  _frexpl                         
0     003f697e  _initTimer0                     
1     0000c1fa  _keyChkCnt                      
0     003f68d0  _ldexp                          
0     003f68d0  _ldexpf                         
0     003f6310  _ldexpl                         
1     0000c2a8  _loopCnt                        
0     003f6610  _main                           
0     003f6cc5  _memccpy                        
0     003f6bf5  _memcpy                         
0     003f6d2f  _memset                         
1     0000c1f9  _newCmdCnt                      
0     000084c1  _processCommand                 
1     0000c278  _pwmCmd1                        
1     0000c279  _pwmCmd2                        
1     0000c27a  _pwmCmd3                        
1     0000c27b  _pwmCmd4                        
1     0000c298  _pwmCmdVal                      
1     0000c272  _pwmPeriod                      
1     0000c273  _pwmPeriod1                     
1     0000c274  _pwmPeriod2                     
1     0000c275  _pwmPeriod3                     
1     0000c276  _pwmPeriod4                     
1     0000c277  _pwmPeriodHalf                  
1     0000c1f5  _rBtnCnt                        
1     0000c1f8  _rBtnOn                         
0     003f5495  _rsvd_ISR                       
0     003f68d0  _scalbn                         
0     003f68d0  _scalbnf                        
0     003f6310  _scalbnl                        
1     0000c000  _sciaCmdIn                      
0     003f69c4  _sciaPutChar                    
0     003f69d2  _sciaPutString                  
1     0000c1fb  _slideA                         
1     0000c1fd  _slideAcnt                      
1     0000c1fc  _slideB                         
1     0000c1fe  _slideBcnt                      
0     003f69fa  _sprintf                        
0     003f67b3  _sscanf                         
1     0000c29d  _stepDuration                   
1     0000c1ff  _stepDurationRaw                
1     0000c29f  _stepMax                        
1     0000c299  _stepMode                       
1     0000c29a  _stepNo                         
1     0000c29b  _stepRunStop                    
1     0000c29c  _stepRunStopC                   
1     0000c29e  _stepTimeUs                     
0     00008484  _step_func                      
1     0000c2a0  _steps2run                      
1     0000c2a1  _steps2runCnt                   
0     003f6ce3  _strchr                         
0     003f6cfa  _strcmp                         
0     003f6d36  _strcpy                         
0     003f6d27  _strlen                         
0     003f6cef  _strrchr                        
0     003f5ab3  _strtod                         
0     003f5ab3  _strtof                         
0     003f618c  _strtol                         
0     003f5830  _strtold                        
0     003f5e44  _strtoll                        
0     003f625f  _strtoul                        
0     003f608a  _strtoull                       
1     0000c232  _tempADC                        
0     000082ef  _timerISR                       
1     0000c240  _tmpStr                         
0     003f67a3  _vsscanf                        
0     003f6d16  _wcslen                         
abs   ffffffff  binit                           
0     003f70fc  cinit                           
0     003f7ff6  code_start                      
0     003f6d3e  etext                           
abs   ffffffff  pinit                           


GLOBAL SYMBOLS: SORTED BY Symbol Address 

page  address   name                            
----  -------   ----                            
0     00008000  _ISRadc                         
0     00008000  _RamfuncsRunStart               
0     000082ef  _timerISR                       
0     00008412  _ISRSciaReceive                 
0     00008484  _step_func                      
0     000084c1  _processCommand                 
0     000084e7  _DSP28x_usDelay                 
0     003e8000  _RamfuncsLoadStart              
0     003e84eb  _RamfuncsLoadEnd                
0     003f4000  .text                           
0     003f4000  ___text__                       
0     003f44d9  ___TI_scanfi                    
0     003f5310  ___TI_printfi                   
0     003f5495  _rsvd_ISR                       
0     003f549f  _XINT3_ISR                      
0     003f54a9  _XINT2_ISR                      
0     003f54b3  _XINT1_ISR                      
0     003f54bd  _WAKEINT_ISR                    
0     003f54c7  _USER9_ISR                      
0     003f54d1  _USER8_ISR                      
0     003f54db  _USER7_ISR                      
0     003f54e5  _USER6_ISR                      
0     003f54ef  _USER5_ISR                      
0     003f54f9  _USER4_ISR                      
0     003f5503  _USER3_ISR                      
0     003f550d  _USER2_ISR                      
0     003f5517  _USER1_ISR                      
0     003f5521  _USER12_ISR                     
0     003f552b  _USER11_ISR                     
0     003f5535  _USER10_ISR                     
0     003f553f  _USB0_INT_ISR                   
0     003f5549  _TINT0_ISR                      
0     003f5553  _SPITXINTB_ISR                  
0     003f555d  _SPITXINTA_ISR                  
0     003f5567  _SPIRXINTB_ISR                  
0     003f5571  _SPIRXINTA_ISR                  
0     003f557b  _SCITXINTB_ISR                  
0     003f5585  _SCITXINTA_ISR                  
0     003f558f  _SCIRXINTB_ISR                  
0     003f5599  _SCIRXINTA_ISR                  
0     003f55a3  _RTOSINT_ISR                    
0     003f55ad  _PIE_RESERVED                   
0     003f55b7  _NMI_ISR                        
0     003f55c1  _MXINTA_ISR                     
0     003f55cb  _MRINTA_ISR                     
0     003f55d5  _LVF_ISR                        
0     003f55df  _LUF_ISR                        
0     003f55e9  _INT14_ISR                      
0     003f55f3  _INT13_ISR                      
0     003f55fd  _ILLEGAL_ISR                    
0     003f5607  _I2CINT2A_ISR                   
0     003f5611  _I2CINT1A_ISR                   
0     003f561b  _HRCAP4_INT_ISR                 
0     003f5625  _HRCAP3_INT_ISR                 
0     003f562f  _HRCAP2_INT_ISR                 
0     003f5639  _HRCAP1_INT_ISR                 
0     003f5643  _EQEP2_INT_ISR                  
0     003f564d  _EQEP1_INT_ISR                  
0     003f5657  _EPWM8_TZINT_ISR                
0     003f5661  _EPWM8_INT_ISR                  
0     003f566b  _EPWM7_TZINT_ISR                
0     003f5675  _EPWM7_INT_ISR                  
0     003f567f  _EPWM6_TZINT_ISR                
0     003f5689  _EPWM6_INT_ISR                  
0     003f5693  _EPWM5_TZINT_ISR                
0     003f569d  _EPWM5_INT_ISR                  
0     003f56a7  _EPWM4_TZINT_ISR                
0     003f56b1  _EPWM4_INT_ISR                  
0     003f56bb  _EPWM3_TZINT_ISR                
0     003f56c5  _EPWM3_INT_ISR                  
0     003f56cf  _EPWM2_TZINT_ISR                
0     003f56d9  _EPWM2_INT_ISR                  
0     003f56e3  _EPWM1_TZINT_ISR                
0     003f56ed  _EPWM1_INT_ISR                  
0     003f56f7  _EMUINT_ISR                     
0     003f5701  _EMPTY_ISR                      
0     003f570e  _ECAP3_INT_ISR                  
0     003f5718  _ECAP2_INT_ISR                  
0     003f5722  _ECAP1_INT_ISR                  
0     003f572c  _ECAN1INTA_ISR                  
0     003f5736  _ECAN0INTA_ISR                  
0     003f5740  _DINTCH6_ISR                    
0     003f574a  _DINTCH5_ISR                    
0     003f5754  _DINTCH4_ISR                    
0     003f575e  _DINTCH3_ISR                    
0     003f5768  _DINTCH2_ISR                    
0     003f5772  _DINTCH1_ISR                    
0     003f577c  _DATALOG_ISR                    
0     003f5786  _CLA1_INT8_ISR                  
0     003f5790  _CLA1_INT7_ISR                  
0     003f579a  _CLA1_INT6_ISR                  
0     003f57a4  _CLA1_INT5_ISR                  
0     003f57ae  _CLA1_INT4_ISR                  
0     003f57b8  _CLA1_INT3_ISR                  
0     003f57c2  _CLA1_INT2_ISR                  
0     003f57cc  _CLA1_INT1_ISR                  
0     003f57d6  _ADCINT9_ISR                    
0     003f57e0  _ADCINT8_ISR                    
0     003f57ea  _ADCINT7_ISR                    
0     003f57f4  _ADCINT6_ISR                    
0     003f57fe  _ADCINT5_ISR                    
0     003f5808  _ADCINT4_ISR                    
0     003f5812  _ADCINT3_ISR                    
0     003f581c  _ADCINT2_ISR                    
0     003f5826  _ADCINT1_ISR                    
0     003f5830  _strtold                        
0     003f5ab3  _strtod                         
0     003f5ab3  _strtof                         
0     003f5cb2  _XtalOscSel                     
0     003f5ccd  _ServiceDog                     
0     003f5cd7  _IntOsc2Sel                     
0     003f5cf1  _IntOsc1Sel                     
0     003f5d01  _DisableDog                     
0     003f5d09  _InitPll                        
0     003f5d5a  _InitPeripheralClocks           
0     003f5db9  _InitSysCtrl                    
0     003f5dd1  _InitPll2                       
0     003f5dfe  _ExtOscSel                      
0     003f5e16  _CsmUnlock                      
0     003f5e44  _strtoll                        
0     003f5f83  LL$$DIV                         
0     003f5fbf  LL$$MOD                         
0     003f5ff9  ULL$$DIV                        
0     003f6028  ULL$$MOD                        
0     003f608a  _strtoull                       
0     003f618c  _strtol                         
0     003f625f  _strtoul                        
0     003f6310  _ldexpl                         
0     003f6310  _scalbnl                        
0     003f63b9  _InitEPwm                       
0     003f6456  FD$$ADD                         
0     003f64f2  _InitGPIO_Ex_13_0               
0     003f6585  FD$$DIV                         
0     003f6610  _main                           
0     003f6698  FS$$DIV                         
0     003f6720  FD$$MPY                         
0     003f67a3  _vsscanf                        
0     003f67b3  _sscanf                         
0     003f6810  _InitAdcRegs                    
0     003f6876  _frexpl                         
0     003f68d0  _ldexp                          
0     003f68d0  _ldexpf                         
0     003f68d0  _scalbn                         
0     003f68d0  _scalbnf                        
0     003f6928  _c_int00                        
0     003f697e  _initTimer0                     
0     003f699d  _InitInterrupts_Ex_13_0         
0     003f69c4  _sciaPutChar                    
0     003f69d2  _sciaPutString                  
0     003f69d9  _InitScia                       
0     003f69fa  _sprintf                        
0     003f6a2c  _atoi                           
0     003f6a5d  ___TI_ltoa                      
0     003f6a8d  FD$$CMP                         
0     003f6ab7  L$$DIV                          
0     003f6ac6  L$$MOD                          
0     003f6ad4  UL$$DIV                         
0     003f6adb  UL$$MOD                         
0     003f6ae1  C$$EXIT                         
0     003f6ae1  _abort                          
0     003f6ae3  _exit                           
0     003f6b0a  _InitPieCtrl                    
0     003f6b29  _EnableInterrupts               
0     003f6b32  _copy_in                        
0     003f6b56  _copysignl                      
0     003f6b7a  FD$$TOI                         
0     003f6b9b  FD$$TOL                         
0     003f6bba  LL$$CMP                         
0     003f6bcc  ULL$$CMP                        
0     003f6bd8  I$$TOFD                         
0     003f6bf5  _memcpy                         
0     003f6c12  FS$$TOFD                        
0     003f6c2e  L$$TOFD                         
0     003f6c4a  _InitGpio                       
0     003f6c65  LL$$AND                         
0     003f6c6d  LL$$OR                          
0     003f6c75  LL$$XOR                         
0     003f6c7d  LL$$MPY                         
0     003f6c91  __args_main                     
0     003f6ca3  _InitPieVectTable               
0     003f6cb4  _copysign                       
0     003f6cb4  _copysignf                      
0     003f6cc5  _memccpy                        
0     003f6cd5  FD$$SUB                         
0     003f6ce3  _strchr                         
0     003f6cef  _strrchr                        
0     003f6cfa  _strcmp                         
0     003f6d04  __register_unlock               
0     003f6d08  __register_lock                 
0     003f6d0c  __nop                           
0     003f6d0d  FD$$NEG                         
0     003f6d16  _wcslen                         
0     003f6d27  _strlen                         
0     003f6d2f  _memset                         
0     003f6d36  _strcpy                         
0     003f6d3b  __system_pre_init               
0     003f6d3d  __system_post_cinit             
0     003f6d3e  ___etext__                      
0     003f6d3e  __ctypes_                       
0     003f6d3e  etext                           
0     003f6e40  _PieVectTableInit               
0     003f70fc  ___cinit__                      
0     003f70fc  cinit                           
0     003f7ff6  code_start                      
1     00000050  __stack                         
1     00000350  __STACK_END                     
1     00000880  _DevEmuRegs                     
1     00000985  _SysPwrCtrlRegs                 
1     00000a80  _FlashRegs                      
1     00000ae0  _CsmRegs                        
1     00000b00  _AdcResult                      
1     00000c00  _CpuTimer0Regs                  
1     00000c08  _CpuTimer1Regs                  
1     00000c10  _CpuTimer2Regs                  
1     00000ce0  _PieCtrlRegs                    
1     00000d00  _EmuKey                         
1     00000d00  _PieVectTable                   
1     00000d01  _EmuBMode                       
1     00000d02  _Flash_CallbackPtr              
1     00000d04  _Flash_CPUScaleFactor           
1     00001000  _DmaRegs                        
1     00001400  _Cla1Regs                       
1     00004000  _Usb0Regs                       
1     00005000  _McbspaRegs                     
1     00006000  _ECanaRegs                      
1     00006040  _ECanaLAMRegs                   
1     00006080  _ECanaMOTSRegs                  
1     000060c0  _ECanaMOTORegs                  
1     00006100  _ECanaMboxes                    
1     00006400  _Comp1Regs                      
1     00006420  _Comp2Regs                      
1     00006440  _Comp3Regs                      
1     00006800  _EPwm1Regs                      
1     00006840  _EPwm2Regs                      
1     00006880  _EPwm3Regs                      
1     000068c0  _EPwm4Regs                      
1     00006900  _EPwm5Regs                      
1     00006940  _EPwm6Regs                      
1     00006980  _EPwm7Regs                      
1     000069c0  _EPwm8Regs                      
1     00006a00  _ECap1Regs                      
1     00006a20  _ECap2Regs                      
1     00006a40  _ECap3Regs                      
1     00006ac0  _HRCap1Regs                     
1     00006ae0  _HRCap2Regs                     
1     00006b00  _EQep1Regs                      
1     00006b40  _EQep2Regs                      
1     00006c80  _HRCap3Regs                     
1     00006ca0  _HRCap4Regs                     
1     00006f80  _GpioCtrlRegs                   
1     00006fc0  _GpioDataRegs                   
1     00006fe0  _GpioIntRegs                    
1     00007010  _SysCtrlRegs                    
1     00007040  _SpiaRegs                       
1     00007050  _SciaRegs                       
1     00007060  _NmiIntruptRegs                 
1     00007070  _XIntruptRegs                   
1     00007100  _AdcRegs                        
1     00007740  _SpibRegs                       
1     00007750  _ScibRegs                       
1     00007900  _I2caRegs                       
1     0000c000  _sciaCmdIn                      
1     0000c1f4  _fBtnCnt                        
1     0000c1f5  _rBtnCnt                        
1     0000c1f6  _chtcnt                         
1     0000c1f7  _fBtnOn                         
1     0000c1f8  _rBtnOn                         
1     0000c1f9  _newCmdCnt                      
1     0000c1fa  _keyChkCnt                      
1     0000c1fb  _slideA                         
1     0000c1fc  _slideB                         
1     0000c1fd  _slideAcnt                      
1     0000c1fe  _slideBcnt                      
1     0000c1ff  _stepDurationRaw                
1     0000c200  _cmdStr                         
1     0000c232  _tempADC                        
1     0000c240  _tmpStr                         
1     0000c272  _pwmPeriod                      
1     0000c273  _pwmPeriod1                     
1     0000c274  _pwmPeriod2                     
1     0000c275  _pwmPeriod3                     
1     0000c276  _pwmPeriod4                     
1     0000c277  _pwmPeriodHalf                  
1     0000c278  _pwmCmd1                        
1     0000c279  _pwmCmd2                        
1     0000c27a  _pwmCmd3                        
1     0000c27b  _pwmCmd4                        
1     0000c27c  _Cnt_total                      
1     0000c27e  _Cnt_on                         
1     0000c280  _CpuTimer0                      
1     0000c288  _CpuTimer1                      
1     0000c290  _CpuTimer2                      
1     0000c298  _pwmCmdVal                      
1     0000c299  _stepMode                       
1     0000c29a  _stepNo                         
1     0000c29b  _stepRunStop                    
1     0000c29c  _stepRunStopC                   
1     0000c29d  _stepDuration                   
1     0000c29e  _stepTimeUs                     
1     0000c29f  _stepMax                        
1     0000c2a0  _steps2run                      
1     0000c2a1  _steps2runCnt                   
1     0000c2a2  ___TI_enable_exit_profile_output
1     0000c2a4  ___TI_cleanup_ptr               
1     0000c2a6  ___TI_dtors_ptr                 
1     0000c2a8  _loopCnt                        
1     0000c2aa  _cmdInCnt                       
1     0000c2ab  _cmdEnteredFlag                 
1     0000c2ac  __lock                          
1     0000c2ae  __unlock                        
1     0000c2b0  _errno                          
1     003d7e80  _PartIdRegs                     
1     003f7ff8  _CsmPwl                         
abs   00000300  __STACK_SIZE                    
abs   000004eb  _RamfuncsLoadSize               
abs   ffffffff  ___TI_pprof_out_hndl            
abs   ffffffff  ___TI_prof_data_size            
abs   ffffffff  ___TI_prof_data_start           
abs   ffffffff  ___binit__                      
abs   ffffffff  ___c_args__                     
abs   ffffffff  ___pinit__                      
abs   ffffffff  binit                           
abs   ffffffff  pinit                           

[323 symbols]
