******************************************************************************
             TMS320C2000 Linker PC v22.6.0                     
******************************************************************************
>> Linked Mon Jul 17 22:21:35 2023

OUTPUT FILE NAME:   <Ex_8_1.out>
ENTRY POINT SYMBOL: "_c_int00"  address: 003f5615


MEMORY CONFIGURATION

         name            origin    length      used     unused   attr    fill
----------------------  --------  ---------  --------  --------  ----  --------
PAGE 0:
  RAML0_4               00008000   00004000  000000ad  00003f53  RWIX
  OTP                   003d7800   00000400  00000000  00000400  RWIX
  FLASHH                003d8000   00004000  00000000  00004000  RWIX
  FLASHG                003dc000   00004000  00000000  00004000  RWIX
  FLASHF                003e0000   00004000  00000000  00004000  RWIX
  FLASHE                003e4000   00004000  00000000  00004000  RWIX
  FLASHD                003e8000   00004000  000000ad  00003f53  RWIX
  FLASHC                003ec000   00004000  00000000  00004000  RWIX
  FLASHA                003f4000   00003f80  00001cfd  00002283  RWIX
  CSM_RSVD              003f7f80   00000076  00000000  00000076  RWIX
  BEGIN                 003f7ff6   00000002  00000002  00000000  RWIX
  CSM_PWL_P0            003f7ff8   00000008  00000000  00000008  RWIX
  FPUTABLES             003fd860   000006a0  00000000  000006a0  RWIX
  IQTABLES              003fdf00   00000b50  00000000  00000b50  RWIX
  IQTABLES2             003fea50   0000008c  00000000  0000008c  RWIX
  IQTABLES3             003feadc   000000aa  00000000  000000aa  RWIX
  ROM                   003ff3b0   00000c10  00000000  00000c10  RWIX
  RESET                 003fffc0   00000002  00000000  00000002  RWIX
  VECTORS               003fffc2   0000003e  00000000  0000003e  RWIX

PAGE 1:
  BOOT_RSVD             00000000   00000050  00000000  00000050  RWIX
  RAMM0                 00000050   000003b0  00000300  000000b0  RWIX
  RAMM1                 00000400   00000400  00000000  00000400  RWIX
  DEV_EMU               00000880   00000105  00000004  00000101  RWIX
  SYS_PWR_CTL           00000985   00000003  00000003  00000000  RWIX
  FLASH_REGS            00000a80   00000060  00000008  00000058  RWIX
  CSM                   00000ae0   00000020  00000010  00000010  RWIX
  ADC_RESULT            00000b00   00000020  00000010  00000010  RWIX
  CPU_TIMER0            00000c00   00000008  00000008  00000000  RWIX
  CPU_TIMER1            00000c08   00000008  00000008  00000000  RWIX
  CPU_TIMER2            00000c10   00000008  00000008  00000000  RWIX
  PIE_CTRL              00000ce0   00000020  0000001a  00000006  RWIX
  PIE_VECT              00000d00   00000100  00000100  00000000  RWIX
  DMA                   00001000   00000200  000000e0  00000120  RWIX
  CLA1                  00001400   00000080  00000040  00000040  RWIX
  USB0                  00004000   00001000  00000454  00000bac  RWIX
  McBSPA                00005000   00000040  00000024  0000001c  RWIX
  ECANA                 00006000   00000040  00000034  0000000c  RWIX
  ECANA_LAM             00006040   00000040  00000040  00000000  RWIX
  ECANA_MOTS            00006080   00000040  00000040  00000000  RWIX
  ECANA_MOTO            000060c0   00000040  00000040  00000000  RWIX
  ECANA_MBOX            00006100   00000100  00000100  00000000  RWIX
  COMP1                 00006400   00000020  00000014  0000000c  RWIX
  COMP2                 00006420   00000020  00000014  0000000c  RWIX
  COMP3                 00006440   00000020  00000014  0000000c  RWIX
  EPWM1                 00006800   00000040  00000040  00000000  RWIX
  EPWM2                 00006840   00000040  00000040  00000000  RWIX
  EPWM3                 00006880   00000040  00000040  00000000  RWIX
  EPWM4                 000068c0   00000040  00000040  00000000  RWIX
  EPWM5                 00006900   00000040  00000040  00000000  RWIX
  EPWM6                 00006940   00000040  00000040  00000000  RWIX
  EPWM7                 00006980   00000040  00000040  00000000  RWIX
  EPWM8                 000069c0   00000040  00000040  00000000  RWIX
  ECAP1                 00006a00   00000020  00000020  00000000  RWIX
  ECAP2                 00006a20   00000020  00000020  00000000  RWIX
  ECAP3                 00006a40   00000020  00000020  00000000  RWIX
  HRCAP1                00006ac0   00000020  00000020  00000000  RWIX
  HRCAP2                00006ae0   00000020  00000020  00000000  RWIX
  EQEP1                 00006b00   00000040  00000022  0000001e  RWIX
  EQEP2                 00006b40   00000040  00000022  0000001e  RWIX
  HRCAP3                00006c80   00000020  00000020  00000000  RWIX
  HRCAP4                00006ca0   00000020  00000020  00000000  RWIX
  GPIOCTRL              00006f80   00000040  00000040  00000000  RWIX
  GPIODAT               00006fc0   00000020  00000020  00000000  RWIX
  GPIOINT               00006fe0   00000020  00000020  00000000  RWIX
  SYSTEM                00007010   00000030  00000030  00000000  RWIX
  SPIA                  00007040   00000010  00000010  00000000  RWIX
  SCIA                  00007050   00000010  00000010  00000000  RWIX
  NMIINTRUPT            00007060   00000010  00000010  00000000  RWIX
  XINTRUPT              00007070   00000010  00000010  00000000  RWIX
  ADC                   00007100   00000080  00000050  00000030  RWIX
  SPIB                  00007740   00000010  00000010  00000000  RWIX
  SCIB                  00007750   00000010  00000010  00000000  RWIX
  I2CA                  00007900   00000040  00000022  0000001e  RWIX
  RAML5                 0000c000   00002000  00000272  00001d8e  RWIX
  RAML6                 0000e000   00002000  00000000  00002000  RWIX
  RAML7                 00010000   00002000  00000000  00002000  RWIX
  RAML8                 00012000   00002000  00000000  00002000  RWIX
  USB_RAM               00040000   00000800  00000000  00000800  RWIX
  PARTID                003d7e80   00000001  00000001  00000000  RWIX
  FLASHB                003f0000   00004000  00000000  00004000  RWIX
  CSM_PWL               003f7ff8   00000008  00000008  00000000  RWIX


SECTION ALLOCATION MAP

 output                                  attributes/
section   page    origin      length       input sections
--------  ----  ----------  ----------   ----------------
.cinit     0    003f5cd2    0000002b     
                  003f5cd2    0000000e     rts2800_fpu32.lib : exit.c.obj (.cinit)
                  003f5ce0    00000008     Ex_8_1_interrupts.obj (.cinit)
                  003f5ce8    00000005     Ex_8_1.obj (.cinit)
                  003f5ced    00000005     rts2800_fpu32.lib : _lock.c.obj (.cinit:__lock)
                  003f5cf2    00000005                       : _lock.c.obj (.cinit:__unlock)
                  003f5cf7    00000004                       : errno.c.obj (.cinit)
                  003f5cfb    00000002     --HOLE-- [fill = 0]

.pinit     0    003f4000    00000000     UNINITIALIZED

.TI.ramfunc 
*          0    003e8000    000000ad     RUN ADDR = 00008000
                  003e8000    0000005c     Ex_8_1_interrupts.obj (.TI.ramfunc:retain)
                  003e805c    0000004d     Ex_8_1_command.obj (.TI.ramfunc)
                  003e80a9    00000004     F2806x_usDelay.obj (.TI.ramfunc)

.text      0    003f4000    000019fa     
                  003f4000    000006d0     rts2800_fpu32.lib : _printfi.c.obj (.text)
                  003f46d0    000005f5                       : _printfi.c.obj (.text:__TI_printfi)
                  003f4cc5    0000039b     F2806x_DefaultIsr.obj (.text:retain)
                  003f5060    00000192     F2806x_SysCtrl.obj (.text)
                  003f51f2    00000107     rts2800_fpu32.lib : ll_div28.asm.obj (.text)
                  003f52f9    000000a9                       : s_scalbn.c.obj (.text)
                  003f53a2    0000009c                       : fd_add28.asm.obj (.text)
                  003f543e    0000008b                       : fd_div28.asm.obj (.text)
                  003f54c9    00000083                       : fd_mpy28.asm.obj (.text)
                  003f554c    0000006f     Ex_8_1.obj (.text)
                  003f55bb    0000005a     rts2800_fpu32.lib : s_frexp.c.obj (.text)
                  003f5615    00000056                       : boot28.asm.obj (.text)
                  003f566b    00000036     Ex_8_1_sci.obj (.text)
                  003f56a1    00000032     Ex_8_1_gpio.obj (.text)
                  003f56d3    00000032     rts2800_fpu32.lib : sprintf.c.obj (.text)
                  003f5705    00000031                       : atoi.c.obj (.text)
                  003f5736    00000030                       : _ltoa.c.obj (.text)
                  003f5766    0000002a                       : fd_cmp28.asm.obj (.text)
                  003f5790    0000002a                       : l_div28.asm.obj (.text)
                  003f57ba    00000029                       : exit.c.obj (.text)
                  003f57e3    00000028     F2806x_PieCtrl.obj (.text)
                  003f580b    00000024     rts2800_fpu32.lib : cpy_tbl.c.obj (.text)
                  003f582f    00000024                       : s_copysign.c.obj (.text)
                  003f5853    00000021                       : fd_toi28.asm.obj (.text)
                  003f5874    0000001f                       : fd_tol28.asm.obj (.text)
                  003f5893    0000001e                       : ll_cmp28.asm.obj (.text)
                  003f58b1    0000001d                       : i_tofd28.asm.obj (.text)
                  003f58ce    0000001d                       : memcpy.c.obj (.text)
                  003f58eb    0000001c                       : fs_tofdfpu32.asm.obj (.text)
                  003f5907    0000001c                       : l_tofd28.asm.obj (.text)
                  003f5923    0000001b     F2806x_Gpio.obj (.text)
                  003f593e    00000018     rts2800_fpu32.lib : ll_aox28.asm.obj (.text)
                  003f5956    00000013     Ex_8_1_interrupts.obj (.text)
                  003f5969    00000012     rts2800_fpu32.lib : args_main.c.obj (.text)
                  003f597b    00000011     F2806x_PieVect.obj (.text)
                  003f598c    00000010     rts2800_fpu32.lib : memccpy.c.obj (.text)
                  003f599c    0000000e                       : fd_sub28.asm.obj (.text)
                  003f59aa    0000000c                       : strchr.c.obj (.text)
                  003f59b6    0000000a                       : strcmp.c.obj (.text)
                  003f59c0    00000009                       : _lock.c.obj (.text)
                  003f59c9    00000009                       : fd_neg28.asm.obj (.text)
                  003f59d2    00000009                       : wcslen.c.obj (.text)
                  003f59db    00000008     F2806x_CodeStartBranch.obj (.text)
                  003f59e3    00000008     rts2800_fpu32.lib : strlen.c.obj (.text)
                  003f59eb    00000007                       : memset.c.obj (.text)
                  003f59f2    00000005                       : strcpy.c.obj (.text)
                  003f59f7    00000002                       : pre_init.c.obj (.text)
                  003f59f9    00000001                       : startup.c.obj (.text)

codestart 
*          0    003f7ff6    00000002     
                  003f7ff6    00000002     F2806x_CodeStartBranch.obj (codestart)

.stack     1    00000050    00000300     UNINITIALIZED
                  00000050    00000300     --HOLE--

.ebss      1    0000c000    00000272     UNINITIALIZED
                  0000c000    000001f4     Ex_8_1_interrupts.obj (.ebss:_sciaCmdIn)
                  0000c1f4    00000006     rts2800_fpu32.lib : exit.c.obj (.ebss)
                  0000c1fa    00000002     Ex_8_1.obj (.ebss)
                  0000c1fc    00000002     Ex_8_1_interrupts.obj (.ebss)
                  0000c1fe    00000002     rts2800_fpu32.lib : _lock.c.obj (.ebss:__lock)
                  0000c200    00000032     Ex_8_1_interrupts.obj (.ebss:_cmdStr)
                  0000c232    00000002     rts2800_fpu32.lib : _lock.c.obj (.ebss:__unlock)
                  0000c234    00000001                       : errno.c.obj (.ebss)
                  0000c235    0000000b     --HOLE--
                  0000c240    00000032     Ex_8_1_command.obj (.ebss:_tmpStr)

.econst    0    003f59fa    000002d8     
                  003f59fa    00000101     rts2800_fpu32.lib : ctype.c.obj (.econst:.string:__ctypes_)
                  003f5afb    00000001     --HOLE-- [fill = 0]
                  003f5afc    00000100     F2806x_PieVect.obj (.econst:_PieVectTableInit)
                  003f5bfc    00000041     Ex_8_1_command.obj (.econst:.string)
                  003f5c3d    00000001     --HOLE-- [fill = 0]
                  003f5c3e    0000002d     Ex_8_1.obj (.econst:.string)
                  003f5c6b    00000001     --HOLE-- [fill = 0]
                  003f5c6c    00000026     rts2800_fpu32.lib : _printfi.c.obj (.econst:.string)
                  003f5c92    0000001c                       : _printfi.c.obj (.econst)
                  003f5cae    0000001c                       : s_scalbn.c.obj (.econst)
                  003f5cca    00000008                       : s_frexp.c.obj (.econst)

.reset     0    003fffc0    00000002     DSECT
                  003fffc0    00000002     rts2800_fpu32.lib : boot28.asm.obj (.reset)

vectors    0    003fffc2    00000000     DSECT

DevEmuRegsFile 
*          1    00000880    00000004     UNINITIALIZED
                  00000880    00000004     F2806x_GlobalVariableDefs.obj (DevEmuRegsFile)

SysPwrCtrlRegsFile 
*          1    00000985    00000003     UNINITIALIZED
                  00000985    00000003     F2806x_GlobalVariableDefs.obj (SysPwrCtrlRegsFile)

FlashRegsFile 
*          1    00000a80    00000008     UNINITIALIZED
                  00000a80    00000008     F2806x_GlobalVariableDefs.obj (FlashRegsFile)

CsmRegsFile 
*          1    00000ae0    00000010     UNINITIALIZED
                  00000ae0    00000010     F2806x_GlobalVariableDefs.obj (CsmRegsFile)

AdcResultFile 
*          1    00000b00    00000010     UNINITIALIZED
                  00000b00    00000010     F2806x_GlobalVariableDefs.obj (AdcResultFile)

CpuTimer0RegsFile 
*          1    00000c00    00000008     UNINITIALIZED
                  00000c00    00000008     F2806x_GlobalVariableDefs.obj (CpuTimer0RegsFile)

CpuTimer1RegsFile 
*          1    00000c08    00000008     UNINITIALIZED
                  00000c08    00000008     F2806x_GlobalVariableDefs.obj (CpuTimer1RegsFile)

CpuTimer2RegsFile 
*          1    00000c10    00000008     UNINITIALIZED
                  00000c10    00000008     F2806x_GlobalVariableDefs.obj (CpuTimer2RegsFile)

PieCtrlRegsFile 
*          1    00000ce0    0000001a     UNINITIALIZED
                  00000ce0    0000001a     F2806x_GlobalVariableDefs.obj (PieCtrlRegsFile)

PieVectTableFile 
*          1    00000d00    00000100     UNINITIALIZED
                  00000d00    00000100     F2806x_GlobalVariableDefs.obj (PieVectTableFile)

EmuKeyVar 
*          1    00000d00    00000001     UNINITIALIZED
                  00000d00    00000001     F2806x_GlobalVariableDefs.obj (EmuKeyVar)

EmuBModeVar 
*          1    00000d01    00000001     UNINITIALIZED
                  00000d01    00000001     F2806x_GlobalVariableDefs.obj (EmuBModeVar)

FlashCallbackVar 
*          1    00000d02    00000002     UNINITIALIZED
                  00000d02    00000002     F2806x_GlobalVariableDefs.obj (FlashCallbackVar)

FlashScalingVar 
*          1    00000d04    00000002     UNINITIALIZED
                  00000d04    00000002     F2806x_GlobalVariableDefs.obj (FlashScalingVar)

DmaRegsFile 
*          1    00001000    000000e0     UNINITIALIZED
                  00001000    000000e0     F2806x_GlobalVariableDefs.obj (DmaRegsFile)

Cla1RegsFile 
*          1    00001400    00000040     UNINITIALIZED
                  00001400    00000040     F2806x_GlobalVariableDefs.obj (Cla1RegsFile)

Usb0RegsFile 
*          1    00004000    00000454     UNINITIALIZED
                  00004000    00000454     F2806x_GlobalVariableDefs.obj (Usb0RegsFile)

McbspaRegsFile 
*          1    00005000    00000024     UNINITIALIZED
                  00005000    00000024     F2806x_GlobalVariableDefs.obj (McbspaRegsFile)

ECanaRegsFile 
*          1    00006000    00000034     UNINITIALIZED
                  00006000    00000034     F2806x_GlobalVariableDefs.obj (ECanaRegsFile)

ECanaLAMRegsFile 
*          1    00006040    00000040     UNINITIALIZED
                  00006040    00000040     F2806x_GlobalVariableDefs.obj (ECanaLAMRegsFile)

ECanaMOTSRegsFile 
*          1    00006080    00000040     UNINITIALIZED
                  00006080    00000040     F2806x_GlobalVariableDefs.obj (ECanaMOTSRegsFile)

ECanaMOTORegsFile 
*          1    000060c0    00000040     UNINITIALIZED
                  000060c0    00000040     F2806x_GlobalVariableDefs.obj (ECanaMOTORegsFile)

ECanaMboxesFile 
*          1    00006100    00000100     UNINITIALIZED
                  00006100    00000100     F2806x_GlobalVariableDefs.obj (ECanaMboxesFile)

Comp1RegsFile 
*          1    00006400    00000014     UNINITIALIZED
                  00006400    00000014     F2806x_GlobalVariableDefs.obj (Comp1RegsFile)

Comp2RegsFile 
*          1    00006420    00000014     UNINITIALIZED
                  00006420    00000014     F2806x_GlobalVariableDefs.obj (Comp2RegsFile)

Comp3RegsFile 
*          1    00006440    00000014     UNINITIALIZED
                  00006440    00000014     F2806x_GlobalVariableDefs.obj (Comp3RegsFile)

EPwm1RegsFile 
*          1    00006800    00000040     UNINITIALIZED
                  00006800    00000040     F2806x_GlobalVariableDefs.obj (EPwm1RegsFile)

EPwm2RegsFile 
*          1    00006840    00000040     UNINITIALIZED
                  00006840    00000040     F2806x_GlobalVariableDefs.obj (EPwm2RegsFile)

EPwm3RegsFile 
*          1    00006880    00000040     UNINITIALIZED
                  00006880    00000040     F2806x_GlobalVariableDefs.obj (EPwm3RegsFile)

EPwm4RegsFile 
*          1    000068c0    00000040     UNINITIALIZED
                  000068c0    00000040     F2806x_GlobalVariableDefs.obj (EPwm4RegsFile)

EPwm5RegsFile 
*          1    00006900    00000040     UNINITIALIZED
                  00006900    00000040     F2806x_GlobalVariableDefs.obj (EPwm5RegsFile)

EPwm6RegsFile 
*          1    00006940    00000040     UNINITIALIZED
                  00006940    00000040     F2806x_GlobalVariableDefs.obj (EPwm6RegsFile)

EPwm7RegsFile 
*          1    00006980    00000040     UNINITIALIZED
                  00006980    00000040     F2806x_GlobalVariableDefs.obj (EPwm7RegsFile)

EPwm8RegsFile 
*          1    000069c0    00000040     UNINITIALIZED
                  000069c0    00000040     F2806x_GlobalVariableDefs.obj (EPwm8RegsFile)

ECap1RegsFile 
*          1    00006a00    00000020     UNINITIALIZED
                  00006a00    00000020     F2806x_GlobalVariableDefs.obj (ECap1RegsFile)

ECap2RegsFile 
*          1    00006a20    00000020     UNINITIALIZED
                  00006a20    00000020     F2806x_GlobalVariableDefs.obj (ECap2RegsFile)

ECap3RegsFile 
*          1    00006a40    00000020     UNINITIALIZED
                  00006a40    00000020     F2806x_GlobalVariableDefs.obj (ECap3RegsFile)

HRCap1RegsFile 
*          1    00006ac0    00000020     UNINITIALIZED
                  00006ac0    00000020     F2806x_GlobalVariableDefs.obj (HRCap1RegsFile)

HRCap2RegsFile 
*          1    00006ae0    00000020     UNINITIALIZED
                  00006ae0    00000020     F2806x_GlobalVariableDefs.obj (HRCap2RegsFile)

EQep1RegsFile 
*          1    00006b00    00000022     UNINITIALIZED
                  00006b00    00000022     F2806x_GlobalVariableDefs.obj (EQep1RegsFile)

EQep2RegsFile 
*          1    00006b40    00000022     UNINITIALIZED
                  00006b40    00000022     F2806x_GlobalVariableDefs.obj (EQep2RegsFile)

HRCap3RegsFile 
*          1    00006c80    00000020     UNINITIALIZED
                  00006c80    00000020     F2806x_GlobalVariableDefs.obj (HRCap3RegsFile)

HRCap4RegsFile 
*          1    00006ca0    00000020     UNINITIALIZED
                  00006ca0    00000020     F2806x_GlobalVariableDefs.obj (HRCap4RegsFile)

GpioCtrlRegsFile 
*          1    00006f80    00000040     UNINITIALIZED
                  00006f80    00000040     F2806x_GlobalVariableDefs.obj (GpioCtrlRegsFile)

GpioDataRegsFile 
*          1    00006fc0    00000020     UNINITIALIZED
                  00006fc0    00000020     F2806x_GlobalVariableDefs.obj (GpioDataRegsFile)

GpioIntRegsFile 
*          1    00006fe0    00000020     UNINITIALIZED
                  00006fe0    00000020     F2806x_GlobalVariableDefs.obj (GpioIntRegsFile)

SysCtrlRegsFile 
*          1    00007010    00000030     UNINITIALIZED
                  00007010    00000030     F2806x_GlobalVariableDefs.obj (SysCtrlRegsFile)

SpiaRegsFile 
*          1    00007040    00000010     UNINITIALIZED
                  00007040    00000010     F2806x_GlobalVariableDefs.obj (SpiaRegsFile)

SciaRegsFile 
*          1    00007050    00000010     UNINITIALIZED
                  00007050    00000010     F2806x_GlobalVariableDefs.obj (SciaRegsFile)

NmiIntruptRegsFile 
*          1    00007060    00000010     UNINITIALIZED
                  00007060    00000010     F2806x_GlobalVariableDefs.obj (NmiIntruptRegsFile)

XIntruptRegsFile 
*          1    00007070    00000010     UNINITIALIZED
                  00007070    00000010     F2806x_GlobalVariableDefs.obj (XIntruptRegsFile)

AdcRegsFile 
*          1    00007100    00000050     UNINITIALIZED
                  00007100    00000050     F2806x_GlobalVariableDefs.obj (AdcRegsFile)

SpibRegsFile 
*          1    00007740    00000010     UNINITIALIZED
                  00007740    00000010     F2806x_GlobalVariableDefs.obj (SpibRegsFile)

ScibRegsFile 
*          1    00007750    00000010     UNINITIALIZED
                  00007750    00000010     F2806x_GlobalVariableDefs.obj (ScibRegsFile)

I2caRegsFile 
*          1    00007900    00000022     UNINITIALIZED
                  00007900    00000022     F2806x_GlobalVariableDefs.obj (I2caRegsFile)

PartIdRegsFile 
*          1    003d7e80    00000001     UNINITIALIZED
                  003d7e80    00000001     F2806x_GlobalVariableDefs.obj (PartIdRegsFile)

CsmPwlFile 
*          1    003f7ff8    00000008     UNINITIALIZED
                  003f7ff8    00000008     F2806x_GlobalVariableDefs.obj (CsmPwlFile)

MODULE SUMMARY

       Module                          code   initialized data   uninitialized data
       ------                          ----   ----------------   ------------------
    .\
       F2806x_GlobalVariableDefs.obj   0      0                  3550              
       F2806x_DefaultIsr.obj           923    0                  0                 
       Ex_8_1_interrupts.obj           203    8                  552               
       F2806x_SysCtrl.obj              402    0                  0                 
       F2806x_PieVect.obj              17     256                0                 
       Ex_8_1_command.obj              154    65                 50                
       Ex_8_1.obj                      111    50                 2                 
       Ex_8_1_sci.obj                  54     0                  0                 
       Ex_8_1_gpio.obj                 50     0                  0                 
       F2806x_PieCtrl.obj              40     0                  0                 
       F2806x_Gpio.obj                 27     0                  0                 
       F2806x_CodeStartBranch.obj      10     0                  0                 
       F2806x_usDelay.obj              8      0                  0                 
    +--+-------------------------------+------+------------------+--------------------+
       Total:                          1999   379                4154              
                                                                                   
    C:\ti\ccs1230\ccs\tools\compiler\ti-cgt-c2000_22.6.0.LTS\lib\rts2800_fpu32.lib
       _printfi.c.obj                  3269   66                 0                 
       ll_div28.asm.obj                263    0                  0                 
       ctype.c.obj                     0      257                0                 
       s_scalbn.c.obj                  169    28                 0                 
       fd_add28.asm.obj                156    0                  0                 
       fd_div28.asm.obj                139    0                  0                 
       fd_mpy28.asm.obj                131    0                  0                 
       s_frexp.c.obj                   90     8                  0                 
       boot28.asm.obj                  86     0                  0                 
       exit.c.obj                      41     14                 6                 
       sprintf.c.obj                   50     0                  0                 
       atoi.c.obj                      49     0                  0                 
       _ltoa.c.obj                     48     0                  0                 
       fd_cmp28.asm.obj                42     0                  0                 
       l_div28.asm.obj                 42     0                  0                 
       cpy_tbl.c.obj                   36     0                  0                 
       s_copysign.c.obj                36     0                  0                 
       fd_toi28.asm.obj                33     0                  0                 
       fd_tol28.asm.obj                31     0                  0                 
       ll_cmp28.asm.obj                30     0                  0                 
       i_tofd28.asm.obj                29     0                  0                 
       memcpy.c.obj                    29     0                  0                 
       fs_tofdfpu32.asm.obj            28     0                  0                 
       l_tofd28.asm.obj                28     0                  0                 
       ll_aox28.asm.obj                24     0                  0                 
       _lock.c.obj                     9      10                 4                 
       args_main.c.obj                 18     0                  0                 
       memccpy.c.obj                   16     0                  0                 
       fd_sub28.asm.obj                14     0                  0                 
       strchr.c.obj                    12     0                  0                 
       strcmp.c.obj                    10     0                  0                 
       fd_neg28.asm.obj                9      0                  0                 
       wcslen.c.obj                    9      0                  0                 
       strlen.c.obj                    8      0                  0                 
       memset.c.obj                    7      0                  0                 
       errno.c.obj                     0      4                  1                 
       strcpy.c.obj                    5      0                  0                 
       pre_init.c.obj                  2      0                  0                 
       startup.c.obj                   1      0                  0                 
    +--+-------------------------------+------+------------------+--------------------+
       Total:                          4999   387                11                
                                                                                   
       Stack:                          0      0                  768               
    +--+-------------------------------+------+------------------+--------------------+
       Grand Total:                    6998   766                4933              


GLOBAL DATA SYMBOLS: SORTED BY DATA PAGE

address     data page           name
--------    ----------------    ----
00000050       1 (00000040)     __stack

00000880      22 (00000880)     _DevEmuRegs

00000985      26 (00000980)     _SysPwrCtrlRegs

00000a80      2a (00000a80)     _FlashRegs

00000ae0      2b (00000ac0)     _CsmRegs

00000b00      2c (00000b00)     _AdcResult

00000c00      30 (00000c00)     _CpuTimer0Regs
00000c08      30 (00000c00)     _CpuTimer1Regs
00000c10      30 (00000c00)     _CpuTimer2Regs

00000ce0      33 (00000cc0)     _PieCtrlRegs

00000d00      34 (00000d00)     _EmuKey
00000d00      34 (00000d00)     _PieVectTable
00000d01      34 (00000d00)     _EmuBMode
00000d02      34 (00000d00)     _Flash_CallbackPtr
00000d04      34 (00000d00)     _Flash_CPUScaleFactor

00001000      40 (00001000)     _DmaRegs

00001400      50 (00001400)     _Cla1Regs

00004000     100 (00004000)     _Usb0Regs

00005000     140 (00005000)     _McbspaRegs

00006000     180 (00006000)     _ECanaRegs

00006040     181 (00006040)     _ECanaLAMRegs

00006080     182 (00006080)     _ECanaMOTSRegs

000060c0     183 (000060c0)     _ECanaMOTORegs

00006100     184 (00006100)     _ECanaMboxes

00006400     190 (00006400)     _Comp1Regs
00006420     190 (00006400)     _Comp2Regs

00006440     191 (00006440)     _Comp3Regs

00006800     1a0 (00006800)     _EPwm1Regs

00006840     1a1 (00006840)     _EPwm2Regs

00006880     1a2 (00006880)     _EPwm3Regs

000068c0     1a3 (000068c0)     _EPwm4Regs

00006900     1a4 (00006900)     _EPwm5Regs

00006940     1a5 (00006940)     _EPwm6Regs

00006980     1a6 (00006980)     _EPwm7Regs

000069c0     1a7 (000069c0)     _EPwm8Regs

00006a00     1a8 (00006a00)     _ECap1Regs
00006a20     1a8 (00006a00)     _ECap2Regs

00006a40     1a9 (00006a40)     _ECap3Regs

00006ac0     1ab (00006ac0)     _HRCap1Regs
00006ae0     1ab (00006ac0)     _HRCap2Regs

00006b00     1ac (00006b00)     _EQep1Regs

00006b40     1ad (00006b40)     _EQep2Regs

00006c80     1b2 (00006c80)     _HRCap3Regs
00006ca0     1b2 (00006c80)     _HRCap4Regs

00006f80     1be (00006f80)     _GpioCtrlRegs

00006fc0     1bf (00006fc0)     _GpioDataRegs
00006fe0     1bf (00006fc0)     _GpioIntRegs

00007010     1c0 (00007000)     _SysCtrlRegs

00007040     1c1 (00007040)     _SpiaRegs
00007050     1c1 (00007040)     _SciaRegs
00007060     1c1 (00007040)     _NmiIntruptRegs
00007070     1c1 (00007040)     _XIntruptRegs

00007100     1c4 (00007100)     _AdcRegs

00007740     1dd (00007740)     _SpibRegs
00007750     1dd (00007740)     _ScibRegs

00007900     1e4 (00007900)     _I2caRegs

0000c000     300 (0000c000)     _sciaCmdIn

0000c1f4     307 (0000c1c0)     ___TI_enable_exit_profile_output
0000c1f6     307 (0000c1c0)     ___TI_cleanup_ptr
0000c1f8     307 (0000c1c0)     ___TI_dtors_ptr
0000c1fa     307 (0000c1c0)     _loopCnt
0000c1fc     307 (0000c1c0)     _cmdInCnt
0000c1fd     307 (0000c1c0)     _cmdEnteredFlag
0000c1fe     307 (0000c1c0)     __lock

0000c200     308 (0000c200)     _cmdStr
0000c232     308 (0000c200)     __unlock
0000c234     308 (0000c200)     _errno

0000c240     309 (0000c240)     _tmpStr

003d7e80    f5fa (003d7e80)     _PartIdRegs

003f59fa    fd67 (003f59c0)     __ctypes_

003f5afc    fd6b (003f5ac0)     _PieVectTableInit

003f7ff8    fdff (003f7fc0)     _CsmPwl


GLOBAL SYMBOLS: SORTED ALPHABETICALLY BY Name 

page  address   name                            
----  -------   ----                            
0     003f4000  .text                           
0     003f57ba  C$$EXIT                         
0     003f53a2  FD$$ADD                         
0     003f5766  FD$$CMP                         
0     003f543e  FD$$DIV                         
0     003f54c9  FD$$MPY                         
0     003f59c9  FD$$NEG                         
0     003f599c  FD$$SUB                         
0     003f5853  FD$$TOI                         
0     003f5874  FD$$TOL                         
0     003f58eb  FS$$TOFD                        
0     003f58b1  I$$TOFD                         
0     003f5790  L$$DIV                          
0     003f579f  L$$MOD                          
0     003f5907  L$$TOFD                         
0     003f593e  LL$$AND                         
0     003f5893  LL$$CMP                         
0     003f51f2  LL$$DIV                         
0     003f522e  LL$$MOD                         
0     003f5946  LL$$OR                          
0     003f594e  LL$$XOR                         
0     003f57ad  UL$$DIV                         
0     003f57b4  UL$$MOD                         
0     003f58a5  ULL$$CMP                        
0     003f5268  ULL$$DIV                        
0     003f5297  ULL$$MOD                        
0     003f5056  _ADCINT1_ISR                    
0     003f504c  _ADCINT2_ISR                    
0     003f5042  _ADCINT3_ISR                    
0     003f5038  _ADCINT4_ISR                    
0     003f502e  _ADCINT5_ISR                    
0     003f5024  _ADCINT6_ISR                    
0     003f501a  _ADCINT7_ISR                    
0     003f5010  _ADCINT8_ISR                    
0     003f5006  _ADCINT9_ISR                    
1     00007100  _AdcRegs                        
1     00000b00  _AdcResult                      
0     003f4ffc  _CLA1_INT1_ISR                  
0     003f4ff2  _CLA1_INT2_ISR                  
0     003f4fe8  _CLA1_INT3_ISR                  
0     003f4fde  _CLA1_INT4_ISR                  
0     003f4fd4  _CLA1_INT5_ISR                  
0     003f4fca  _CLA1_INT6_ISR                  
0     003f4fc0  _CLA1_INT7_ISR                  
0     003f4fb6  _CLA1_INT8_ISR                  
1     00001400  _Cla1Regs                       
1     00006400  _Comp1Regs                      
1     00006420  _Comp2Regs                      
1     00006440  _Comp3Regs                      
1     00000c00  _CpuTimer0Regs                  
1     00000c08  _CpuTimer1Regs                  
1     00000c10  _CpuTimer2Regs                  
1     003f7ff8  _CsmPwl                         
1     00000ae0  _CsmRegs                        
0     003f51c4  _CsmUnlock                      
0     003f4fac  _DATALOG_ISR                    
0     003f4fa2  _DINTCH1_ISR                    
0     003f4f98  _DINTCH2_ISR                    
0     003f4f8e  _DINTCH3_ISR                    
0     003f4f84  _DINTCH4_ISR                    
0     003f4f7a  _DINTCH5_ISR                    
0     003f4f70  _DINTCH6_ISR                    
0     000080a9  _DSP28x_usDelay                 
1     00000880  _DevEmuRegs                     
0     003f50af  _DisableDog                     
1     00001000  _DmaRegs                        
0     003f4f66  _ECAN0INTA_ISR                  
0     003f4f5c  _ECAN1INTA_ISR                  
0     003f4f52  _ECAP1_INT_ISR                  
0     003f4f48  _ECAP2_INT_ISR                  
0     003f4f3e  _ECAP3_INT_ISR                  
1     00006040  _ECanaLAMRegs                   
1     000060c0  _ECanaMOTORegs                  
1     00006080  _ECanaMOTSRegs                  
1     00006100  _ECanaMboxes                    
1     00006000  _ECanaRegs                      
1     00006a00  _ECap1Regs                      
1     00006a20  _ECap2Regs                      
1     00006a40  _ECap3Regs                      
0     003f4f31  _EMPTY_ISR                      
0     003f4f27  _EMUINT_ISR                     
0     003f4f1d  _EPWM1_INT_ISR                  
0     003f4f13  _EPWM1_TZINT_ISR                
0     003f4f09  _EPWM2_INT_ISR                  
0     003f4eff  _EPWM2_TZINT_ISR                
0     003f4ef5  _EPWM3_INT_ISR                  
0     003f4eeb  _EPWM3_TZINT_ISR                
0     003f4ee1  _EPWM4_INT_ISR                  
0     003f4ed7  _EPWM4_TZINT_ISR                
0     003f4ecd  _EPWM5_INT_ISR                  
0     003f4ec3  _EPWM5_TZINT_ISR                
0     003f4eb9  _EPWM6_INT_ISR                  
0     003f4eaf  _EPWM6_TZINT_ISR                
0     003f4ea5  _EPWM7_INT_ISR                  
0     003f4e9b  _EPWM7_TZINT_ISR                
0     003f4e91  _EPWM8_INT_ISR                  
0     003f4e87  _EPWM8_TZINT_ISR                
1     00006800  _EPwm1Regs                      
1     00006840  _EPwm2Regs                      
1     00006880  _EPwm3Regs                      
1     000068c0  _EPwm4Regs                      
1     00006900  _EPwm5Regs                      
1     00006940  _EPwm6Regs                      
1     00006980  _EPwm7Regs                      
1     000069c0  _EPwm8Regs                      
0     003f4e7d  _EQEP1_INT_ISR                  
0     003f4e73  _EQEP2_INT_ISR                  
1     00006b00  _EQep1Regs                      
1     00006b40  _EQep2Regs                      
1     00000d01  _EmuBMode                       
1     00000d00  _EmuKey                         
0     003f5802  _EnableInterrupts               
0     003f51ac  _ExtOscSel                      
1     00000a80  _FlashRegs                      
1     00000d04  _Flash_CPUScaleFactor           
1     00000d02  _Flash_CallbackPtr              
1     00006f80  _GpioCtrlRegs                   
1     00006fc0  _GpioDataRegs                   
1     00006fe0  _GpioIntRegs                    
0     003f4e69  _HRCAP1_INT_ISR                 
0     003f4e5f  _HRCAP2_INT_ISR                 
0     003f4e55  _HRCAP3_INT_ISR                 
0     003f4e4b  _HRCAP4_INT_ISR                 
1     00006ac0  _HRCap1Regs                     
1     00006ae0  _HRCap2Regs                     
1     00006c80  _HRCap3Regs                     
1     00006ca0  _HRCap4Regs                     
0     003f4e41  _I2CINT1A_ISR                   
0     003f4e37  _I2CINT2A_ISR                   
1     00007900  _I2caRegs                       
0     003f4e2d  _ILLEGAL_ISR                    
0     003f4e23  _INT13_ISR                      
0     003f4e19  _INT14_ISR                      
0     00008000  _ISRSciaReceive                 
0     003f56a1  _InitGPIO_Ex_8_1                
0     003f5923  _InitGpio                       
0     003f5956  _InitInterrupts_Ex_8_1          
0     003f5108  _InitPeripheralClocks           
0     003f57e3  _InitPieCtrl                    
0     003f597b  _InitPieVectTable               
0     003f50b7  _InitPll                        
0     003f517f  _InitPll2                       
0     003f5680  _InitScia                       
0     003f5167  _InitSysCtrl                    
0     003f509f  _IntOsc1Sel                     
0     003f5085  _IntOsc2Sel                     
0     003f4e0f  _LUF_ISR                        
0     003f4e05  _LVF_ISR                        
0     003f4dfb  _MRINTA_ISR                     
0     003f4df1  _MXINTA_ISR                     
1     00005000  _McbspaRegs                     
0     003f4de7  _NMI_ISR                        
1     00007060  _NmiIntruptRegs                 
0     003f4ddd  _PIE_RESERVED                   
1     003d7e80  _PartIdRegs                     
1     00000ce0  _PieCtrlRegs                    
1     00000d00  _PieVectTable                   
0     003f5afc  _PieVectTableInit               
0     003f4dd3  _RTOSINT_ISR                    
0     003e80ad  _RamfuncsLoadEnd                
abs   000000ad  _RamfuncsLoadSize               
0     003e8000  _RamfuncsLoadStart              
0     00008000  _RamfuncsRunStart               
0     003f4dc9  _SCIRXINTA_ISR                  
0     003f4dbf  _SCIRXINTB_ISR                  
0     003f4db5  _SCITXINTA_ISR                  
0     003f4dab  _SCITXINTB_ISR                  
0     003f4da1  _SPIRXINTA_ISR                  
0     003f4d97  _SPIRXINTB_ISR                  
0     003f4d8d  _SPITXINTA_ISR                  
0     003f4d83  _SPITXINTB_ISR                  
1     00007050  _SciaRegs                       
1     00007750  _ScibRegs                       
0     003f507b  _ServiceDog                     
1     00007040  _SpiaRegs                       
1     00007740  _SpibRegs                       
1     00007010  _SysCtrlRegs                    
1     00000985  _SysPwrCtrlRegs                 
0     003f4d79  _TINT0_ISR                      
0     003f4d6f  _USB0_INT_ISR                   
0     003f4d65  _USER10_ISR                     
0     003f4d5b  _USER11_ISR                     
0     003f4d51  _USER12_ISR                     
0     003f4d47  _USER1_ISR                      
0     003f4d3d  _USER2_ISR                      
0     003f4d33  _USER3_ISR                      
0     003f4d29  _USER4_ISR                      
0     003f4d1f  _USER5_ISR                      
0     003f4d15  _USER6_ISR                      
0     003f4d0b  _USER7_ISR                      
0     003f4d01  _USER8_ISR                      
0     003f4cf7  _USER9_ISR                      
1     00004000  _Usb0Regs                       
0     003f4ced  _WAKEINT_ISR                    
0     003f4ce3  _XINT1_ISR                      
0     003f4cd9  _XINT2_ISR                      
0     003f4ccf  _XINT3_ISR                      
1     00007070  _XIntruptRegs                   
0     003f5060  _XtalOscSel                     
1     00000350  __STACK_END                     
abs   00000300  __STACK_SIZE                    
1     0000c1f6  ___TI_cleanup_ptr               
1     0000c1f8  ___TI_dtors_ptr                 
1     0000c1f4  ___TI_enable_exit_profile_output
0     003f5736  ___TI_ltoa                      
abs   ffffffff  ___TI_pprof_out_hndl            
0     003f4b40  ___TI_printfi                   
abs   ffffffff  ___TI_prof_data_size            
abs   ffffffff  ___TI_prof_data_start           
abs   ffffffff  ___binit__                      
abs   ffffffff  ___c_args__                     
0     003f5cd2  ___cinit__                      
0     003f59fa  ___etext__                      
abs   ffffffff  ___pinit__                      
0     003f4000  ___text__                       
0     003f5969  __args_main                     
0     003f59fa  __ctypes_                       
1     0000c1fe  __lock                          
0     003f59c8  __nop                           
0     003f59c4  __register_lock                 
0     003f59c0  __register_unlock               
1     00000050  __stack                         
0     003f59f9  __system_post_cinit             
0     003f59f7  __system_pre_init               
1     0000c232  __unlock                        
0     003f57ba  _abort                          
0     003f5705  _atoi                           
0     003f5615  _c_int00                        
1     0000c1fd  _cmdEnteredFlag                 
1     0000c1fc  _cmdInCnt                       
1     0000c200  _cmdStr                         
0     003f580b  _copy_in                        
0     003f582f  _copysignl                      
1     0000c234  _errno                          
0     003f57bc  _exit                           
0     003f55bb  _frexpl                         
0     0000806f  _func1                          
0     0000805c  _func2                          
0     003f52f9  _ldexpl                         
1     0000c1fa  _loopCnt                        
0     003f554c  _main                           
0     003f598c  _memccpy                        
0     003f58ce  _memcpy                         
0     003f59eb  _memset                         
0     00008082  _processCommand                 
0     003f4cc5  _rsvd_ISR                       
0     003f52f9  _scalbnl                        
1     0000c000  _sciaCmdIn                      
0     003f566b  _sciaPutChar                    
0     003f5679  _sciaPutString                  
0     003f56d3  _sprintf                        
0     003f59aa  _strchr                         
0     003f59b6  _strcmp                         
0     003f59f2  _strcpy                         
0     003f59e3  _strlen                         
1     0000c240  _tmpStr                         
0     003f59d2  _wcslen                         
abs   ffffffff  binit                           
0     003f5cd2  cinit                           
0     003f7ff6  code_start                      
0     003f59fa  etext                           
abs   ffffffff  pinit                           


GLOBAL SYMBOLS: SORTED BY Symbol Address 

page  address   name                            
----  -------   ----                            
0     00008000  _ISRSciaReceive                 
0     00008000  _RamfuncsRunStart               
0     0000805c  _func2                          
0     0000806f  _func1                          
0     00008082  _processCommand                 
0     000080a9  _DSP28x_usDelay                 
0     003e8000  _RamfuncsLoadStart              
0     003e80ad  _RamfuncsLoadEnd                
0     003f4000  .text                           
0     003f4000  ___text__                       
0     003f4b40  ___TI_printfi                   
0     003f4cc5  _rsvd_ISR                       
0     003f4ccf  _XINT3_ISR                      
0     003f4cd9  _XINT2_ISR                      
0     003f4ce3  _XINT1_ISR                      
0     003f4ced  _WAKEINT_ISR                    
0     003f4cf7  _USER9_ISR                      
0     003f4d01  _USER8_ISR                      
0     003f4d0b  _USER7_ISR                      
0     003f4d15  _USER6_ISR                      
0     003f4d1f  _USER5_ISR                      
0     003f4d29  _USER4_ISR                      
0     003f4d33  _USER3_ISR                      
0     003f4d3d  _USER2_ISR                      
0     003f4d47  _USER1_ISR                      
0     003f4d51  _USER12_ISR                     
0     003f4d5b  _USER11_ISR                     
0     003f4d65  _USER10_ISR                     
0     003f4d6f  _USB0_INT_ISR                   
0     003f4d79  _TINT0_ISR                      
0     003f4d83  _SPITXINTB_ISR                  
0     003f4d8d  _SPITXINTA_ISR                  
0     003f4d97  _SPIRXINTB_ISR                  
0     003f4da1  _SPIRXINTA_ISR                  
0     003f4dab  _SCITXINTB_ISR                  
0     003f4db5  _SCITXINTA_ISR                  
0     003f4dbf  _SCIRXINTB_ISR                  
0     003f4dc9  _SCIRXINTA_ISR                  
0     003f4dd3  _RTOSINT_ISR                    
0     003f4ddd  _PIE_RESERVED                   
0     003f4de7  _NMI_ISR                        
0     003f4df1  _MXINTA_ISR                     
0     003f4dfb  _MRINTA_ISR                     
0     003f4e05  _LVF_ISR                        
0     003f4e0f  _LUF_ISR                        
0     003f4e19  _INT14_ISR                      
0     003f4e23  _INT13_ISR                      
0     003f4e2d  _ILLEGAL_ISR                    
0     003f4e37  _I2CINT2A_ISR                   
0     003f4e41  _I2CINT1A_ISR                   
0     003f4e4b  _HRCAP4_INT_ISR                 
0     003f4e55  _HRCAP3_INT_ISR                 
0     003f4e5f  _HRCAP2_INT_ISR                 
0     003f4e69  _HRCAP1_INT_ISR                 
0     003f4e73  _EQEP2_INT_ISR                  
0     003f4e7d  _EQEP1_INT_ISR                  
0     003f4e87  _EPWM8_TZINT_ISR                
0     003f4e91  _EPWM8_INT_ISR                  
0     003f4e9b  _EPWM7_TZINT_ISR                
0     003f4ea5  _EPWM7_INT_ISR                  
0     003f4eaf  _EPWM6_TZINT_ISR                
0     003f4eb9  _EPWM6_INT_ISR                  
0     003f4ec3  _EPWM5_TZINT_ISR                
0     003f4ecd  _EPWM5_INT_ISR                  
0     003f4ed7  _EPWM4_TZINT_ISR                
0     003f4ee1  _EPWM4_INT_ISR                  
0     003f4eeb  _EPWM3_TZINT_ISR                
0     003f4ef5  _EPWM3_INT_ISR                  
0     003f4eff  _EPWM2_TZINT_ISR                
0     003f4f09  _EPWM2_INT_ISR                  
0     003f4f13  _EPWM1_TZINT_ISR                
0     003f4f1d  _EPWM1_INT_ISR                  
0     003f4f27  _EMUINT_ISR                     
0     003f4f31  _EMPTY_ISR                      
0     003f4f3e  _ECAP3_INT_ISR                  
0     003f4f48  _ECAP2_INT_ISR                  
0     003f4f52  _ECAP1_INT_ISR                  
0     003f4f5c  _ECAN1INTA_ISR                  
0     003f4f66  _ECAN0INTA_ISR                  
0     003f4f70  _DINTCH6_ISR                    
0     003f4f7a  _DINTCH5_ISR                    
0     003f4f84  _DINTCH4_ISR                    
0     003f4f8e  _DINTCH3_ISR                    
0     003f4f98  _DINTCH2_ISR                    
0     003f4fa2  _DINTCH1_ISR                    
0     003f4fac  _DATALOG_ISR                    
0     003f4fb6  _CLA1_INT8_ISR                  
0     003f4fc0  _CLA1_INT7_ISR                  
0     003f4fca  _CLA1_INT6_ISR                  
0     003f4fd4  _CLA1_INT5_ISR                  
0     003f4fde  _CLA1_INT4_ISR                  
0     003f4fe8  _CLA1_INT3_ISR                  
0     003f4ff2  _CLA1_INT2_ISR                  
0     003f4ffc  _CLA1_INT1_ISR                  
0     003f5006  _ADCINT9_ISR                    
0     003f5010  _ADCINT8_ISR                    
0     003f501a  _ADCINT7_ISR                    
0     003f5024  _ADCINT6_ISR                    
0     003f502e  _ADCINT5_ISR                    
0     003f5038  _ADCINT4_ISR                    
0     003f5042  _ADCINT3_ISR                    
0     003f504c  _ADCINT2_ISR                    
0     003f5056  _ADCINT1_ISR                    
0     003f5060  _XtalOscSel                     
0     003f507b  _ServiceDog                     
0     003f5085  _IntOsc2Sel                     
0     003f509f  _IntOsc1Sel                     
0     003f50af  _DisableDog                     
0     003f50b7  _InitPll                        
0     003f5108  _InitPeripheralClocks           
0     003f5167  _InitSysCtrl                    
0     003f517f  _InitPll2                       
0     003f51ac  _ExtOscSel                      
0     003f51c4  _CsmUnlock                      
0     003f51f2  LL$$DIV                         
0     003f522e  LL$$MOD                         
0     003f5268  ULL$$DIV                        
0     003f5297  ULL$$MOD                        
0     003f52f9  _ldexpl                         
0     003f52f9  _scalbnl                        
0     003f53a2  FD$$ADD                         
0     003f543e  FD$$DIV                         
0     003f54c9  FD$$MPY                         
0     003f554c  _main                           
0     003f55bb  _frexpl                         
0     003f5615  _c_int00                        
0     003f566b  _sciaPutChar                    
0     003f5679  _sciaPutString                  
0     003f5680  _InitScia                       
0     003f56a1  _InitGPIO_Ex_8_1                
0     003f56d3  _sprintf                        
0     003f5705  _atoi                           
0     003f5736  ___TI_ltoa                      
0     003f5766  FD$$CMP                         
0     003f5790  L$$DIV                          
0     003f579f  L$$MOD                          
0     003f57ad  UL$$DIV                         
0     003f57b4  UL$$MOD                         
0     003f57ba  C$$EXIT                         
0     003f57ba  _abort                          
0     003f57bc  _exit                           
0     003f57e3  _InitPieCtrl                    
0     003f5802  _EnableInterrupts               
0     003f580b  _copy_in                        
0     003f582f  _copysignl                      
0     003f5853  FD$$TOI                         
0     003f5874  FD$$TOL                         
0     003f5893  LL$$CMP                         
0     003f58a5  ULL$$CMP                        
0     003f58b1  I$$TOFD                         
0     003f58ce  _memcpy                         
0     003f58eb  FS$$TOFD                        
0     003f5907  L$$TOFD                         
0     003f5923  _InitGpio                       
0     003f593e  LL$$AND                         
0     003f5946  LL$$OR                          
0     003f594e  LL$$XOR                         
0     003f5956  _InitInterrupts_Ex_8_1          
0     003f5969  __args_main                     
0     003f597b  _InitPieVectTable               
0     003f598c  _memccpy                        
0     003f599c  FD$$SUB                         
0     003f59aa  _strchr                         
0     003f59b6  _strcmp                         
0     003f59c0  __register_unlock               
0     003f59c4  __register_lock                 
0     003f59c8  __nop                           
0     003f59c9  FD$$NEG                         
0     003f59d2  _wcslen                         
0     003f59e3  _strlen                         
0     003f59eb  _memset                         
0     003f59f2  _strcpy                         
0     003f59f7  __system_pre_init               
0     003f59f9  __system_post_cinit             
0     003f59fa  ___etext__                      
0     003f59fa  __ctypes_                       
0     003f59fa  etext                           
0     003f5afc  _PieVectTableInit               
0     003f5cd2  ___cinit__                      
0     003f5cd2  cinit                           
0     003f7ff6  code_start                      
1     00000050  __stack                         
1     00000350  __STACK_END                     
1     00000880  _DevEmuRegs                     
1     00000985  _SysPwrCtrlRegs                 
1     00000a80  _FlashRegs                      
1     00000ae0  _CsmRegs                        
1     00000b00  _AdcResult                      
1     00000c00  _CpuTimer0Regs                  
1     00000c08  _CpuTimer1Regs                  
1     00000c10  _CpuTimer2Regs                  
1     00000ce0  _PieCtrlRegs                    
1     00000d00  _EmuKey                         
1     00000d00  _PieVectTable                   
1     00000d01  _EmuBMode                       
1     00000d02  _Flash_CallbackPtr              
1     00000d04  _Flash_CPUScaleFactor           
1     00001000  _DmaRegs                        
1     00001400  _Cla1Regs                       
1     00004000  _Usb0Regs                       
1     00005000  _McbspaRegs                     
1     00006000  _ECanaRegs                      
1     00006040  _ECanaLAMRegs                   
1     00006080  _ECanaMOTSRegs                  
1     000060c0  _ECanaMOTORegs                  
1     00006100  _ECanaMboxes                    
1     00006400  _Comp1Regs                      
1     00006420  _Comp2Regs                      
1     00006440  _Comp3Regs                      
1     00006800  _EPwm1Regs                      
1     00006840  _EPwm2Regs                      
1     00006880  _EPwm3Regs                      
1     000068c0  _EPwm4Regs                      
1     00006900  _EPwm5Regs                      
1     00006940  _EPwm6Regs                      
1     00006980  _EPwm7Regs                      
1     000069c0  _EPwm8Regs                      
1     00006a00  _ECap1Regs                      
1     00006a20  _ECap2Regs                      
1     00006a40  _ECap3Regs                      
1     00006ac0  _HRCap1Regs                     
1     00006ae0  _HRCap2Regs                     
1     00006b00  _EQep1Regs                      
1     00006b40  _EQep2Regs                      
1     00006c80  _HRCap3Regs                     
1     00006ca0  _HRCap4Regs                     
1     00006f80  _GpioCtrlRegs                   
1     00006fc0  _GpioDataRegs                   
1     00006fe0  _GpioIntRegs                    
1     00007010  _SysCtrlRegs                    
1     00007040  _SpiaRegs                       
1     00007050  _SciaRegs                       
1     00007060  _NmiIntruptRegs                 
1     00007070  _XIntruptRegs                   
1     00007100  _AdcRegs                        
1     00007740  _SpibRegs                       
1     00007750  _ScibRegs                       
1     00007900  _I2caRegs                       
1     0000c000  _sciaCmdIn                      
1     0000c1f4  ___TI_enable_exit_profile_output
1     0000c1f6  ___TI_cleanup_ptr               
1     0000c1f8  ___TI_dtors_ptr                 
1     0000c1fa  _loopCnt                        
1     0000c1fc  _cmdInCnt                       
1     0000c1fd  _cmdEnteredFlag                 
1     0000c1fe  __lock                          
1     0000c200  _cmdStr                         
1     0000c232  __unlock                        
1     0000c234  _errno                          
1     0000c240  _tmpStr                         
1     003d7e80  _PartIdRegs                     
1     003f7ff8  _CsmPwl                         
abs   000000ad  _RamfuncsLoadSize               
abs   00000300  __STACK_SIZE                    
abs   ffffffff  ___TI_pprof_out_hndl            
abs   ffffffff  ___TI_prof_data_size            
abs   ffffffff  ___TI_prof_data_start           
abs   ffffffff  ___binit__                      
abs   ffffffff  ___c_args__                     
abs   ffffffff  ___pinit__                      
abs   ffffffff  binit                           
abs   ffffffff  pinit                           

[262 symbols]
